Component: ARM Compiler 5.05 update 1 (build 106) Tool: armlink [4d0efa]

==============================================================================

Section Cross References

    startup_stm32f746xx.o(RESET) refers to startup_stm32f746xx.o(STACK) for __initial_sp
    startup_stm32f746xx.o(RESET) refers to startup_stm32f746xx.o(.text) for Reset_Handler
    startup_stm32f746xx.o(RESET) refers to stm32f7xx_it.o(i.NMI_Handler) for NMI_Handler
    startup_stm32f746xx.o(RESET) refers to stm32f7xx_it.o(i.HardFault_Handler) for HardFault_Handler
    startup_stm32f746xx.o(RESET) refers to stm32f7xx_it.o(i.MemManage_Handler) for MemManage_Handler
    startup_stm32f746xx.o(RESET) refers to stm32f7xx_it.o(i.BusFault_Handler) for BusFault_Handler
    startup_stm32f746xx.o(RESET) refers to stm32f7xx_it.o(i.UsageFault_Handler) for UsageFault_Handler
    startup_stm32f746xx.o(RESET) refers to stm32f7xx_it.o(i.SVC_Handler) for SVC_Handler
    startup_stm32f746xx.o(RESET) refers to stm32f7xx_it.o(i.DebugMon_Handler) for DebugMon_Handler
    startup_stm32f746xx.o(RESET) refers to stm32f7xx_it.o(i.PendSV_Handler) for PendSV_Handler
    startup_stm32f746xx.o(RESET) refers to stm32f7xx_it.o(i.SysTick_Handler) for SysTick_Handler
    startup_stm32f746xx.o(RESET) refers to stm32f7xx_it.o(i.EXTI0_IRQHandler) for EXTI0_IRQHandler
    startup_stm32f746xx.o(RESET) refers to stm32f7xx_it.o(i.EXTI2_IRQHandler) for EXTI2_IRQHandler
    startup_stm32f746xx.o(RESET) refers to stm32f7xx_it.o(i.EXTI15_10_IRQHandler) for EXTI15_10_IRQHandler
    startup_stm32f746xx.o(RESET) refers to stm32f7xx_it.o(i.DMA2_Stream0_IRQHandler) for DMA2_Stream0_IRQHandler
    startup_stm32f746xx.o(RESET) refers to stm32f7xx_it.o(i.DMA2_Stream4_IRQHandler) for DMA2_Stream4_IRQHandler
    startup_stm32f746xx.o(RESET) refers to stm32f7xx_it.o(i.DMA2_Stream7_IRQHandler) for DMA2_Stream7_IRQHandler
    startup_stm32f746xx.o(RESET) refers to stm32f7xx_it.o(i.LTDC_IRQHandler) for LTDC_IRQHandler
    startup_stm32f746xx.o(.text) refers to system_stm32f7xx.o(i.SystemInit) for SystemInit
    startup_stm32f746xx.o(.text) refers to entry.o(.ARM.Collect$$$$00000000) for __main
    main.o(i.BSP_AUDIO_IN_Error_CallBack) refers to stm32746g_discovery_lcd.o(i.BSP_LCD_SetBackColor) for BSP_LCD_SetBackColor
    main.o(i.BSP_AUDIO_IN_Error_CallBack) refers to stm32746g_discovery_lcd.o(i.BSP_LCD_GetFont) for BSP_LCD_GetFont
    main.o(i.BSP_AUDIO_IN_Error_CallBack) refers to stm32746g_discovery_lcd.o(i.BSP_LCD_DisplayStringAt) for BSP_LCD_DisplayStringAt
    main.o(i.BSP_AUDIO_IN_Error_CallBack) refers to stm32746g_discovery.o(i.BSP_PB_GetState) for BSP_PB_GetState
    main.o(i.BSP_AUDIO_IN_HalfTransfer_CallBack) refers to main.o(.data) for .data
    main.o(i.BSP_AUDIO_IN_TransferComplete_CallBack) refers to main.o(.data) for .data
    main.o(i.Current_Window_Select) refers to main.o(i.MainWindow_Touch_Detection) for MainWindow_Touch_Detection
    main.o(i.Current_Window_Select) refers to volume.o(i.VolumeWindow_Touch_Detection) for VolumeWindow_Touch_Detection
    main.o(i.Current_Window_Select) refers to reverb.o(i.ReverbWindow_Touch_Detection) for ReverbWindow_Touch_Detection
    main.o(i.Current_Window_Select) refers to overdrive.o(i.OverdriveWindow_Touch_Detection) for OverdriveWindow_Touch_Detection
    main.o(i.Current_Window_Select) refers to delay.o(i.DelayWindow_Touch_Detection) for DelayWindow_Touch_Detection
    main.o(i.Current_Window_Select) refers to flanger.o(i.FlangerWindow_Touch_Detection) for FlangerWindow_Touch_Detection
    main.o(i.Current_Window_Select) refers to chorus.o(i.ChorusWindow_Touch_Detection) for ChorusWindow_Touch_Detection
    main.o(i.Current_Window_Select) refers to tremolo.o(i.TremoloWindow_Touch_Detection) for TremoloWindow_Touch_Detection
    main.o(i.Current_Window_Select) refers to pitch_shifter.o(i.PitchShifterWindow_Touch_Detection) for PitchShifterWindow_Touch_Detection
    main.o(i.Current_Window_Select) refers to main.o(.data) for .data
    main.o(i.Display_MainWindow) refers to stm32746g_discovery_lcd.o(i.BSP_LCD_SetFont) for BSP_LCD_SetFont
    main.o(i.Display_MainWindow) refers to stm32746g_discovery_lcd.o(i.BSP_LCD_Clear) for BSP_LCD_Clear
    main.o(i.Display_MainWindow) refers to stm32746g_discovery_lcd.o(i.BSP_LCD_SetBackColor) for BSP_LCD_SetBackColor
    main.o(i.Display_MainWindow) refers to stm32746g_discovery_lcd.o(i.BSP_LCD_SetTextColor) for BSP_LCD_SetTextColor
    main.o(i.Display_MainWindow) refers to stm32746g_discovery_lcd.o(i.BSP_LCD_GetYSize) for BSP_LCD_GetYSize
    main.o(i.Display_MainWindow) refers to stm32746g_discovery_lcd.o(i.BSP_LCD_GetXSize) for BSP_LCD_GetXSize
    main.o(i.Display_MainWindow) refers to stm32746g_discovery_lcd.o(i.BSP_LCD_FillRect) for BSP_LCD_FillRect
    main.o(i.Display_MainWindow) refers to stm32746g_discovery_lcd.o(i.BSP_LCD_DisplayStringAt) for BSP_LCD_DisplayStringAt
    main.o(i.Display_MainWindow) refers to stm32746g_discovery_lcd.o(.data) for Font12
[...]
    __ARM_use_no_argv                        0x00000000   Number         0  main.o ABSOLUTE
    _printf_a                                0x00000000   Number         0  stubs.o ABSOLUTE
    _printf_c                                0x00000000   Number         0  stubs.o ABSOLUTE
    _printf_charcount                        0x00000000   Number         0  stubs.o ABSOLUTE
    _printf_d                                0x00000000   Number         0  stubs.o ABSOLUTE
    _printf_e                                0x00000000   Number         0  stubs.o ABSOLUTE
    _printf_f                                0x00000000   Number         0  stubs.o ABSOLUTE
    _printf_flags                            0x00000000   Number         0  stubs.o ABSOLUTE
    _printf_fp_dec                           0x00000000   Number         0  stubs.o ABSOLUTE
    _printf_fp_hex                           0x00000000   Number         0  stubs.o ABSOLUTE
    _printf_g                                0x00000000   Number         0  stubs.o ABSOLUTE
    _printf_i                                0x00000000   Number         0  stubs.o ABSOLUTE
    _printf_int_dec                          0x00000000   Number         0  stubs.o ABSOLUTE
    _printf_l                                0x00000000   Number         0  stubs.o ABSOLUTE
    _printf_lc                               0x00000000   Number         0  stubs.o ABSOLUTE
    _printf_ll                               0x00000000   Number         0  stubs.o ABSOLUTE
    _printf_lld                              0x00000000   Number         0  stubs.o ABSOLUTE
    _printf_lli                              0x00000000   Number         0  stubs.o ABSOLUTE
    _printf_llo                              0x00000000   Number         0  stubs.o ABSOLUTE
    _printf_llu                              0x00000000   Number         0  stubs.o ABSOLUTE
    _printf_llx                              0x00000000   Number         0  stubs.o ABSOLUTE
    _printf_longlong_dec                     0x00000000   Number         0  stubs.o ABSOLUTE
    _printf_longlong_hex                     0x00000000   Number         0  stubs.o ABSOLUTE
    _printf_longlong_oct                     0x00000000   Number         0  stubs.o ABSOLUTE
    _printf_ls                               0x00000000   Number         0  stubs.o ABSOLUTE
    _printf_mbtowc                           0x00000000   Number         0  stubs.o ABSOLUTE
    _printf_n                                0x00000000   Number         0  stubs.o ABSOLUTE
    _printf_o                                0x00000000   Number         0  stubs.o ABSOLUTE
    _printf_p                                0x00000000   Number         0  stubs.o ABSOLUTE
    _printf_percent                          0x00000000   Number         0  stubs.o ABSOLUTE
    _printf_pre_padding                      0x00000000   Number         0  stubs.o ABSOLUTE
    _printf_return_value                     0x00000000   Number         0  stubs.o ABSOLUTE
    _printf_s                                0x00000000   Number         0  stubs.o ABSOLUTE
    _printf_sizespec                         0x00000000   Number         0  stubs.o ABSOLUTE
    _printf_str                              0x00000000   Number         0  stubs.o ABSOLUTE
    _printf_truncate_signed                  0x00000000   Number         0  stubs.o ABSOLUTE
    _printf_truncate_unsigned                0x00000000   Number         0  stubs.o ABSOLUTE
    _printf_u                                0x00000000   Number         0  stubs.o ABSOLUTE
    _printf_wc                               0x00000000   Number         0  stubs.o ABSOLUTE
    _printf_wctomb                           0x00000000   Number         0  stubs.o ABSOLUTE
    _printf_widthprec                        0x00000000   Number         0  stubs.o ABSOLUTE
    _printf_x                                0x00000000   Number         0  stubs.o ABSOLUTE
    __cpp_initialize__aeabi_                  - Undefined Weak Reference
    __cxa_finalize                            - Undefined Weak Reference
    _clock_init                               - Undefined Weak Reference
    _microlib_exit                            - Undefined Weak Reference
    __Vectors_Size                           0x000001c8   Number         0  startup_stm32f746xx.o ABSOLUTE
    __Vectors                                0x08000000   Data           4  startup_stm32f746xx.o(RESET)
    __Vectors_End                            0x080001c8   Data           0  startup_stm32f746xx.o(RESET)
    __main                                   0x080001c9   Thumb Code     0  entry.o(.ARM.Collect$$$$00000000)
    _main_stk                                0x080001c9   Thumb Code     0  entry2.o(.ARM.Collect$$$$00000001)
    _main_scatterload                        0x080001cd   Thumb Code     0  entry5.o(.ARM.Collect$$$$00000004)
    __main_after_scatterload                 0x080001d1   Thumb Code     0  entry5.o(.ARM.Collect$$$$00000004)
    _main_clock                              0x080001d1   Thumb Code     0  entry7b.o(.ARM.Collect$$$$00000008)
    _main_cpp_init                           0x080001d1   Thumb Code     0  entry8b.o(.ARM.Collect$$$$0000000A)
    _main_init                               0x080001d1   Thumb Code     0  entry9a.o(.ARM.Collect$$$$0000000B)
    __rt_final_cpp                           0x080001d9   Thumb Code     0  entry10a.o(.ARM.Collect$$$$0000000D)
    __rt_final_exit                          0x080001d9   Thumb Code     0  entry11a.o(.ARM.Collect$$$$0000000F)
    Reset_Handler                            0x080001dd   Thumb Code     8  startup_stm32f746xx.o(.text)
    ADC_IRQHandler                           0x080001f7   Thumb Code     0  startup_stm32f746xx.o(.text)
    CAN1_RX0_IRQHandler                      0x080001f7   Thumb Code     0  startup_stm32f746xx.o(.text)
    CAN1_RX1_IRQHandler                      0x080001f7   Thumb Code     0  startup_stm32f746xx.o(.text)
    CAN1_SCE_IRQHandler                      0x080001f7   Thumb Code     0  startup_stm32f746xx.o(.text)
    CAN1_TX_IRQHandler                       0x080001f7   Thumb Code     0  startup_stm32f746xx.o(.text)
    CAN2_RX0_IRQHandler                      0x080001f7   Thumb Code     0  startup_stm32f746xx.o(.text)
    CAN2_RX1_IRQHandler                      0x080001f7   Thumb Code     0  startup_stm32f746xx.o(.text)
    CAN2_SCE_IRQHandler                      0x080001f7   Thumb Code     0  startup_stm32f746xx.o(.text)
    CAN2_TX_IRQHandler                       0x080001f7   Thumb Code     0  startup_stm32f746xx.o(.text)
    CEC_IRQHandler                           0x080001f7   Thumb Code     0  startup_stm32f746xx.o(.text)
    DCMI_IRQHandler                          0x080001f7   Thumb Code     0  startup_stm32f746xx.o(.text)
    DMA1_Stream0_IRQHandler                  0x080001f7   Thumb Code     0  startup_stm32f746xx.o(.text)
    DMA1_Stream1_IRQHandler                  0x080001f7   Thumb Code     0  startup_stm32f746xx.o(.text)
    DMA1_Stream2_IRQHandler                  0x080001f7   Thumb Code     0  startup_stm32f746xx.o(.text)
    DMA1_Stream3_IRQHandler                  0x080001f7   Thumb Code     0  startup_stm32f746xx.o(.text)
    DMA1_Stream4_IRQHandler                  0x080001f7   Thumb Code     0  startup_stm32f746xx.o(.text)
    DMA1_Stream5_IRQHandler                  0x080001f7   Thumb Code     0  startup_stm32f746xx.o(.text)
    DMA1_Stream6_IRQHandler                  0x080001f7   Thumb Code     0  startup_stm32f746xx.o(.text)
    DMA1_Stream7_IRQHandler                  0x080001f7   Thumb Code     0  startup_stm32f746xx.o(.text)
    DMA2D_IRQHandler                         0x080001f7   Thumb Code     0  startup_stm32f746xx.o(.text)
    DMA2_Stream1_IRQHandler                  0x080001f7   Thumb Code     0  startup_stm32f746xx.o(.text)
    DMA2_Stream2_IRQHandler                  0x080001f7   Thumb Code     0  startup_stm32f746xx.o(.text)
    DMA2_Stream3_IRQHandler                  0x080001f7   Thumb Code     0  startup_stm32f746xx.o(.text)
    DMA2_Stream5_IRQHandler                  0x080001f7   Thumb Code     0  startup_stm32f746xx.o(.text)
    DMA2_Stream6_IRQHandler                  0x080001f7   Thumb Code     0  startup_stm32f746xx.o(.text)
    ETH_IRQHandler                           0x080001f7   Thumb Code     0  startup_stm32f746xx.o(.text)
    ETH_WKUP_IRQHandler                      0x080001f7   Thumb Code     0  startup_stm32f746xx.o(.text)
    EXTI1_IRQHandler                         0x080001f7   Thumb Code     0  startup_stm32f746xx.o(.text)
    EXTI3_IRQHandler                         0x080001f7   Thumb Code     0  startup_stm32f746xx.o(.text)
    EXTI4_IRQHandler                         0x080001f7   Thumb Code     0  startup_stm32f746xx.o(.text)
    EXTI9_5_IRQHandler                       0x080001f7   Thumb Code     0  startup_stm32f746xx.o(.text)
    FLASH_IRQHandler                         0x080001f7   Thumb Code     0  startup_stm32f746xx.o(.text)
    FMC_IRQHandler                           0x080001f7   Thumb Code     0  startup_stm32f746xx.o(.text)
    FPU_IRQHandler                           0x080001f7   Thumb Code     0  startup_stm32f746xx.o(.text)
    I2C1_ER_IRQHandler                       0x080001f7   Thumb Code     0  startup_stm32f746xx.o(.text)
    I2C1_EV_IRQHandler                       0x080001f7   Thumb Code     0  startup_stm32f746xx.o(.text)
    I2C2_ER_IRQHandler                       0x080001f7   Thumb Code     0  startup_stm32f746xx.o(.text)
    I2C2_EV_IRQHandler                       0x080001f7   Thumb Code     0  startup_stm32f746xx.o(.text)
    I2C3_ER_IRQHandler                       0x080001f7   Thumb Code     0  startup_stm32f746xx.o(.text)
    I2C3_EV_IRQHandler                       0x080001f7   Thumb Code     0  startup_stm32f746xx.o(.text)
    I2C4_ER_IRQHandler                       0x080001f7   Thumb Code     0  startup_stm32f746xx.o(.text)
    I2C4_EV_IRQHandler                       0x080001f7   Thumb Code     0  startup_stm32f746xx.o(.text)
    LPTIM1_IRQHandler                        0x080001f7   Thumb Code     0  startup_stm32f746xx.o(.text)
    LTDC_ER_IRQHandler                       0x080001f7   Thumb Code     0  startup_stm32f746xx.o(.text)
    OTG_FS_IRQHandler                        0x080001f7   Thumb Code     0  startup_stm32f746xx.o(.text)
    OTG_FS_WKUP_IRQHandler                   0x080001f7   Thumb Code     0  startup_stm32f746xx.o(.text)
    OTG_HS_EP1_IN_IRQHandler                 0x080001f7   Thumb Code     0  startup_stm32f746xx.o(.text)
    OTG_HS_EP1_OUT_IRQHandler                0x080001f7   Thumb Code     0  startup_stm32f746xx.o(.text)
    OTG_HS_IRQHandler                        0x080001f7   Thumb Code     0  startup_stm32f746xx.o(.text)
    OTG_HS_WKUP_IRQHandler                   0x080001f7   Thumb Code     0  startup_stm32f746xx.o(.text)
    PVD_IRQHandler                           0x080001f7   Thumb Code     0  startup_stm32f746xx.o(.text)
    QUADSPI_IRQHandler                       0x080001f7   Thumb Code     0  startup_stm32f746xx.o(.text)
    RCC_IRQHandler                           0x080001f7   Thumb Code     0  startup_stm32f746xx.o(.text)
    RNG_IRQHandler                           0x080001f7   Thumb Code     0  startup_stm32f746xx.o(.text)
    RTC_Alarm_IRQHandler                     0x080001f7   Thumb Code     0  startup_stm32f746xx.o(.text)
    RTC_WKUP_IRQHandler                      0x080001f7   Thumb Code     0  startup_stm32f746xx.o(.text)
    SAI1_IRQHandler                          0x080001f7   Thumb Code     0  startup_stm32f746xx.o(.text)
    SAI2_IRQHandler                          0x080001f7   Thumb Code     0  startup_stm32f746xx.o(.text)
    SDMMC1_IRQHandler                        0x080001f7   Thumb Code     0  startup_stm32f746xx.o(.text)
    SPDIF_RX_IRQHandler                      0x080001f7   Thumb Code     0  startup_stm32f746xx.o(.text)
    SPI1_IRQHandler                          0x080001f7   Thumb Code     0  startup_stm32f746xx.o(.text)
    SPI2_IRQHandler                          0x080001f7   Thumb Code     0  startup_stm32f746xx.o(.text)
    SPI3_IRQHandler                          0x080001f7   Thumb Code     0  startup_stm32f746xx.o(.text)
    SPI4_IRQHandler                          0x080001f7   Thumb Code     0  startup_stm32f746xx.o(.text)
    SPI5_IRQHandler                          0x080001f7   Thumb Code     0  startup_stm32f746xx.o(.text)
    SPI6_IRQHandler                          0x080001f7   Thumb Code     0  startup_stm32f746xx.o(.text)
    TAMP_STAMP_IRQHandler                    0x080001f7   Thumb Code     0  startup_stm32f746xx.o(.text)
    TIM1_BRK_TIM9_IRQHandler                 0x080001f7   Thumb Code     0  startup_stm32f746xx.o(.text)
    TIM1_CC_IRQHandler                       0x080001f7   Thumb Code     0  startup_stm32f746xx.o(.text)
    TIM1_TRG_COM_TIM11_IRQHandler            0x080001f7   Thumb Code     0  startup_stm32f746xx.o(.text)
    TIM1_UP_TIM10_IRQHandler                 0x080001f7   Thumb Code     0  startup_stm32f746xx.o(.text)
    TIM2_IRQHandler                          0x080001f7   Thumb Code     0  startup_stm32f746xx.o(.text)
    TIM3_IRQHandler                          0x080001f7   Thumb Code     0  startup_stm32f746xx.o(.text)
    TIM4_IRQHandler                          0x080001f7   Thumb Code     0  startup_stm32f746xx.o(.text)
    TIM5_IRQHandler                          0x080001f7   Thumb Code     0  startup_stm32f746xx.o(.text)
    TIM6_DAC_IRQHandler                      0x080001f7   Thumb Code     0  startup_stm32f746xx.o(.text)
    TIM7_IRQHandler                          0x080001f7   Thumb Code     0  startup_stm32f746xx.o(.text)
    TIM8_BRK_TIM12_IRQHandler                0x080001f7   Thumb Code     0  startup_stm32f746xx.o(.text)
    TIM8_CC_IRQHandler                       0x080001f7   Thumb Code     0  startup_stm32f746xx.o(.text)
    TIM8_TRG_COM_TIM14_IRQHandler            0x080001f7   Thumb Code     0  startup_stm32f746xx.o(.text)
    TIM8_UP_TIM13_IRQHandler                 0x080001f7   Thumb Code     0  startup_stm32f746xx.o(.text)
    UART4_IRQHandler                         0x080001f7   Thumb Code     0  startup_stm32f746xx.o(.text)
    UART5_IRQHandler                         0x080001f7   Thumb Code     0  startup_stm32f746xx.o(.text)
    UART7_IRQHandler                         0x080001f7   Thumb Code     0  startup_stm32f746xx.o(.text)
    UART8_IRQHandler                         0x080001f7   Thumb Code     0  startup_stm32f746xx.o(.text)
    USART1_IRQHandler                        0x080001f7   Thumb Code     0  startup_stm32f746xx.o(.text)
    USART2_IRQHandler                        0x080001f7   Thumb Code     0  startup_stm32f746xx.o(.text)
    USART3_IRQHandler                        0x080001f7   Thumb Code     0  startup_stm32f746xx.o(.text)
    USART6_IRQHandler                        0x080001f7   Thumb Code     0  startup_stm32f746xx.o(.text)
    WWDG_IRQHandler                          0x080001f7   Thumb Code     0  startup_stm32f746xx.o(.text)
    __aeabi_uldivmod                         0x08000201   Thumb Code    98  uldiv.o(.text)
    __aeabi_memcpy                           0x08000263   Thumb Code    36  memcpya.o(.text)
    __aeabi_memcpy4                          0x08000263   Thumb Code     0  memcpya.o(.text)
    __aeabi_memcpy8                          0x08000263   Thumb Code     0  memcpya.o(.text)
    __aeabi_memset                           0x08000287   Thumb Code    14  memseta.o(.text)
    __aeabi_memset4                          0x08000287   Thumb Code     0  memseta.o(.text)
    __aeabi_memset8                          0x08000287   Thumb Code     0  memseta.o(.text)
    __aeabi_memclr                           0x08000295   Thumb Code     4  memseta.o(.text)
    __aeabi_memclr4                          0x08000295   Thumb Code     0  memseta.o(.text)
    __aeabi_memclr8                          0x08000295   Thumb Code     0  memseta.o(.text)
    _memset$wrapper                          0x08000299   Thumb Code    18  memseta.o(.text)
    __aeabi_dadd                             0x080002ab   Thumb Code   322  dadd.o(.text)
    __aeabi_dsub                             0x080003ed   Thumb Code     6  dadd.o(.text)
    __aeabi_drsub                            0x080003f3   Thumb Code     6  dadd.o(.text)
    __aeabi_cdcmpeq                          0x080003f9   Thumb Code     0  cdcmple.o(.text)
    __aeabi_cdcmple                          0x080003f9   Thumb Code    48  cdcmple.o(.text)
    __aeabi_cdrcmple                         0x08000429   Thumb Code    48  cdrcmple.o(.text)
    __aeabi_uidiv                            0x08000459   Thumb Code     0  uidiv.o(.text)
    __aeabi_uidivmod                         0x08000459   Thumb Code    44  uidiv.o(.text)
    __aeabi_llsl                             0x08000485   Thumb Code    30  llshl.o(.text)
    _ll_shift_l                              0x08000485   Thumb Code     0  llshl.o(.text)
    __aeabi_llsr                             0x080004a3   Thumb Code    32  llushr.o(.text)
    _ll_ushift_r                             0x080004a3   Thumb Code     0  llushr.o(.text)
    __aeabi_lasr                             0x080004c3   Thumb Code    36  llsshr.o(.text)
    _ll_sshift_r                             0x080004c3   Thumb Code     0  llsshr.o(.text)
    __I$use$fp                               0x080004e7   Thumb Code     0  iusefp.o(.text)
    _double_round                            0x080004e7   Thumb Code    30  depilogue.o(.text)
    _double_epilogue                         0x08000505   Thumb Code   156  depilogue.o(.text)
    __aeabi_dmul                             0x080005a1   Thumb Code   228  dmul.o(.text)
    __aeabi_ddiv                             0x08000685   Thumb Code   222  ddiv.o(.text)
    __aeabi_d2ulz                            0x08000763   Thumb Code    48  dfixul.o(.text)
    __scatterload                            0x08000795   Thumb Code    28  init.o(.text)
    __scatterload_rt2                        0x08000795   Thumb Code     0  init.o(.text)
    __decompress                             0x080007b9   Thumb Code     0  __dczerorl2.o(.text)
    __decompress1                            0x080007b9   Thumb Code    86  __dczerorl2.o(.text)
    AUDIO_IO_DeInit                          0x0800080f   Thumb Code     2  stm32746g_discovery.o(i.AUDIO_IO_DeInit)
    AUDIO_IO_Delay                           0x08000811   Thumb Code     4  stm32746g_discovery.o(i.AUDIO_IO_Delay)
    AUDIO_IO_Init                            0x08000815   Thumb Code     6  stm32746g_discovery.o(i.AUDIO_IO_Init)
    AUDIO_IO_Read                            0x08000821   Thumb Code    46  stm32746g_discovery.o(i.AUDIO_IO_Read)
    AUDIO_IO_Write                           0x08000855   Thumb Code    46  stm32746g_discovery.o(i.AUDIO_IO_Write)
    BSP_AUDIO_IN_Error_CallBack              0x08000889   Thumb Code    46  main.o(i.BSP_AUDIO_IN_Error_CallBack)
    BSP_AUDIO_IN_HalfTransfer_CallBack       0x080008d5   Thumb Code     8  main.o(i.BSP_AUDIO_IN_HalfTransfer_CallBack)
    BSP_AUDIO_IN_MspInit                     0x080008e1   Thumb Code   232  stm32746g_discovery_audio.o(i.BSP_AUDIO_IN_MspInit)
    BSP_AUDIO_IN_OUT_Init                    0x080009e1   Thumb Code   144  stm32746g_discovery_audio.o(i.BSP_AUDIO_IN_OUT_Init)
    BSP_AUDIO_IN_Record                      0x08000a81   Thumb Code    16  stm32746g_discovery_audio.o(i.BSP_AUDIO_IN_Record)
    BSP_AUDIO_IN_TransferComplete_CallBack   0x08000a95   Thumb Code     8  main.o(i.BSP_AUDIO_IN_TransferComplete_CallBack)
    BSP_AUDIO_OUT_ClockConfig                0x08000aa1   Thumb Code    82  stm32746g_discovery_audio.o(i.BSP_AUDIO_OUT_ClockConfig)
    BSP_AUDIO_OUT_Error_CallBack             0x08000af3   Thumb Code     2  stm32746g_discovery_audio.o(i.BSP_AUDIO_OUT_Error_CallBack)
    BSP_AUDIO_OUT_HalfTransfer_CallBack      0x08000af5   Thumb Code     2  stm32746g_discovery_audio.o(i.BSP_AUDIO_OUT_HalfTransfer_CallBack)
    BSP_AUDIO_OUT_MspInit                    0x08000af9   Thumb Code   290  stm32746g_discovery_audio.o(i.BSP_AUDIO_OUT_MspInit)
    BSP_AUDIO_OUT_Play                       0x08000c31   Thumb Code    54  stm32746g_discovery_audio.o(i.BSP_AUDIO_OUT_Play)
    BSP_AUDIO_OUT_SetAudioFrameSlot          0x08000c71   Thumb Code    34  stm32746g_discovery_audio.o(i.BSP_AUDIO_OUT_SetAudioFrameSlot)
    BSP_AUDIO_OUT_SetMute                    0x08000c99   Thumb Code    22  stm32746g_discovery_audio.o(i.BSP_AUDIO_OUT_SetMute)
    BSP_AUDIO_OUT_SetVolume                  0x08000cb5   Thumb Code    22  stm32746g_discovery_audio.o(i.BSP_AUDIO_OUT_SetVolume)
    BSP_AUDIO_OUT_TransferComplete_CallBack  0x08000cd1   Thumb Code     2  stm32746g_discovery_audio.o(i.BSP_AUDIO_OUT_TransferComplete_CallBack)
    BSP_LCD_Clear                            0x08000cd5   Thumb Code    48  stm32746g_discovery_lcd.o(i.BSP_LCD_Clear)
    BSP_LCD_ClockConfig                      0x08000d0d   Thumb Code    26  stm32746g_discovery_lcd.o(i.BSP_LCD_ClockConfig)
    BSP_LCD_DisplayChar                      0x08000d2d   Thumb Code    44  stm32746g_discovery_lcd.o(i.BSP_LCD_DisplayChar)
    BSP_LCD_DisplayOn                        0x08000d61   Thumb Code    38  stm32746g_discovery_lcd.o(i.BSP_LCD_DisplayOn)
    BSP_LCD_DisplayStringAt                  0x08000d95   Thumb Code   192  stm32746g_discovery_lcd.o(i.BSP_LCD_DisplayStringAt)
    BSP_LCD_DrawPixel                        0x08000e5d   Thumb Code    90  stm32746g_discovery_lcd.o(i.BSP_LCD_DrawPixel)
    BSP_LCD_FillRect                         0x08000ec1   Thumb Code   148  stm32746g_discovery_lcd.o(i.BSP_LCD_FillRect)
    BSP_LCD_GetFont                          0x08000f5d   Thumb Code    18  stm32746g_discovery_lcd.o(i.BSP_LCD_GetFont)
    BSP_LCD_GetXSize                         0x08000f79   Thumb Code    22  stm32746g_discovery_lcd.o(i.BSP_LCD_GetXSize)
    BSP_LCD_GetYSize                         0x08000f99   Thumb Code    22  stm32746g_discovery_lcd.o(i.BSP_LCD_GetYSize)
    BSP_LCD_Init                             0x08000fb9   Thumb Code   142  stm32746g_discovery_lcd.o(i.BSP_LCD_Init)
    BSP_LCD_LayerDefaultInit                 0x0800105d   Thumb Code   112  stm32746g_discovery_lcd.o(i.BSP_LCD_LayerDefaultInit)
    BSP_LCD_MspInit                          0x080010d5   Thumb Code   286  stm32746g_discovery_lcd.o(i.BSP_LCD_MspInit)
    BSP_LCD_SelectLayer                      0x0800120d   Thumb Code     6  stm32746g_discovery_lcd.o(i.BSP_LCD_SelectLayer)
    BSP_LCD_SetBackColor                     0x08001219   Thumb Code    18  stm32746g_discovery_lcd.o(i.BSP_LCD_SetBackColor)
    BSP_LCD_SetFont                          0x08001235   Thumb Code    18  stm32746g_discovery_lcd.o(i.BSP_LCD_SetFont)
    BSP_LCD_SetTextColor                     0x08001251   Thumb Code    16  stm32746g_discovery_lcd.o(i.BSP_LCD_SetTextColor)
    BSP_LED_Init                             0x08001269   Thumb Code    68  stm32746g_discovery.o(i.BSP_LED_Init)
    BSP_PB_GetState                          0x080012b9   Thumb Code    16  stm32746g_discovery.o(i.BSP_PB_GetState)
    BSP_PB_Init                              0x080012d1   Thumb Code   128  stm32746g_discovery.o(i.BSP_PB_Init)
    BSP_SDRAM_Init                           0x08001365   Thumb Code   108  stm32746g_discovery_sdram.o(i.BSP_SDRAM_Init)
    BSP_SDRAM_Initialization_sequence        0x080013dd   Thumb Code   128  stm32746g_discovery_sdram.o(i.BSP_SDRAM_Initialization_sequence)
    BSP_SDRAM_MspInit                        0x08001461   Thumb Code   322  stm32746g_discovery_sdram.o(i.BSP_SDRAM_MspInit)
    BSP_TS_GetState                          0x080015c9   Thumb Code   360  stm32746g_discovery_ts.o(i.BSP_TS_GetState)
    BSP_TS_Get_GestureId                     0x08001739   Thumb Code    88  stm32746g_discovery_ts.o(i.BSP_TS_Get_GestureId)
    BSP_TS_Init                              0x08001795   Thumb Code    50  stm32746g_discovery_ts.o(i.BSP_TS_Init)
    BusFault_Handler                         0x080017d1   Thumb Code     2  stm32f7xx_it.o(i.BusFault_Handler)
    ChorusWindow_Touch_Detection             0x080017dd   Thumb Code   572  chorus.o(i.ChorusWindow_Touch_Detection)
    Current_Window_Select                    0x08001a45   Thumb Code    66  main.o(i.Current_Window_Select)
    DMA2_Stream0_IRQHandler                  0x08001b21   Thumb Code     8  stm32f7xx_it.o(i.DMA2_Stream0_IRQHandler)
    DMA2_Stream4_IRQHandler                  0x08001b2d   Thumb Code     8  stm32f7xx_it.o(i.DMA2_Stream4_IRQHandler)
    DMA2_Stream7_IRQHandler                  0x08001b39   Thumb Code     8  stm32f7xx_it.o(i.DMA2_Stream7_IRQHandler)
    DebugMon_Handler                         0x08001be9   Thumb Code     2  stm32f7xx_it.o(i.DebugMon_Handler)
    DelayWindow_Touch_Detection              0x08001bed   Thumb Code   310  delay.o(i.DelayWindow_Touch_Detection)
    Display_Chorus_Window                    0x08001d49   Thumb Code   594  chorus.o(i.Display_Chorus_Window)
    Display_Current_Parametres_Chorus        0x08002031   Thumb Code   200  chorus.o(i.Display_Current_Parametres_Chorus)
    Display_Current_Parametres_Delay         0x08002111   Thumb Code   104  delay.o(i.Display_Current_Parametres_Delay)
    Display_Current_Parametres_Flanger       0x08002191   Thumb Code   144  flanger.o(i.Display_Current_Parametres_Flanger)
    Display_Current_Parametres_Overdrive     0x08002239   Thumb Code    58  overdrive.o(i.Display_Current_Parametres_Overdrive)
    Display_Current_Parametres_PitchShifter  0x08002289   Thumb Code   118  pitch_shifter.o(i.Display_Current_Parametres_PitchShifter)
    Display_Current_Parametres_Reverb        0x0800231d   Thumb Code   176  reverb.o(i.Display_Current_Parametres_Reverb)
    Display_Current_Parametres_Tremolo       0x080023e5   Thumb Code   104  tremolo.o(i.Display_Current_Parametres_Tremolo)
    Display_Current_Volume                   0x08002465   Thumb Code    52  volume.o(i.Display_Current_Volume)
    Display_Delay_Window                     0x080024a9   Thumb Code   408  delay.o(i.Display_Delay_Window)
    Display_Flanger_Window                   0x080026ad   Thumb Code   474  flanger.o(i.Display_Flanger_Window)
    Display_MainWindow                       0x08002901   Thumb Code   180  main.o(i.Display_MainWindow)
    Display_On_Off_Info_Chorus               0x080029c1   Thumb Code   154  chorus.o(i.Display_On_Off_Info_Chorus)
    Display_On_Off_Info_Delay                0x08002a89   Thumb Code   154  delay.o(i.Display_On_Off_Info_Delay)
    Display_On_Off_Info_Flanger              0x08002b51   Thumb Code   154  flanger.o(i.Display_On_Off_Info_Flanger)
    Display_On_Off_Info_Overdrive            0x08002c19   Thumb Code   154  overdrive.o(i.Display_On_Off_Info_Overdrive)
    Display_On_Off_Info_PitchShifter         0x08002ce1   Thumb Code   154  pitch_shifter.o(i.Display_On_Off_Info_PitchShifter)
    Display_On_Off_Info_Reverb               0x08002da9   Thumb Code   154  reverb.o(i.Display_On_Off_Info_Reverb)
    Display_On_Off_Info_Tremolo              0x08002e71   Thumb Code   154  tremolo.o(i.Display_On_Off_Info_Tremolo)
    Display_Overdrive_Window                 0x08002f39   Thumb Code   290  overdrive.o(i.Display_Overdrive_Window)
    Display_PitchShifter_Window              0x080030b5   Thumb Code   418  pitch_shifter.o(i.Display_PitchShifter_Window)
    Display_Reverb_Window                    0x080032c9   Thumb Code   480  reverb.o(i.Display_Reverb_Window)
    Display_Tremolo_Window                   0x08003531   Thumb Code   418  tremolo.o(i.Display_Tremolo_Window)
    Display_Volume_Window                    0x08003749   Thumb Code   246  volume.o(i.Display_Volume_Window)
    EXTI0_IRQHandler                         0x080039b5   Thumb Code     8  stm32f7xx_it.o(i.EXTI0_IRQHandler)
    EXTI15_10_IRQHandler                     0x080039bd   Thumb Code    22  stm32f7xx_it.o(i.EXTI15_10_IRQHandler)
    EXTI2_IRQHandler                         0x080039d9   Thumb Code     6  stm32f7xx_it.o(i.EXTI2_IRQHandler)
    FMC_SDRAM_Init                           0x080039df   Thumb Code    94  stm32f7xx_ll_fmc.o(i.FMC_SDRAM_Init)
    FMC_SDRAM_ProgramRefreshRate             0x08003a3d   Thumb Code    12  stm32f7xx_ll_fmc.o(i.FMC_SDRAM_ProgramRefreshRate)
    FMC_SDRAM_SendCommand                    0x08003a49   Thumb Code    32  stm32f7xx_ll_fmc.o(i.FMC_SDRAM_SendCommand)
    FMC_SDRAM_Timing_Init                    0x08003a69   Thumb Code   134  stm32f7xx_ll_fmc.o(i.FMC_SDRAM_Timing_Init)
    FlangerWindow_Touch_Detection            0x08003af5   Thumb Code   392  flanger.o(i.FlangerWindow_Touch_Detection)
    HAL_CRCEx_Polynomial_Set                 0x08003ca1   Thumb Code    78  stm32f7xx_hal_crc_ex.o(i.HAL_CRCEx_Polynomial_Set)
    HAL_CRC_Init                             0x08003cf1   Thumb Code   114  stm32f7xx_hal_crc.o(i.HAL_CRC_Init)
    HAL_CRC_MspInit                          0x08003d69   Thumb Code    30  stm32f7xx_hal_msp.o(i.HAL_CRC_MspInit)
    HAL_DMA2D_ConfigLayer                    0x08003d91   Thumb Code   156  stm32f7xx_hal_dma2d.o(i.HAL_DMA2D_ConfigLayer)
    HAL_DMA2D_Init                           0x08003e31   Thumb Code    90  stm32f7xx_hal_dma2d.o(i.HAL_DMA2D_Init)
    HAL_DMA2D_MspInit                        0x08003e8d   Thumb Code    30  stm32f7xx_hal_msp.o(i.HAL_DMA2D_MspInit)
    HAL_DMA2D_PollForTransfer                0x08003eb5   Thumb Code   270  stm32f7xx_hal_dma2d.o(i.HAL_DMA2D_PollForTransfer)
    HAL_DMA2D_Start                          0x08003fc3   Thumb Code    52  stm32f7xx_hal_dma2d.o(i.HAL_DMA2D_Start)
    HAL_DMA_DeInit                           0x08003ff7   Thumb Code    98  stm32f7xx_hal_dma.o(i.HAL_DMA_DeInit)
    HAL_DMA_IRQHandler                       0x08004059   Thumb Code   412  stm32f7xx_hal_dma.o(i.HAL_DMA_IRQHandler)
    HAL_DMA_Init                             0x080041f9   Thumb Code   222  stm32f7xx_hal_dma.o(i.HAL_DMA_Init)
    HAL_DMA_Start_IT                         0x080042dd   Thumb Code   122  stm32f7xx_hal_dma.o(i.HAL_DMA_Start_IT)
    HAL_Delay                                0x08004359   Thumb Code    32  stm32f7xx_hal.o(i.HAL_Delay)
    HAL_GPIO_EXTI_Callback                   0x0800437d   Thumb Code     2  stm32f7xx_hal_gpio.o(i.HAL_GPIO_EXTI_Callback)
    HAL_GPIO_EXTI_IRQHandler                 0x08004381   Thumb Code    18  stm32f7xx_hal_gpio.o(i.HAL_GPIO_EXTI_IRQHandler)
    HAL_GPIO_Init                            0x08004399   Thumb Code   418  stm32f7xx_hal_gpio.o(i.HAL_GPIO_Init)
    HAL_GPIO_ReadPin                         0x08004571   Thumb Code    10  stm32f7xx_hal_gpio.o(i.HAL_GPIO_ReadPin)
    HAL_GPIO_WritePin                        0x0800457b   Thumb Code    10  stm32f7xx_hal_gpio.o(i.HAL_GPIO_WritePin)
    HAL_GetTick                              0x08004585   Thumb Code     6  stm32f7xx_hal.o(i.HAL_GetTick)
    HAL_I2C_DeInit                           0x08004591   Thumb Code    52  stm32f7xx_hal_i2c.o(i.HAL_I2C_DeInit)
    HAL_I2C_GetState                         0x080045c5   Thumb Code     6  stm32f7xx_hal_i2c.o(i.HAL_I2C_GetState)
    HAL_I2C_Init                             0x080045cd   Thumb Code   180  stm32f7xx_hal_i2c.o(i.HAL_I2C_Init)
    HAL_I2C_Mem_Read                         0x08004685   Thumb Code   346  stm32f7xx_hal_i2c.o(i.HAL_I2C_Mem_Read)
    HAL_I2C_Mem_Write                        0x080047e9   Thumb Code   340  stm32f7xx_hal_i2c.o(i.HAL_I2C_Mem_Write)
    HAL_I2C_MspDeInit                        0x08004941   Thumb Code     2  stm32f7xx_hal_i2c.o(i.HAL_I2C_MspDeInit)
    HAL_I2C_MspInit                          0x08004943   Thumb Code     2  stm32f7xx_hal_i2c.o(i.HAL_I2C_MspInit)
    HAL_IncTick                              0x08004945   Thumb Code    12  stm32f7xx_hal.o(i.HAL_IncTick)
    HAL_Init                                 0x08004955   Thumb Code    22  stm32f7xx_hal.o(i.HAL_Init)
    HAL_InitTick                             0x0800496d   Thumb Code    54  stm32f7xx_hal.o(i.HAL_InitTick)
    HAL_LTDC_ConfigLayer                     0x080049ad   Thumb Code    82  stm32f7xx_hal_ltdc.o(i.HAL_LTDC_ConfigLayer)
    HAL_LTDC_ErrorCallback                   0x080049ff   Thumb Code     2  stm32f7xx_hal_ltdc.o(i.HAL_LTDC_ErrorCallback)
    HAL_LTDC_GetState                        0x08004a01   Thumb Code     6  stm32f7xx_hal_ltdc.o(i.HAL_LTDC_GetState)
    HAL_LTDC_IRQHandler                      0x08004a07   Thumb Code   200  stm32f7xx_hal_ltdc.o(i.HAL_LTDC_IRQHandler)
    HAL_LTDC_Init                            0x08004ad1   Thumb Code   242  stm32f7xx_hal_ltdc.o(i.HAL_LTDC_Init)
    HAL_LTDC_LineEventCallback               0x08004bc9   Thumb Code     2  stm32f7xx_hal_ltdc.o(i.HAL_LTDC_LineEventCallback)
    HAL_LTDC_MspInit                         0x08004bcb   Thumb Code     2  stm32f7xx_hal_ltdc.o(i.HAL_LTDC_MspInit)
    HAL_LTDC_ReloadEventCallback             0x08004bcd   Thumb Code     2  stm32f7xx_hal_ltdc.o(i.HAL_LTDC_ReloadEventCallback)
    HAL_MspInit                              0x08004bd1   Thumb Code   110  stm32f7xx_hal_msp.o(i.HAL_MspInit)
    HAL_NVIC_EnableIRQ                       0x08004c45   Thumb Code    26  stm32f7xx_hal_cortex.o(i.HAL_NVIC_EnableIRQ)
    HAL_NVIC_SetPriority                     0x08004c61   Thumb Code    60  stm32f7xx_hal_cortex.o(i.HAL_NVIC_SetPriority)
    HAL_NVIC_SetPriorityGrouping             0x08004ca1   Thumb Code    28  stm32f7xx_hal_cortex.o(i.HAL_NVIC_SetPriorityGrouping)
    HAL_PWREx_EnableOverDrive                0x08004cc5   Thumb Code   100  stm32f7xx_hal_pwr_ex.o(i.HAL_PWREx_EnableOverDrive)
    HAL_RCCEx_GetPeriphCLKConfig             0x08004d31   Thumb Code   298  stm32f7xx_hal_rcc_ex.o(i.HAL_RCCEx_GetPeriphCLKConfig)
    HAL_RCCEx_GetPeriphCLKFreq               0x08004e65   Thumb Code   268  stm32f7xx_hal_rcc_ex.o(i.HAL_RCCEx_GetPeriphCLKFreq)
    HAL_RCCEx_PeriphCLKConfig                0x08004f85   Thumb Code  1276  stm32f7xx_hal_rcc_ex.o(i.HAL_RCCEx_PeriphCLKConfig)
    HAL_RCC_ClockConfig                      0x08005481   Thumb Code   282  stm32f7xx_hal_rcc.o(i.HAL_RCC_ClockConfig)
    HAL_RCC_GetSysClockFreq                  0x080055ad   Thumb Code    88  stm32f7xx_hal_rcc.o(i.HAL_RCC_GetSysClockFreq)
    HAL_RCC_OscConfig                        0x08005611   Thumb Code   810  stm32f7xx_hal_rcc.o(i.HAL_RCC_OscConfig)
    HAL_SAI_DeInit                           0x08005949   Thumb Code    66  stm32f7xx_hal_sai.o(i.HAL_SAI_DeInit)
    HAL_SAI_ErrorCallback                    0x0800598d   Thumb Code    46  stm32746g_discovery_audio.o(i.HAL_SAI_ErrorCallback)
    HAL_SAI_GetState                         0x080059c1   Thumb Code     6  stm32f7xx_hal_sai.o(i.HAL_SAI_GetState)
    HAL_SAI_Init                             0x080059c9   Thumb Code   470  stm32f7xx_hal_sai.o(i.HAL_SAI_Init)
    HAL_SAI_MspDeInit                        0x08005bb1   Thumb Code     2  stm32f7xx_hal_sai.o(i.HAL_SAI_MspDeInit)
    HAL_SAI_MspInit                          0x08005bb3   Thumb Code     2  stm32f7xx_hal_sai.o(i.HAL_SAI_MspInit)
    HAL_SAI_Receive_DMA                      0x08005bb5   Thumb Code   158  stm32f7xx_hal_sai.o(i.HAL_SAI_Receive_DMA)
    HAL_SAI_RxCpltCallback                   0x08005c61   Thumb Code     8  stm32746g_discovery_audio.o(i.HAL_SAI_RxCpltCallback)
    HAL_SAI_RxHalfCpltCallback               0x08005c69   Thumb Code     8  stm32746g_discovery_audio.o(i.HAL_SAI_RxHalfCpltCallback)
    HAL_SAI_Transmit_DMA                     0x08005c71   Thumb Code   158  stm32f7xx_hal_sai.o(i.HAL_SAI_Transmit_DMA)
    HAL_SAI_TxCpltCallback                   0x08005d1d   Thumb Code     8  stm32746g_discovery_audio.o(i.HAL_SAI_TxCpltCallback)
    HAL_SAI_TxHalfCpltCallback               0x08005d25   Thumb Code     8  stm32746g_discovery_audio.o(i.HAL_SAI_TxHalfCpltCallback)
    HAL_SDRAM_Init                           0x08005d2d   Thumb Code    66  stm32f7xx_hal_sdram.o(i.HAL_SDRAM_Init)
    HAL_SDRAM_MspInit                        0x08005d6f   Thumb Code     2  stm32f7xx_hal_sdram.o(i.HAL_SDRAM_MspInit)
    HAL_SDRAM_ProgramRefreshRate             0x08005d71   Thumb Code    34  stm32f7xx_hal_sdram.o(i.HAL_SDRAM_ProgramRefreshRate)
    HAL_SDRAM_SendCommand                    0x08005d95   Thumb Code    48  stm32f7xx_hal_sdram.o(i.HAL_SDRAM_SendCommand)
    HAL_SYSTICK_Config                       0x08005dc5   Thumb Code    38  stm32f7xx_hal_cortex.o(i.HAL_SYSTICK_Config)
    HardFault_Handler                        0x08005deb   Thumb Code     2  stm32f7xx_it.o(i.HardFault_Handler)
    LCD_Multieffect_Init                     0x08006261   Thumb Code    46  main.o(i.LCD_Multieffect_Init)
    LTDC_IRQHandler                          0x08006311   Thumb Code     6  stm32f7xx_it.o(i.LTDC_IRQHandler)
    MainWindow_Touch_Detection               0x080064ed   Thumb Code   386  main.o(i.MainWindow_Touch_Detection)
    MemManage_Handler                        0x08006675   Thumb Code     2  stm32f7xx_it.o(i.MemManage_Handler)
    Multieffect                              0x08006679   Thumb Code   264  main.o(i.Multieffect)
    NMI_Handler                              0x080067d5   Thumb Code     2  stm32f7xx_it.o(i.NMI_Handler)
    OverdriveWindow_Touch_Detection          0x080067d9   Thumb Code   182  overdrive.o(i.OverdriveWindow_Touch_Detection)
    PendSV_Handler                           0x080068a5   Thumb Code     2  stm32f7xx_it.o(i.PendSV_Handler)
    PitchShifterWindow_Touch_Detection       0x080068a9   Thumb Code   534  pitch_shifter.o(i.PitchShifterWindow_Touch_Detection)
    ReverbWindow_Touch_Detection             0x08006b0d   Thumb Code   302  reverb.o(i.ReverbWindow_Touch_Detection)
    SVC_Handler                              0x08006ead   Thumb Code     2  stm32f7xx_it.o(i.SVC_Handler)
    SysTick_Handler                          0x08006eaf   Thumb Code     4  stm32f7xx_it.o(i.SysTick_Handler)
    SystemClock_Config                       0x08006eb5   Thumb Code   128  main.o(i.SystemClock_Config)
    SystemInit                               0x08006f3d   Thumb Code    68  system_stm32f7xx.o(i.SystemInit)
    TS_IO_Delay                              0x08006f91   Thumb Code     4  stm32746g_discovery.o(i.TS_IO_Delay)
    TS_IO_Init                               0x08006f95   Thumb Code     6  stm32746g_discovery.o(i.TS_IO_Init)
    TS_IO_Read                               0x08006fa1   Thumb Code    34  stm32746g_discovery.o(i.TS_IO_Read)
    TS_IO_Write                              0x08006fc9   Thumb Code    26  stm32746g_discovery.o(i.TS_IO_Write)
    TremoloWindow_Touch_Detection            0x08006fe9   Thumb Code   328  tremolo.o(i.TremoloWindow_Touch_Detection)
    UsageFault_Handler                       0x08007159   Thumb Code     2  stm32f7xx_it.o(i.UsageFault_Handler)
    VolumeWindow_Touch_Detection             0x0800715d   Thumb Code   200  volume.o(i.VolumeWindow_Touch_Detection)
    __0sprintf                               0x08007241   Thumb Code    34  printfa.o(i.__0sprintf)
    __1sprintf                               0x08007241   Thumb Code     0  printfa.o(i.__0sprintf)
    __2sprintf                               0x08007241   Thumb Code     0  printfa.o(i.__0sprintf)
    __c89sprintf                             0x08007241   Thumb Code     0  printfa.o(i.__0sprintf)
    sprintf                                  0x08007241   Thumb Code     0  printfa.o(i.__0sprintf)
    __scatterload_copy                       0x0800728b   Thumb Code    14  handlers.o(i.__scatterload_copy)
    __scatterload_null                       0x08007299   Thumb Code     2  handlers.o(i.__scatterload_null)
    __scatterload_zeroinit                   0x0800729b   Thumb Code    14  handlers.o(i.__scatterload_zeroinit)
    ft5336_Init                              0x08007b5d   Thumb Code    16  ft5336.o(i.ft5336_Init)
    ft5336_ReadID                            0x08007b6d   Thumb Code    58  ft5336.o(i.ft5336_ReadID)
    ft5336_Reset                             0x08007ba7   Thumb Code     2  ft5336.o(i.ft5336_Reset)
    ft5336_TS_ClearIT                        0x08007ba9   Thumb Code     2  ft5336.o(i.ft5336_TS_ClearIT)
    ft5336_TS_DetectTouch                    0x08007bad   Thumb Code    60  ft5336.o(i.ft5336_TS_DetectTouch)
    ft5336_TS_DisableIT                      0x08007bed   Thumb Code    10  ft5336.o(i.ft5336_TS_DisableIT)
    ft5336_TS_EnableIT                       0x08007bf7   Thumb Code    10  ft5336.o(i.ft5336_TS_EnableIT)
    ft5336_TS_GetGestureID                   0x08007c01   Thumb Code    30  ft5336.o(i.ft5336_TS_GetGestureID)
    ft5336_TS_GetTouchInfo                   0x08007c21   Thumb Code   200  ft5336.o(i.ft5336_TS_GetTouchInfo)
    ft5336_TS_GetXY                          0x08007ced   Thumb Code   282  ft5336.o(i.ft5336_TS_GetXY)
    ft5336_TS_ITStatus                       0x08007e0d   Thumb Code     4  ft5336.o(i.ft5336_TS_ITStatus)
    ft5336_TS_Start                          0x08007e11   Thumb Code     4  ft5336.o(i.ft5336_TS_Start)
    main                                     0x08007e15   Thumb Code   294  main.o(i.main)
    wm8994_DeInit                            0x08007f59   Thumb Code     4  wm8994.o(i.wm8994_DeInit)
    wm8994_Init                              0x08007f5d   Thumb Code  1530  wm8994.o(i.wm8994_Init)
    wm8994_Pause                             0x0800855d   Thumb Code    26  wm8994.o(i.wm8994_Pause)
    wm8994_Play                              0x08008577   Thumb Code     6  wm8994.o(i.wm8994_Play)
    wm8994_ReadID                            0x0800857d   Thumb Code    20  wm8994.o(i.wm8994_ReadID)
    wm8994_Reset                             0x08008591   Thumb Code    22  wm8994.o(i.wm8994_Reset)
    wm8994_Resume                            0x080085ad   Thumb Code     6  wm8994.o(i.wm8994_Resume)
    wm8994_SetFrequency                      0x080085b3   Thumb Code   130  wm8994.o(i.wm8994_SetFrequency)
    wm8994_SetMute                           0x08008635   Thumb Code    82  wm8994.o(i.wm8994_SetMute)
    wm8994_SetOutputMode                     0x0800868d   Thumb Code   188  wm8994.o(i.wm8994_SetOutputMode)
    wm8994_SetVolume                         0x08008749   Thumb Code   176  wm8994.o(i.wm8994_SetVolume)
    wm8994_Stop                              0x080087fd   Thumb Code   120  wm8994.o(i.wm8994_Stop)
    AHBPrescTable                            0x08008880   Data          16  system_stm32f7xx.o(.constdata)
    COM_TX_PIN                               0x08008890   Data           2  stm32746g_discovery.o(.constdata)
    COM_RX_PIN                               0x08008892   Data           2  stm32746g_discovery.o(.constdata)
    COM_TX_AF                                0x08008894   Data           2  stm32746g_discovery.o(.constdata)
    COM_RX_AF                                0x08008896   Data           2  stm32746g_discovery.o(.constdata)
    GPIO_PIN                                 0x08008898   Data           4  stm32746g_discovery.o(.constdata)
    BUTTON_PIN                               0x0800889c   Data           6  stm32746g_discovery.o(.constdata)
    BUTTON_IRQn                              0x080088a2   Data           6  stm32746g_discovery.o(.constdata)
    Font24_Table                             0x080088a8   Data        6840  stm32746g_discovery_lcd.o(.constdata)
    Font16_Table                             0x0800a360   Data        3040  stm32746g_discovery_lcd.o(.constdata)
    Font12_Table                             0x0800af40   Data        1140  stm32746g_discovery_lcd.o(.constdata)
    Region$$Table$$Base                      0x0800b3b4   Number         0  anon$$obj.o(Region$$Table)
    Region$$Table$$Limit                     0x0800b3d4   Number         0  anon$$obj.o(Region$$Table)
    is_button_active                         0x20000000   Data           1  main.o(.data)
    current_window                           0x20000001   Data           1  main.o(.data)
    x                                        0x20000002   Data           2  main.o(.data)
    y                                        0x20000004   Data           2  main.o(.data)
    audio_rec_buffer_state                   0x20000008   Data           4  main.o(.data)
    button_names                             0x2000000c   Data         112  main.o(.data)
    current_volume                           0x2000007c   Data           1  volume.o(.data)
    current_volume_temp                      0x2000007d   Data           1  volume.o(.data)
    current_volume_str                       0x2000007e   Data           3  volume.o(.data)
    delay_chorus                             0x20000088   Data           1  chorus.o(.data)
    version_chorus                           0x20000089   Data           1  chorus.o(.data)
    is_active_chorus                         0x2000008a   Data           1  chorus.o(.data)
    delay_str_chorus                         0x2000008b   Data           3  chorus.o(.data)
    rate1_str_chorus                         0x2000008e   Data           3  chorus.o(.data)
    rate2_str_chorus                         0x20000091   Data           3  chorus.o(.data)
    depth1_str_chorus                        0x20000094   Data           3  chorus.o(.data)
    depth2_str_chorus                        0x20000097   Data           3  chorus.o(.data)
    rate1_chorus                             0x200000a0   Data           8  chorus.o(.data)
    rate2_chorus                             0x200000a8   Data           8  chorus.o(.data)
    depth1_chorus                            0x200000b0   Data           8  chorus.o(.data)
    depth2_chorus                            0x200000b8   Data           8  chorus.o(.data)
    version_delay                            0x200000c0   Data           1  delay.o(.data)
    is_active_delay                          0x200000c1   Data           1  delay.o(.data)
    delay_delay                              0x200000c2   Data           2  delay.o(.data)
    delay_str_delay                          0x200000c4   Data           3  delay.o(.data)
    gain_str_delay                           0x200000c7   Data           3  delay.o(.data)
    gain_delay                               0x200000d0   Data           8  delay.o(.data)
    delay_flanger                            0x200000d8   Data           1  flanger.o(.data)
    version_flanger                          0x200000d9   Data           1  flanger.o(.data)
    is_active_flanger                        0x200000da   Data           1  flanger.o(.data)
    delay_str_flanger                        0x200000db   Data           3  flanger.o(.data)
    rate_str_flanger                         0x200000de   Data           3  flanger.o(.data)
    gain_str_flanger                         0x200000e1   Data           3  flanger.o(.data)
    rate_flanger                             0x200000e8   Data           8  flanger.o(.data)
    gain_flanger                             0x200000f0   Data           8  flanger.o(.data)
    is_active_overdrive                      0x200000f8   Data           1  overdrive.o(.data)
    clip_value_str_overdrive                 0x200000f9   Data           3  overdrive.o(.data)
    clip_value_overdrive                     0x20000100   Data           8  overdrive.o(.data)
    mode_pitchshifter                        0x20000108   Data           1  pitch_shifter.o(.data)
    is_active_pitchshifter                   0x20000109   Data           1  pitch_shifter.o(.data)
    pitch_str_pitchshifter                   0x2000010a   Data           3  pitch_shifter.o(.data)
    gain_str_pitchshifter                    0x2000010d   Data           3  pitch_shifter.o(.data)
    pitch_pitchshifter                       0x20000110   Data           8  pitch_shifter.o(.data)
    gain_pitchshifter                        0x20000118   Data           8  pitch_shifter.o(.data)
    room_size_reverb                         0x20000120   Data           1  reverb.o(.data)
    pre_delay1_reverb                        0x20000121   Data           1  reverb.o(.data)
    pre_delay2_reverb                        0x20000122   Data           1  reverb.o(.data)
    is_active_reverb                         0x20000123   Data           1  reverb.o(.data)
    room_size_str_reverb                     0x20000124   Data           3  reverb.o(.data)
    depth_str_reverb                         0x20000127   Data           3  reverb.o(.data)
    pre_delay1_str_reverb                    0x2000012a   Data           3  reverb.o(.data)
    pre_delay2_str_reverb                    0x2000012d   Data           3  reverb.o(.data)
    depth_reverb                             0x20000130   Data           8  reverb.o(.data)
    rate_tremolo                             0x20000138   Data           1  tremolo.o(.data)
    shape_tremolo                            0x20000139   Data           1  tremolo.o(.data)
    is_active_tremolo                        0x2000013a   Data           1  tremolo.o(.data)
    rate_str_tremolo                         0x2000013b   Data           3  tremolo.o(.data)
    depth_str_tremolo                        0x2000013e   Data           3  tremolo.o(.data)
    depth_tremolo                            0x20000148   Data           8  tremolo.o(.data)
    uwTickFreq                               0x20000150   Data           1  stm32f7xx_hal.o(.data)
    uwTickPrio                               0x20000154   Data           4  stm32f7xx_hal.o(.data)
    uwTick                                   0x20000158   Data           4  stm32f7xx_hal.o(.data)
    SystemCoreClock                          0x2000015c   Data           4  system_stm32f7xx.o(.data)
    COM_USART                                0x20000160   Data           4  stm32746g_discovery.o(.data)
    COM_TX_PORT                              0x20000164   Data           4  stm32746g_discovery.o(.data)
    COM_RX_PORT                              0x20000168   Data           4  stm32746g_discovery.o(.data)
    BUTTON_PORT                              0x2000016c   Data          12  stm32746g_discovery.o(.data)
    Font24                                   0x2000017c   Data           8  stm32746g_discovery_lcd.o(.data)
    Font16                                   0x20000184   Data           8  stm32746g_discovery_lcd.o(.data)
    Font12                                   0x2000018c   Data           8  stm32746g_discovery_lcd.o(.data)
    AudioInVolume                            0x200001a4   Data           2  stm32746g_discovery_audio.o(.data)
    audio_drv                                0x200001a8   Data           4  stm32746g_discovery_audio.o(.data)
    ft5336_ts_drv                            0x200001ac   Data          40  ft5336.o(.data)
    wm8994_drv                               0x200001dc   Data          48  wm8994.o(.data)
    hcrc                                     0x20000218   Data          36  main.o(.bss)
    hdma2d                                   0x2000023c   Data          64  main.o(.bss)
    ts                                       0x2000027c   Data          44  main.o(.bss)
    hLtdcHandler                             0x200003c4   Data         168  stm32746g_discovery_lcd.o(.bss)
    sdramHandle                              0x20000584   Data          52  stm32746g_discovery_sdram.o(.bss)
    haudio_out_sai                           0x2000060c   Data         132  stm32746g_discovery_audio.o(.bss)
    haudio_in_sai                            0x20000690   Data         132  stm32746g_discovery_audio.o(.bss)
    __initial_sp                             0x20000c38   Data           0  startup_stm32f746xx.o(STACK)



==============================================================================

Memory Map of the image

  Image Entry point : 0x080001c9

  Load Region LR_IROM1 (Base: 0x08000000, Size: 0x0000b5ec, Max: 0x00100000, ABSOLUTE, COMPRESSED[0x0000b4cc])

    Execution Region ER_IROM1 (Exec base: 0x08000000, Load base: 0x08000000, Size: 0x0000b3d4, Max: 0x00100000, ABSOLUTE)

    Exec Addr    Load Addr    Size         Type   Attr      Idx    E Section Name        Object

    0x08000000   0x08000000   0x000001c8   Data   RO            3    RESET               startup_stm32f746xx.o
    0x080001c8   0x080001c8   0x00000000   Code   RO         6409  * .ARM.Collect$$$$00000000  mc_w.l(entry.o)
    0x080001c8   0x080001c8   0x00000004   Code   RO         6687    .ARM.Collect$$$$00000001  mc_w.l(entry2.o)
    0x080001cc   0x080001cc   0x00000004   Code   RO         6690    .ARM.Collect$$$$00000004  mc_w.l(entry5.o)
    0x080001d0   0x080001d0   0x00000000   Code   RO         6692    .ARM.Collect$$$$00000008  mc_w.l(entry7b.o)
    0x080001d0   0x080001d0   0x00000000   Code   RO         6694    .ARM.Collect$$$$0000000A  mc_w.l(entry8b.o)
    0x080001d0   0x080001d0   0x00000008   Code   RO         6695    .ARM.Collect$$$$0000000B  mc_w.l(entry9a.o)
    0x080001d8   0x080001d8   0x00000000   Code   RO         6697    .ARM.Collect$$$$0000000D  mc_w.l(entry10a.o)
    0x080001d8   0x080001d8   0x00000000   Code   RO         6699    .ARM.Collect$$$$0000000F  mc_w.l(entry11a.o)
    0x080001d8   0x080001d8   0x00000004   Code   RO         6688    .ARM.Collect$$$$00002712  mc_w.l(entry2.o)
    0x080001dc   0x080001dc   0x00000024   Code   RO            4    .text               startup_stm32f746xx.o
    0x08000200   0x08000200   0x00000062   Code   RO         6412    .text               mc_w.l(uldiv.o)
    0x08000262   0x08000262   0x00000024   Code   RO         6414    .text               mc_w.l(memcpya.o)
    0x08000286   0x08000286   0x00000024   Code   RO         6416    .text               mc_w.l(memseta.o)
    0x080002aa   0x080002aa   0x0000014e   Code   RO         6681    .text               mf_w.l(dadd.o)
    0x080003f8   0x080003f8   0x00000030   Code   RO         6683    .text               mf_w.l(cdcmple.o)
    0x08000428   0x08000428   0x00000030   Code   RO         6685    .text               mf_w.l(cdrcmple.o)
    0x08000458   0x08000458   0x0000002c   Code   RO         6704    .text               mc_w.l(uidiv.o)
    0x08000484   0x08000484   0x0000001e   Code   RO         6706    .text               mc_w.l(llshl.o)
    0x080004a2   0x080004a2   0x00000020   Code   RO         6708    .text               mc_w.l(llushr.o)
    0x080004c2   0x080004c2   0x00000024   Code   RO         6710    .text               mc_w.l(llsshr.o)
    0x080004e6   0x080004e6   0x00000000   Code   RO         6712    .text               mc_w.l(iusefp.o)
    0x080004e6   0x080004e6   0x000000ba   Code   RO         6713    .text               mf_w.l(depilogue.o)
    0x080005a0   0x080005a0   0x000000e4   Code   RO         6715    .text               mf_w.l(dmul.o)
    0x08000684   0x08000684   0x000000de   Code   RO         6717    .text               mf_w.l(ddiv.o)
    0x08000762   0x08000762   0x00000030   Code   RO         6719    .text               mf_w.l(dfixul.o)
    0x08000792   0x08000792   0x00000002   PAD
    0x08000794   0x08000794   0x00000024   Code   RO         6721    .text               mc_w.l(init.o)
    0x080007b8   0x080007b8   0x00000056   Code   RO         6733    .text               mc_w.l(__dczerorl2.o)
    0x0800080e   0x0800080e   0x00000002   Code   RO         5211    i.AUDIO_IO_DeInit   stm32746g_discovery.o
    0x08000810   0x08000810   0x00000004   Code   RO         5212    i.AUDIO_IO_Delay    stm32746g_discovery.o
    0x08000814   0x08000814   0x0000000c   Code   RO         5213    i.AUDIO_IO_Init     stm32746g_discovery.o
    0x08000820   0x08000820   0x00000034   Code   RO         5214    i.AUDIO_IO_Read     stm32746g_discovery.o
    0x08000854   0x08000854   0x00000034   Code   RO         5215    i.AUDIO_IO_Write    stm32746g_discovery.o
    0x08000888   0x08000888   0x0000004c   Code   RO           13    i.BSP_AUDIO_IN_Error_CallBack  main.o
    0x080008d4   0x080008d4   0x0000000c   Code   RO           14    i.BSP_AUDIO_IN_HalfTransfer_CallBack  main.o
    0x080008e0   0x080008e0   0x00000100   Code   RO         5964    i.BSP_AUDIO_IN_MspInit  stm32746g_discovery_audio.o
    0x080009e0   0x080009e0   0x000000a0   Code   RO         5965    i.BSP_AUDIO_IN_OUT_Init  stm32746g_discovery_audio.o
    0x08000a80   0x08000a80   0x00000014   Code   RO         5967    i.BSP_AUDIO_IN_Record  stm32746g_discovery_audio.o
    0x08000a94   0x08000a94   0x0000000c   Code   RO           15    i.BSP_AUDIO_IN_TransferComplete_CallBack  main.o
    0x08000aa0   0x08000aa0   0x00000052   Code   RO         5973    i.BSP_AUDIO_OUT_ClockConfig  stm32746g_discovery_audio.o
    0x08000af2   0x08000af2   0x00000002   Code   RO         5975    i.BSP_AUDIO_OUT_Error_CallBack  stm32746g_discovery_audio.o
    0x08000af4   0x08000af4   0x00000002   Code   RO         5976    i.BSP_AUDIO_OUT_HalfTransfer_CallBack  stm32746g_discovery_audio.o
    0x08000af6   0x08000af6   0x00000002   PAD
    0x08000af8   0x08000af8   0x00000138   Code   RO         5979    i.BSP_AUDIO_OUT_MspInit  stm32746g_discovery_audio.o
    0x08000c30   0x08000c30   0x00000040   Code   RO         5981    i.BSP_AUDIO_OUT_Play  stm32746g_discovery_audio.o
    0x08000c70   0x08000c70   0x00000028   Code   RO         5983    i.BSP_AUDIO_OUT_SetAudioFrameSlot  stm32746g_discovery_audio.o
    0x08000c98   0x08000c98   0x0000001c   Code   RO         5985    i.BSP_AUDIO_OUT_SetMute  stm32746g_discovery_audio.o
    0x08000cb4   0x08000cb4   0x0000001c   Code   RO         5987    i.BSP_AUDIO_OUT_SetVolume  stm32746g_discovery_audio.o
    0x08000cd0   0x08000cd0   0x00000002   Code   RO         5989    i.BSP_AUDIO_OUT_TransferComplete_CallBack  stm32746g_discovery_audio.o
    0x08000cd2   0x08000cd2   0x00000002   PAD
    0x08000cd4   0x08000cd4   0x00000038   Code   RO         5427    i.BSP_LCD_Clear     stm32746g_discovery_lcd.o
    0x08000d0c   0x08000d0c   0x00000020   Code   RO         5429    i.BSP_LCD_ClockConfig  stm32746g_discovery_lcd.o
    0x08000d2c   0x08000d2c   0x00000034   Code   RO         5431    i.BSP_LCD_DisplayChar  stm32746g_discovery_lcd.o
    0x08000d60   0x08000d60   0x00000034   Code   RO         5433    i.BSP_LCD_DisplayOn  stm32746g_discovery_lcd.o
    0x08000d94   0x08000d94   0x000000c8   Code   RO         5434    i.BSP_LCD_DisplayStringAt  stm32746g_discovery_lcd.o
    0x08000e5c   0x08000e5c   0x00000064   Code   RO         5441    i.BSP_LCD_DrawPixel  stm32746g_discovery_lcd.o
    0x08000ec0   0x08000ec0   0x0000009c   Code   RO         5448    i.BSP_LCD_FillRect  stm32746g_discovery_lcd.o
    0x08000f5c   0x08000f5c   0x0000001c   Code   RO         5450    i.BSP_LCD_GetFont   stm32746g_discovery_lcd.o
    0x08000f78   0x08000f78   0x00000020   Code   RO         5452    i.BSP_LCD_GetXSize  stm32746g_discovery_lcd.o
    0x08000f98   0x08000f98   0x00000020   Code   RO         5453    i.BSP_LCD_GetYSize  stm32746g_discovery_lcd.o
    0x08000fb8   0x08000fb8   0x000000a4   Code   RO         5454    i.BSP_LCD_Init      stm32746g_discovery_lcd.o
    0x0800105c   0x0800105c   0x00000078   Code   RO         5455    i.BSP_LCD_LayerDefaultInit  stm32746g_discovery_lcd.o
    0x080010d4   0x080010d4   0x00000138   Code   RO         5458    i.BSP_LCD_MspInit   stm32746g_discovery_lcd.o
    0x0800120c   0x0800120c   0x0000000c   Code   RO         5463    i.BSP_LCD_SelectLayer  stm32746g_discovery_lcd.o
    0x08001218   0x08001218   0x0000001c   Code   RO         5464    i.BSP_LCD_SetBackColor  stm32746g_discovery_lcd.o
    0x08001234   0x08001234   0x0000001c   Code   RO         5467    i.BSP_LCD_SetFont   stm32746g_discovery_lcd.o
    0x08001250   0x08001250   0x00000018   Code   RO         5474    i.BSP_LCD_SetTextColor  stm32746g_discovery_lcd.o
    0x08001268   0x08001268   0x00000050   Code   RO         5220    i.BSP_LED_Init      stm32746g_discovery.o
    0x080012b8   0x080012b8   0x00000018   Code   RO         5225    i.BSP_PB_GetState   stm32746g_discovery.o
    0x080012d0   0x080012d0   0x00000094   Code   RO         5226    i.BSP_PB_Init       stm32746g_discovery.o
    0x08001364   0x08001364   0x00000078   Code   RO         5808    i.BSP_SDRAM_Init    stm32746g_discovery_sdram.o
    0x080013dc   0x080013dc   0x00000084   Code   RO         5809    i.BSP_SDRAM_Initialization_sequence  stm32746g_discovery_sdram.o
    0x08001460   0x08001460   0x00000168   Code   RO         5811    i.BSP_SDRAM_MspInit  stm32746g_discovery_sdram.o
    0x080015c8   0x080015c8   0x00000170   Code   RO         5890    i.BSP_TS_GetState   stm32746g_discovery_ts.o
    0x08001738   0x08001738   0x0000005c   Code   RO         5891    i.BSP_TS_Get_GestureId  stm32746g_discovery_ts.o
    0x08001794   0x08001794   0x0000003c   Code   RO         5895    i.BSP_TS_Init       stm32746g_discovery_ts.o
    0x080017d0   0x080017d0   0x00000002   Code   RO          303    i.BusFault_Handler  stm32f7xx_it.o
    0x080017d2   0x080017d2   0x0000000a   Code   RO         6313    i.CODEC_IO_Write    wm8994.o
    0x080017dc   0x080017dc   0x00000268   Code   RO          516    i.ChorusWindow_Touch_Detection  chorus.o
    0x08001a44   0x08001a44   0x00000048   Code   RO           16    i.Current_Window_Select  main.o
    0x08001a8c   0x08001a8c   0x00000092   Code   RO         2057    i.DMA2D_SetConfig   stm32f7xx_hal_dma2d.o
    0x08001b1e   0x08001b1e   0x00000002   PAD
    0x08001b20   0x08001b20   0x0000000c   Code   RO          304    i.DMA2_Stream0_IRQHandler  stm32f7xx_it.o
    0x08001b2c   0x08001b2c   0x0000000c   Code   RO          305    i.DMA2_Stream4_IRQHandler  stm32f7xx_it.o
    0x08001b38   0x08001b38   0x0000000c   Code   RO          306    i.DMA2_Stream7_IRQHandler  stm32f7xx_it.o
    0x08001b44   0x08001b44   0x00000028   Code   RO         3614    i.DMA_CalcBaseAndBitshift  stm32f7xx_hal_dma.o
    0x08001b6c   0x08001b6c   0x00000054   Code   RO         3615    i.DMA_CheckFifoParam  stm32f7xx_hal_dma.o
    0x08001bc0   0x08001bc0   0x00000028   Code   RO         3616    i.DMA_SetConfig     stm32f7xx_hal_dma.o
    0x08001be8   0x08001be8   0x00000002   Code   RO          307    i.DebugMon_Handler  stm32f7xx_it.o
    0x08001bea   0x08001bea   0x00000002   PAD
    0x08001bec   0x08001bec   0x0000015c   Code   RO          568    i.DelayWindow_Touch_Detection  delay.o
    0x08001d48   0x08001d48   0x000002e8   Code   RO          517    i.Display_Chorus_Window  chorus.o
    0x08002030   0x08002030   0x000000e0   Code   RO          518    i.Display_Current_Parametres_Chorus  chorus.o
    0x08002110   0x08002110   0x00000080   Code   RO          569    i.Display_Current_Parametres_Delay  delay.o
    0x08002190   0x08002190   0x000000a8   Code   RO          619    i.Display_Current_Parametres_Flanger  flanger.o
    0x08002238   0x08002238   0x00000050   Code   RO          671    i.Display_Current_Parametres_Overdrive  overdrive.o
    0x08002288   0x08002288   0x00000094   Code   RO          723    i.Display_Current_Parametres_PitchShifter  pitch_shifter.o
    0x0800231c   0x0800231c   0x000000c8   Code   RO          775    i.Display_Current_Parametres_Reverb  reverb.o
    0x080023e4   0x080023e4   0x00000080   Code   RO          827    i.Display_Current_Parametres_Tremolo  tremolo.o
    0x08002464   0x08002464   0x00000044   Code   RO          473    i.Display_Current_Volume  volume.o
    0x080024a8   0x080024a8   0x00000204   Code   RO          570    i.Display_Delay_Window  delay.o
    0x080026ac   0x080026ac   0x00000254   Code   RO          620    i.Display_Flanger_Window  flanger.o
    0x08002900   0x08002900   0x000000c0   Code   RO           17    i.Display_MainWindow  main.o
    0x080029c0   0x080029c0   0x000000c8   Code   RO          519    i.Display_On_Off_Info_Chorus  chorus.o
    0x08002a88   0x08002a88   0x000000c8   Code   RO          571    i.Display_On_Off_Info_Delay  delay.o
    0x08002b50   0x08002b50   0x000000c8   Code   RO          621    i.Display_On_Off_Info_Flanger  flanger.o
    0x08002c18   0x08002c18   0x000000c8   Code   RO          672    i.Display_On_Off_Info_Overdrive  overdrive.o
    0x08002ce0   0x08002ce0   0x000000c8   Code   RO          724    i.Display_On_Off_Info_PitchShifter  pitch_shifter.o
    0x08002da8   0x08002da8   0x000000c8   Code   RO          776    i.Display_On_Off_Info_Reverb  reverb.o
    0x08002e70   0x08002e70   0x000000c8   Code   RO          828    i.Display_On_Off_Info_Tremolo  tremolo.o
    0x08002f38   0x08002f38   0x0000017c   Code   RO          673    i.Display_Overdrive_Window  overdrive.o
    0x080030b4   0x080030b4   0x00000214   Code   RO          725    i.Display_PitchShifter_Window  pitch_shifter.o
    0x080032c8   0x080032c8   0x00000268   Code   RO          777    i.Display_Reverb_Window  reverb.o
    0x08003530   0x08003530   0x00000218   Code   RO          829    i.Display_Tremolo_Window  tremolo.o
    0x08003748   0x08003748   0x000001bc   Code   RO          474    i.Display_Volume_Window  volume.o
    0x08003904   0x08003904   0x000000b0   Code   RO         5479    i.DrawChar          stm32746g_discovery_lcd.o
    0x080039b4   0x080039b4   0x00000008   Code   RO          308    i.EXTI0_IRQHandler  stm32f7xx_it.o
    0x080039bc   0x080039bc   0x0000001c   Code   RO          309    i.EXTI15_10_IRQHandler  stm32f7xx_it.o
    0x080039d8   0x080039d8   0x00000006   Code   RO          310    i.EXTI2_IRQHandler  stm32f7xx_it.o
    0x080039de   0x080039de   0x0000005e   Code   RO         1681    i.FMC_SDRAM_Init    stm32f7xx_ll_fmc.o
    0x08003a3c   0x08003a3c   0x0000000c   Code   RO         1682    i.FMC_SDRAM_ProgramRefreshRate  stm32f7xx_ll_fmc.o
    0x08003a48   0x08003a48   0x00000020   Code   RO         1683    i.FMC_SDRAM_SendCommand  stm32f7xx_ll_fmc.o
    0x08003a68   0x08003a68   0x0000008c   Code   RO         1685    i.FMC_SDRAM_Timing_Init  stm32f7xx_ll_fmc.o
    0x08003af4   0x08003af4   0x000001ac   Code   RO          623    i.FlangerWindow_Touch_Detection  flanger.o
    0x08003ca0   0x08003ca0   0x0000004e   Code   RO         2023    i.HAL_CRCEx_Polynomial_Set  stm32f7xx_hal_crc_ex.o
    0x08003cee   0x08003cee   0x00000002   PAD
    0x08003cf0   0x08003cf0   0x00000078   Code   RO         1957    i.HAL_CRC_Init      stm32f7xx_hal_crc.o
    0x08003d68   0x08003d68   0x00000028   Code   RO          426    i.HAL_CRC_MspInit   stm32f7xx_hal_msp.o
    0x08003d90   0x08003d90   0x000000a0   Code   RO         2069    i.HAL_DMA2D_ConfigLayer  stm32f7xx_hal_dma2d.o
    0x08003e30   0x08003e30   0x0000005a   Code   RO         2077    i.HAL_DMA2D_Init    stm32f7xx_hal_dma2d.o
    0x08003e8a   0x08003e8a   0x00000002   PAD
    0x08003e8c   0x08003e8c   0x00000028   Code   RO          428    i.HAL_DMA2D_MspInit  stm32f7xx_hal_msp.o
    0x08003eb4   0x08003eb4   0x0000010e   Code   RO         2081    i.HAL_DMA2D_PollForTransfer  stm32f7xx_hal_dma2d.o
    0x08003fc2   0x08003fc2   0x00000034   Code   RO         2084    i.HAL_DMA2D_Start   stm32f7xx_hal_dma2d.o
    0x08003ff6   0x08003ff6   0x00000062   Code   RO         3619    i.HAL_DMA_DeInit    stm32f7xx_hal_dma.o
    0x08004058   0x08004058   0x000001a0   Code   RO         3622    i.HAL_DMA_IRQHandler  stm32f7xx_hal_dma.o
    0x080041f8   0x080041f8   0x000000e4   Code   RO         3623    i.HAL_DMA_Init      stm32f7xx_hal_dma.o
    0x080042dc   0x080042dc   0x0000007a   Code   RO         3627    i.HAL_DMA_Start_IT  stm32f7xx_hal_dma.o
    0x08004356   0x08004356   0x00000002   PAD
    0x08004358   0x08004358   0x00000024   Code   RO         3984    i.HAL_Delay         stm32f7xx_hal.o
    0x0800437c   0x0800437c   0x00000002   Code   RO         3549    i.HAL_GPIO_EXTI_Callback  stm32f7xx_hal_gpio.o
    0x0800437e   0x0800437e   0x00000002   PAD
    0x08004380   0x08004380   0x00000018   Code   RO         3550    i.HAL_GPIO_EXTI_IRQHandler  stm32f7xx_hal_gpio.o
    0x08004398   0x08004398   0x000001d8   Code   RO         3551    i.HAL_GPIO_Init     stm32f7xx_hal_gpio.o
    0x08004570   0x08004570   0x0000000a   Code   RO         3553    i.HAL_GPIO_ReadPin  stm32f7xx_hal_gpio.o
    0x0800457a   0x0800457a   0x0000000a   Code   RO         3555    i.HAL_GPIO_WritePin  stm32f7xx_hal_gpio.o
    0x08004584   0x08004584   0x0000000c   Code   RO         3992    i.HAL_GetTick       stm32f7xx_hal.o
    0x08004590   0x08004590   0x00000034   Code   RO         4177    i.HAL_I2C_DeInit    stm32f7xx_hal_i2c.o
    0x080045c4   0x080045c4   0x00000006   Code   RO         4185    i.HAL_I2C_GetState  stm32f7xx_hal_i2c.o
    0x080045ca   0x080045ca   0x00000002   PAD
    0x080045cc   0x080045cc   0x000000b8   Code   RO         4186    i.HAL_I2C_Init      stm32f7xx_hal_i2c.o
    0x08004684   0x08004684   0x00000164   Code   RO         4204    i.HAL_I2C_Mem_Read  stm32f7xx_hal_i2c.o
    0x080047e8   0x080047e8   0x00000158   Code   RO         4207    i.HAL_I2C_Mem_Write  stm32f7xx_hal_i2c.o
    0x08004940   0x08004940   0x00000002   Code   RO         4210    i.HAL_I2C_MspDeInit  stm32f7xx_hal_i2c.o
    0x08004942   0x08004942   0x00000002   Code   RO         4211    i.HAL_I2C_MspInit   stm32f7xx_hal_i2c.o
    0x08004944   0x08004944   0x00000010   Code   RO         3998    i.HAL_IncTick       stm32f7xx_hal.o
    0x08004954   0x08004954   0x00000016   Code   RO         3999    i.HAL_Init          stm32f7xx_hal.o
    0x0800496a   0x0800496a   0x00000002   PAD
    0x0800496c   0x0800496c   0x00000040   Code   RO         4000    i.HAL_InitTick      stm32f7xx_hal.o
    0x080049ac   0x080049ac   0x00000052   Code   RO          882    i.HAL_LTDC_ConfigLayer  stm32f7xx_hal_ltdc.o
    0x080049fe   0x080049fe   0x00000002   Code   RO          895    i.HAL_LTDC_ErrorCallback  stm32f7xx_hal_ltdc.o
    0x08004a00   0x08004a00   0x00000006   Code   RO          897    i.HAL_LTDC_GetState  stm32f7xx_hal_ltdc.o
    0x08004a06   0x08004a06   0x000000c8   Code   RO          898    i.HAL_LTDC_IRQHandler  stm32f7xx_hal_ltdc.o
    0x08004ace   0x08004ace   0x00000002   PAD
    0x08004ad0   0x08004ad0   0x000000f8   Code   RO          899    i.HAL_LTDC_Init     stm32f7xx_hal_ltdc.o
    0x08004bc8   0x08004bc8   0x00000002   Code   RO          900    i.HAL_LTDC_LineEventCallback  stm32f7xx_hal_ltdc.o
    0x08004bca   0x08004bca   0x00000002   Code   RO          902    i.HAL_LTDC_MspInit  stm32f7xx_hal_ltdc.o
    0x08004bcc   0x08004bcc   0x00000002   Code   RO          905    i.HAL_LTDC_ReloadEventCallback  stm32f7xx_hal_ltdc.o
    0x08004bce   0x08004bce   0x00000002   PAD
    0x08004bd0   0x08004bd0   0x00000074   Code   RO          429    i.HAL_MspInit       stm32f7xx_hal_msp.o
    0x08004c44   0x08004c44   0x0000001a   Code   RO         1821    i.HAL_NVIC_EnableIRQ  stm32f7xx_hal_cortex.o
    0x08004c5e   0x08004c5e   0x00000002   PAD
    0x08004c60   0x08004c60   0x00000040   Code   RO         1827    i.HAL_NVIC_SetPriority  stm32f7xx_hal_cortex.o
    0x08004ca0   0x08004ca0   0x00000024   Code   RO         1828    i.HAL_NVIC_SetPriorityGrouping  stm32f7xx_hal_cortex.o
    0x08004cc4   0x08004cc4   0x0000006c   Code   RO         3891    i.HAL_PWREx_EnableOverDrive  stm32f7xx_hal_pwr_ex.o
    0x08004d30   0x08004d30   0x00000134   Code   RO         3310    i.HAL_RCCEx_GetPeriphCLKConfig  stm32f7xx_hal_rcc_ex.o
    0x08004e64   0x08004e64   0x00000120   Code   RO         3311    i.HAL_RCCEx_GetPeriphCLKFreq  stm32f7xx_hal_rcc_ex.o
    0x08004f84   0x08004f84   0x000004fc   Code   RO         3312    i.HAL_RCCEx_PeriphCLKConfig  stm32f7xx_hal_rcc_ex.o
    0x08005480   0x08005480   0x0000012c   Code   RO         3205    i.HAL_RCC_ClockConfig  stm32f7xx_hal_rcc.o
    0x080055ac   0x080055ac   0x00000064   Code   RO         3214    i.HAL_RCC_GetSysClockFreq  stm32f7xx_hal_rcc.o
    0x08005610   0x08005610   0x00000338   Code   RO         3217    i.HAL_RCC_OscConfig  stm32f7xx_hal_rcc.o
    0x08005948   0x08005948   0x00000042   Code   RO         4738    i.HAL_SAI_DeInit    stm32f7xx_hal_sai.o
    0x0800598a   0x0800598a   0x00000002   PAD
    0x0800598c   0x0800598c   0x00000034   Code   RO         5990    i.HAL_SAI_ErrorCallback  stm32746g_discovery_audio.o
    0x080059c0   0x080059c0   0x00000006   Code   RO         4745    i.HAL_SAI_GetState  stm32f7xx_hal_sai.o
    0x080059c6   0x080059c6   0x00000002   PAD
    0x080059c8   0x080059c8   0x000001e8   Code   RO         4747    i.HAL_SAI_Init      stm32f7xx_hal_sai.o
    0x08005bb0   0x08005bb0   0x00000002   Code   RO         4749    i.HAL_SAI_MspDeInit  stm32f7xx_hal_sai.o
    0x08005bb2   0x08005bb2   0x00000002   Code   RO         4750    i.HAL_SAI_MspInit   stm32f7xx_hal_sai.o
    0x08005bb4   0x08005bb4   0x000000ac   Code   RO         4752    i.HAL_SAI_Receive_DMA  stm32f7xx_hal_sai.o
    0x08005c60   0x08005c60   0x00000008   Code   RO         5991    i.HAL_SAI_RxCpltCallback  stm32746g_discovery_audio.o
    0x08005c68   0x08005c68   0x00000008   Code   RO         5992    i.HAL_SAI_RxHalfCpltCallback  stm32746g_discovery_audio.o
    0x08005c70   0x08005c70   0x000000ac   Code   RO         4757    i.HAL_SAI_Transmit_DMA  stm32f7xx_hal_sai.o
    0x08005d1c   0x08005d1c   0x00000008   Code   RO         5993    i.HAL_SAI_TxCpltCallback  stm32746g_discovery_audio.o
    0x08005d24   0x08005d24   0x00000008   Code   RO         5994    i.HAL_SAI_TxHalfCpltCallback  stm32746g_discovery_audio.o
    0x08005d2c   0x08005d2c   0x00000042   Code   RO         1160    i.HAL_SDRAM_Init    stm32f7xx_hal_sdram.o
    0x08005d6e   0x08005d6e   0x00000002   Code   RO         1162    i.HAL_SDRAM_MspInit  stm32f7xx_hal_sdram.o
    0x08005d70   0x08005d70   0x00000022   Code   RO         1163    i.HAL_SDRAM_ProgramRefreshRate  stm32f7xx_hal_sdram.o
    0x08005d92   0x08005d92   0x00000002   PAD
    0x08005d94   0x08005d94   0x00000030   Code   RO         1169    i.HAL_SDRAM_SendCommand  stm32f7xx_hal_sdram.o
    0x08005dc4   0x08005dc4   0x00000026   Code   RO         1832    i.HAL_SYSTICK_Config  stm32f7xx_hal_cortex.o
    0x08005dea   0x08005dea   0x00000002   Code   RO          311    i.HardFault_Handler  stm32f7xx_it.o
    0x08005dec   0x08005dec   0x00000022   Code   RO         4233    i.I2C_Flush_TXDR    stm32f7xx_hal_i2c.o
    0x08005e0e   0x08005e0e   0x00000002   PAD
    0x08005e10   0x08005e10   0x00000088   Code   RO         4241    i.I2C_IsAcknowledgeFailed  stm32f7xx_hal_i2c.o
    0x08005e98   0x08005e98   0x00000064   Code   RO         4244    i.I2C_RequestMemoryRead  stm32f7xx_hal_i2c.o
    0x08005efc   0x08005efc   0x00000064   Code   RO         4245    i.I2C_RequestMemoryWrite  stm32f7xx_hal_i2c.o
    0x08005f60   0x08005f60   0x0000002c   Code   RO         4248    i.I2C_TransferConfig  stm32f7xx_hal_i2c.o
    0x08005f8c   0x08005f8c   0x0000005a   Code   RO         4249    i.I2C_WaitOnFlagUntilTimeout  stm32f7xx_hal_i2c.o
    0x08005fe6   0x08005fe6   0x0000004e   Code   RO         4251    i.I2C_WaitOnSTOPFlagUntilTimeout  stm32f7xx_hal_i2c.o
    0x08006034   0x08006034   0x00000052   Code   RO         4252    i.I2C_WaitOnTXISFlagUntilTimeout  stm32f7xx_hal_i2c.o
    0x08006086   0x08006086   0x00000012   Code   RO         5235    i.I2Cx_Error        stm32746g_discovery.o
    0x08006098   0x08006098   0x00000050   Code   RO         5236    i.I2Cx_Init         stm32746g_discovery.o
    0x080060e8   0x080060e8   0x00000124   Code   RO         5237    i.I2Cx_MspInit      stm32746g_discovery.o
    0x0800620c   0x0800620c   0x0000002a   Code   RO         5238    i.I2Cx_ReadMultiple  stm32746g_discovery.o
    0x08006236   0x08006236   0x0000002a   Code   RO         5239    i.I2Cx_WriteMultiple  stm32746g_discovery.o
    0x08006260   0x08006260   0x0000002e   Code   RO           19    i.LCD_Multieffect_Init  main.o
    0x0800628e   0x0800628e   0x00000002   PAD
    0x08006290   0x08006290   0x00000080   Code   RO         5482    i.LL_FillBuffer     stm32746g_discovery_lcd.o
    0x08006310   0x08006310   0x0000000c   Code   RO          312    i.LTDC_IRQHandler   stm32f7xx_it.o
    0x0800631c   0x0800631c   0x000001d0   Code   RO          918    i.LTDC_SetConfig    stm32f7xx_hal_ltdc.o
    0x080064ec   0x080064ec   0x00000188   Code   RO           20    i.MainWindow_Touch_Detection  main.o
    0x08006674   0x08006674   0x00000002   Code   RO          313    i.MemManage_Handler  stm32f7xx_it.o
    0x08006676   0x08006676   0x00000002   PAD
    0x08006678   0x08006678   0x0000015c   Code   RO           21    i.Multieffect       main.o
    0x080067d4   0x080067d4   0x00000002   Code   RO          314    i.NMI_Handler       stm32f7xx_it.o
    0x080067d6   0x080067d6   0x00000002   PAD
    0x080067d8   0x080067d8   0x000000cc   Code   RO          675    i.OverdriveWindow_Touch_Detection  overdrive.o
    0x080068a4   0x080068a4   0x00000002   Code   RO          315    i.PendSV_Handler    stm32f7xx_it.o
    0x080068a6   0x080068a6   0x00000002   PAD
    0x080068a8   0x080068a8   0x00000264   Code   RO          727    i.PitchShifterWindow_Touch_Detection  pitch_shifter.o
    0x08006b0c   0x08006b0c   0x0000014c   Code   RO          779    i.ReverbWindow_Touch_Detection  reverb.o
    0x08006c58   0x08006c58   0x00000044   Code   RO         4762    i.SAI_DMAError      stm32f7xx_hal_sai.o
    0x08006c9c   0x08006c9c   0x0000003a   Code   RO         4763    i.SAI_DMARxCplt     stm32f7xx_hal_sai.o
    0x08006cd6   0x08006cd6   0x0000000a   Code   RO         4764    i.SAI_DMARxHalfCplt  stm32f7xx_hal_sai.o
    0x08006ce0   0x08006ce0   0x0000003c   Code   RO         4765    i.SAI_DMATxCplt     stm32f7xx_hal_sai.o
    0x08006d1c   0x08006d1c   0x0000000a   Code   RO         4766    i.SAI_DMATxHalfCplt  stm32f7xx_hal_sai.o
    0x08006d26   0x08006d26   0x00000002   PAD
    0x08006d28   0x08006d28   0x00000040   Code   RO         4767    i.SAI_Disable       stm32f7xx_hal_sai.o
    0x08006d68   0x08006d68   0x00000032   Code   RO         4771    i.SAI_InterruptFlag  stm32f7xx_hal_sai.o
    0x08006d9a   0x08006d9a   0x00000002   PAD
    0x08006d9c   0x08006d9c   0x0000001c   Code   RO         5995    i.SAIx_In_DeInit    stm32746g_discovery_audio.o
    0x08006db8   0x08006db8   0x000000d8   Code   RO         5996    i.SAIx_In_Init      stm32746g_discovery_audio.o
    0x08006e90   0x08006e90   0x0000001c   Code   RO         5997    i.SAIx_Out_DeInit   stm32746g_discovery_audio.o
    0x08006eac   0x08006eac   0x00000002   Code   RO          316    i.SVC_Handler       stm32f7xx_it.o
    0x08006eae   0x08006eae   0x00000004   Code   RO          317    i.SysTick_Handler   stm32f7xx_it.o
    0x08006eb2   0x08006eb2   0x00000002   PAD
    0x08006eb4   0x08006eb4   0x00000088   Code   RO           22    i.SystemClock_Config  main.o
    0x08006f3c   0x08006f3c   0x00000054   Code   RO         5174    i.SystemInit        system_stm32f7xx.o
    0x08006f90   0x08006f90   0x00000004   Code   RO         5240    i.TS_IO_Delay       stm32746g_discovery.o
    0x08006f94   0x08006f94   0x0000000c   Code   RO         5241    i.TS_IO_Init        stm32746g_discovery.o
    0x08006fa0   0x08006fa0   0x00000028   Code   RO         5242    i.TS_IO_Read        stm32746g_discovery.o
    0x08006fc8   0x08006fc8   0x00000020   Code   RO         5243    i.TS_IO_Write       stm32746g_discovery.o
    0x08006fe8   0x08006fe8   0x00000170   Code   RO          831    i.TremoloWindow_Touch_Detection  tremolo.o
    0x08007158   0x08007158   0x00000002   Code   RO          318    i.UsageFault_Handler  stm32f7xx_it.o
    0x0800715a   0x0800715a   0x00000002   PAD
    0x0800715c   0x0800715c   0x000000e4   Code   RO          475    i.VolumeWindow_Touch_Detection  volume.o
    0x08007240   0x08007240   0x00000028   Code   RO         6655    i.__0sprintf        mc_w.l(printfa.o)
    0x08007268   0x08007268   0x00000022   Code   RO         1834    i.__NVIC_SetPriority  stm32f7xx_hal_cortex.o
    0x0800728a   0x0800728a   0x0000000e   Code   RO         6727    i.__scatterload_copy  mc_w.l(handlers.o)
    0x08007298   0x08007298   0x00000002   Code   RO         6728    i.__scatterload_null  mc_w.l(handlers.o)
    0x0800729a   0x0800729a   0x0000000e   Code   RO         6729    i.__scatterload_zeroinit  mc_w.l(handlers.o)
    0x080072a8   0x080072a8   0x00000164   Code   RO         6660    i._fp_digits        mc_w.l(printfa.o)
    0x0800740c   0x0800740c   0x000006dc   Code   RO         6661    i._printf_core      mc_w.l(printfa.o)
    0x08007ae8   0x08007ae8   0x00000024   Code   RO         6662    i._printf_post_padding  mc_w.l(printfa.o)
    0x08007b0c   0x08007b0c   0x0000002e   Code   RO         6663    i._printf_pre_padding  mc_w.l(printfa.o)
    0x08007b3a   0x08007b3a   0x0000000a   Code   RO         6665    i._sputc            mc_w.l(printfa.o)
    0x08007b44   0x08007b44   0x00000018   Code   RO         6223    i.ft5336_I2C_InitializeIfRequired  ft5336.o
    0x08007b5c   0x08007b5c   0x00000010   Code   RO         6224    i.ft5336_Init       ft5336.o
    0x08007b6c   0x08007b6c   0x0000003a   Code   RO         6225    i.ft5336_ReadID     ft5336.o
    0x08007ba6   0x08007ba6   0x00000002   Code   RO         6226    i.ft5336_Reset      ft5336.o
    0x08007ba8   0x08007ba8   0x00000002   Code   RO         6227    i.ft5336_TS_ClearIT  ft5336.o
    0x08007baa   0x08007baa   0x00000002   PAD
    0x08007bac   0x08007bac   0x00000040   Code   RO         6228    i.ft5336_TS_DetectTouch  ft5336.o
    0x08007bec   0x08007bec   0x0000000a   Code   RO         6229    i.ft5336_TS_DisableIT  ft5336.o
    0x08007bf6   0x08007bf6   0x0000000a   Code   RO         6230    i.ft5336_TS_EnableIT  ft5336.o
    0x08007c00   0x08007c00   0x0000001e   Code   RO         6231    i.ft5336_TS_GetGestureID  ft5336.o
    0x08007c1e   0x08007c1e   0x00000002   PAD
    0x08007c20   0x08007c20   0x000000cc   Code   RO         6232    i.ft5336_TS_GetTouchInfo  ft5336.o
    0x08007cec   0x08007cec   0x00000120   Code   RO         6233    i.ft5336_TS_GetXY   ft5336.o
    0x08007e0c   0x08007e0c   0x00000004   Code   RO         6234    i.ft5336_TS_ITStatus  ft5336.o
    0x08007e10   0x08007e10   0x00000004   Code   RO         6235    i.ft5336_TS_Start   ft5336.o
    0x08007e14   0x08007e14   0x00000144   Code   RO           23    i.main              main.o
    0x08007f58   0x08007f58   0x00000004   Code   RO         6314    i.wm8994_DeInit     wm8994.o
    0x08007f5c   0x08007f5c   0x00000600   Code   RO         6315    i.wm8994_Init       wm8994.o
    0x0800855c   0x0800855c   0x0000001a   Code   RO         6317    i.wm8994_Pause      wm8994.o
    0x08008576   0x08008576   0x00000006   Code   RO         6318    i.wm8994_Play       wm8994.o
    0x0800857c   0x0800857c   0x00000014   Code   RO         6319    i.wm8994_ReadID     wm8994.o
    0x08008590   0x08008590   0x0000001c   Code   RO         6320    i.wm8994_Reset      wm8994.o
    0x080085ac   0x080085ac   0x00000006   Code   RO         6321    i.wm8994_Resume     wm8994.o
    0x080085b2   0x080085b2   0x00000082   Code   RO         6322    i.wm8994_SetFrequency  wm8994.o
    0x08008634   0x08008634   0x00000058   Code   RO         6323    i.wm8994_SetMute    wm8994.o
    0x0800868c   0x0800868c   0x000000bc   Code   RO         6324    i.wm8994_SetOutputMode  wm8994.o
    0x08008748   0x08008748   0x000000b4   Code   RO         6325    i.wm8994_SetVolume  wm8994.o
    0x080087fc   0x080087fc   0x0000007c   Code   RO         6326    i.wm8994_Stop       wm8994.o
    0x08008878   0x08008878   0x00000008   Data   RO         3629    .constdata          stm32f7xx_hal_dma.o
    0x08008880   0x08008880   0x00000010   Data   RO         5175    .constdata          system_stm32f7xx.o
    0x08008890   0x08008890   0x00000018   Data   RO         5245    .constdata          stm32746g_discovery.o
    0x080088a8   0x080088a8   0x00001ab8   Data   RO         5484    .constdata          stm32746g_discovery_lcd.o
    0x0800a360   0x0800a360   0x00000be0   Data   RO         5486    .constdata          stm32746g_discovery_lcd.o
    0x0800af40   0x0800af40   0x00000474   Data   RO         5487    .constdata          stm32746g_discovery_lcd.o
    0x0800b3b4   0x0800b3b4   0x00000020   Data   RO         6725    Region$$Table       anon$$obj.o


    Execution Region RW_IRAM1 (Exec base: 0x20000000, Load base: 0x0800b3d4, Size: 0x00000c38, Max: 0x00050000, ABSOLUTE, COMPRESSED[0x000000f8])

    Exec Addr    Load Addr    Size         Type   Attr      Idx    E Section Name        Object

    0x20000000   COMPRESSED   0x0000007c   Data   RW           26    .data               main.o
    0x2000007c   COMPRESSED   0x00000005   Data   RW          476    .data               volume.o
    0x20000081   COMPRESSED   0x00000007   PAD
    0x20000088   COMPRESSED   0x00000038   Data   RW          520    .data               chorus.o
    0x200000c0   COMPRESSED   0x00000018   Data   RW          572    .data               delay.o
    0x200000d8   COMPRESSED   0x00000020   Data   RW          624    .data               flanger.o
    0x200000f8   COMPRESSED   0x00000010   Data   RW          676    .data               overdrive.o
    0x20000108   COMPRESSED   0x00000018   Data   RW          728    .data               pitch_shifter.o
    0x20000120   COMPRESSED   0x00000018   Data   RW          780    .data               reverb.o
    0x20000138   COMPRESSED   0x00000018   Data   RW          832    .data               tremolo.o
    0x20000150   COMPRESSED   0x0000000c   Data   RW         4006    .data               stm32f7xx_hal.o
    0x2000015c   COMPRESSED   0x00000004   Data   RW         5177    .data               system_stm32f7xx.o
    0x20000160   COMPRESSED   0x00000018   Data   RW         5246    .data               stm32746g_discovery.o
    0x20000178   COMPRESSED   0x0000000c   Data   RW         5489    .data               stm32746g_discovery_lcd.o
    0x20000184   COMPRESSED   0x00000008   Data   RW         5491    .data               stm32746g_discovery_lcd.o
    0x2000018c   COMPRESSED   0x00000008   Data   RW         5492    .data               stm32746g_discovery_lcd.o
    0x20000194   COMPRESSED   0x00000002   Data   RW         5818    .data               stm32746g_discovery_sdram.o
    0x20000196   COMPRESSED   0x00000002   PAD
    0x20000198   COMPRESSED   0x0000000c   Data   RW         5898    .data               stm32746g_discovery_ts.o
    0x200001a4   COMPRESSED   0x00000008   Data   RW         6001    .data               stm32746g_discovery_audio.o
    0x200001ac   COMPRESSED   0x00000028   Data   RW         6236    .data               ft5336.o
    0x200001d4   COMPRESSED   0x00000005   Data   RW         6237    .data               ft5336.o
    0x200001d9   COMPRESSED   0x00000003   PAD
    0x200001dc   COMPRESSED   0x00000030   Data   RW         6327    .data               wm8994.o
    0x2000020c   COMPRESSED   0x0000000c   Data   RW         6328    .data               wm8994.o
    0x20000218        -       0x00000090   Zero   RW           24    .bss                main.o
    0x200002a8        -       0x00000098   Zero   RW         5244    .bss                stm32746g_discovery.o
    0x20000340        -       0x00000184   Zero   RW         5483    .bss                stm32746g_discovery_lcd.o
    0x200004c4        -       0x00000120   Zero   RW         5817    .bss                stm32746g_discovery_sdram.o
    0x200005e4        -       0x00000028   Zero   RW         5897    .bss                stm32746g_discovery_ts.o
    0x2000060c        -       0x00000228   Zero   RW         5999    .bss                stm32746g_discovery_audio.o
    0x20000834   COMPRESSED   0x00000004   PAD
    0x20000838        -       0x00000400   Zero   RW            1    STACK               startup_stm32f746xx.o


==============================================================================

Image component sizes


      Code (inc. data)   RO Data    RW Data    ZI Data      Debug   Object Name

      1784        264          0         56          0       4631   chorus.o
      1192        216          0         24          0       3957   delay.o
      1392        228          0         32          0       4223   flanger.o
       716         38          0         45          0      15087   ft5336.o
      1610        194          0        124        144     909706   main.o
       864        180          0         16          0       3739   overdrive.o
      1492        268          0         24          0       4384   pitch_shifter.o
      1348        236          0         24          0       4298   reverb.o
        36          8        456          0       1024        892   startup_stm32f746xx.o
       936        118         24         24        152      13043   stm32746g_discovery.o
      1352        126          0          8        552      15636   stm32746g_discovery_audio.o
      1732        202      11020         28        388      19484   stm32746g_discovery_lcd.o
       612         54          0          2        288       4568   stm32746g_discovery_sdram.o
       520         22          0         12         40       3487   stm32746g_discovery_ts.o
       150         24          0         12          0       9401   stm32f7xx_hal.o
       198         12          0          0          0      38931   stm32f7xx_hal_cortex.o
       120          6          0          0          0       1219   stm32f7xx_hal_crc.o
        78          0          0          0          0       1263   stm32f7xx_hal_crc_ex.o
      1028         16          8          0          0       6372   stm32f7xx_hal_dma.o
       718          4          0          0          0       4931   stm32f7xx_hal_dma2d.o
       518         60          0          0          0       4439   stm32f7xx_hal_gpio.o
      1610         38          0          0          0      13456   stm32f7xx_hal_i2c.o
      1008          6          0          0          0       6929   stm32f7xx_hal_ltdc.o
       196         26          0          0          0       2192   stm32f7xx_hal_msp.o
       108          8          0          0          0       1376   stm32f7xx_hal_pwr_ex.o
      1224         44          0          0          0       3930   stm32f7xx_hal_rcc.o
      1872         46          0          0          0       4212   stm32f7xx_hal_rcc_ex.o
      1228         50          0          0          0      10430   stm32f7xx_hal_sai.o
       150          0          0          0          0       3316   stm32f7xx_hal_sdram.o
       110         24          0          0          0       8231   stm32f7xx_it.o
       278          6          0          0          0       3448   stm32f7xx_ll_fmc.o
        84         16         16          4          0       1391   system_stm32f7xx.o
      1232        228          0         24          0       4027   tremolo.o
       740        242          0          5          0       2792   volume.o
      2346         26          0         60          0      10422   wm8994.o

    ----------------------------------------------------------------------
     30636       3036      11556        536       2592    1149843   Object Totals
         0          0         32          0          0          0   (incl. Generated)
        54          0          0         12          4          0   (incl. Padding)

    ----------------------------------------------------------------------

      Code (inc. data)   RO Data    RW Data    ZI Data      Debug   Library Member Name

        86          0          0          0          0          0   __dczerorl2.o
         0          0          0          0          0          0   entry.o
         0          0          0          0          0          0   entry10a.o
         0          0          0          0          0          0   entry11a.o
         8          4          0          0          0          0   entry2.o
         4          0          0          0          0          0   entry5.o
         0          0          0          0          0          0   entry7b.o
         0          0          0          0          0          0   entry8b.o
         8          4          0          0          0          0   entry9a.o
        30          0          0          0          0          0   handlers.o
        36          8          0          0          0         68   init.o
         0          0          0          0          0          0   iusefp.o
        30          0          0          0          0         68   llshl.o
        36          0          0          0          0         68   llsshr.o
        32          0          0          0          0         68   llushr.o
        36          0          0          0          0         68   memcpya.o
        36          0          0          0          0        108   memseta.o
      2244         86          0          0          0        512   printfa.o
        44          0          0          0          0         80   uidiv.o
        98          0          0          0          0         92   uldiv.o
        48          0          0          0          0         68   cdcmple.o
        48          0          0          0          0         68   cdrcmple.o
       334          0          0          0          0        148   dadd.o
       222          0          0          0          0        100   ddiv.o
       186          0          0          0          0        176   depilogue.o
        48          0          0          0          0         68   dfixul.o
       228          0          0          0          0         96   dmul.o

    ----------------------------------------------------------------------
      3844        102          0          0          0       1856   Library Totals
         2          0          0          0          0          0   (incl. Padding)

    ----------------------------------------------------------------------

      Code (inc. data)   RO Data    RW Data    ZI Data      Debug   Library Name

      2728        102          0          0          0       1132   mc_w.l
      1114          0          0          0          0        724   mf_w.l

    ----------------------------------------------------------------------
      3844        102          0          0          0       1856   Library Totals

    ----------------------------------------------------------------------

==============================================================================


      Code (inc. data)   RO Data    RW Data    ZI Data      Debug   

     34480       3138      11556        536       2592    1128695   Grand Totals
     34480       3138      11556        248       2592    1128695   ELF Image Totals (compressed)
     34480       3138      11556        248          0          0   ROM Totals

==============================================================================

    Total RO  Size (Code + RO Data)                46036 (  44.96kB)
    Total RW  Size (RW Data + ZI Data)              3128 (   3.05kB)
    Total ROM Size (Code + RO Data + RW Data)      46284 (  45.20kB)

==============================================================================

