<html>
<body>
<pre>
<h1>µVision Build Log</h1>
<h2>Tool Versions:</h2>
IDE-Version: µVision V5.26.2.0
Copyright (C) 2018 ARM Ltd and ARM Germany GmbH. All rights reserved.
License Information: Peter Drzymkowski, Politechnika Warszawska, LIC=BUUPC-7YVPS-LP9ZV-P5J4D-UDXA5-DVKTN
 
Tool Versions:
Toolchain:       MDK-ARM Plus  Version: 5.14.0.0
Toolchain Path:  C:\Keil_v5\ARM\ARMCC\Bin
C Compiler:      Armcc.exe V5.05 update 1 (build 106)
Assembler:       Armasm.exe V5.05 update 1 (build 106)
Linker/Locator:  ArmLink.exe V5.05 update 1 (build 106)
Library Manager: ArmAr.exe V5.05 update 1 (build 106)
Hex Converter:   FromElf.exe V5.05 update 1 (build 106)
CPU DLL:         SARMCM3.DLL V5.14.0.0
Dialog DLL:      DCM.DLL V1.13.1.0
Target DLL:      STLink\ST-LINKIII-KEIL_SWO.dll V2.0.14.0_KEIL
Dialog DLL:      TCM.DLL V1.14.4.0
 
<h2>Project:</h2>
C:\Users\Piotr\Documents\STM32 Projects\Multiefekt_Gitarowy\STM_Multiefekt_Drugie_Podejscie\MDK-ARM\STM_Multiefekt_Drugie_Podejscie.uvprojx
Project File Date:  01/28/2020

<h2>Output:</h2>
*** Using Compiler 'V5.05 update 1 (build 106)', folder: 'C:\Keil_v5\ARM\ARMCC\Bin'
Rebuild target 'STM_Multiefekt_Drugie_Podejscie'
assembling startup_stm32f746xx.s...
compiling flanger.c...
compiling delay.c...
compiling overdrive.c...
compiling volume.c...
compiling chorus.c...
compiling reverb.c...
compiling tremolo.c...
compiling stm32f7xx_hal_ltdc_ex.c...
compiling stm32f7xx_hal_sdram.c...
compiling stm32f7xx_hal_uart.c...
compiling stm32f7xx_hal_ltdc.c...
compiling stm32f7xx_hal_msp.c...
compiling stm32f7xx_it.c...
compiling main.c...
compiling stm32f7xx_ll_fmc.c...
compiling stm32f7xx_hal_crc_ex.c...
compiling stm32f7xx_hal_sai.c...
compiling stm32f7xx_hal_crc.c...
compiling stm32f7xx_hal_cortex.c...
compiling stm32f7xx_hal_i2s.c...
compiling stm32f7xx_hal_dma2d.c...
compiling stm32f7xx_hal_flash_ex.c...
compiling stm32f7xx_hal_gpio.c...
compiling stm32f7xx_hal_flash.c...
compiling stm32f7xx_hal_tim_ex.c...
compiling stm32f7xx_hal_rcc.c...
compiling stm32f7xx_hal_rcc_ex.c...
compiling stm32f7xx_hal_tim.c...
compiling stm32f7xx_hal_dma.c...
compiling stm32f7xx_hal_dma_ex.c...
compiling stm32f7xx_hal_i2c_ex.c...
compiling stm32f7xx_hal_pwr.c...
compiling stm32f7xx_hal_pwr_ex.c...
compiling stm32f7xx_hal.c...
compiling arm_cos_f32.c...
compiling arm_sin_f32.c...
compiling arm_common_tables.c...
compiling stm32f7xx_hal_i2c.c...
compiling stm32f7xx_hal_exti.c...
compiling system_stm32f7xx.c...
compiling stm32f7xx_ll_sdmmc.c...
compiling stm32746g_discovery.c...
compiling ft5336.c...
compiling stm32f7xx_hal_sd.c...
compiling wm8994.c...
compiling stm32746g_discovery_lcd.c...
compiling stm32746g_discovery_sdram.c...
compiling stm32746g_discovery_ts.c...
compiling stm32746g_discovery_sd.c...
compiling stm32746g_discovery_audio.c...
linking...
Program Size: Code=44772 RO-data=13608 RW-data=472 ZI-data=234152  
FromELF: creating hex file...
"STM_Multiefekt_Drugie_Podejscie\STM_Multiefekt_Drugie_Podejscie.axf" - 0 Error(s), 0 Warning(s).

<h2>Software Packages used:</h2>

Package Vendor: ARM
                http://www.keil.com/pack/ARM.CMSIS.5.6.0.pack
                ARM.CMSIS.5.6.0
                CMSIS (Cortex Microcontroller Software Interface Standard)
   * Component: CORE Version: 5.3.0

Package Vendor: Keil
                http://www.keil.com/pack/Keil.STM32F7xx_DFP.2.11.0.pack
                Keil.STM32F7xx_DFP.2.11.0
                STMicroelectronics STM32F7 Series Device Support, Drivers and Examples

<h2>Collection of Component include folders:</h2>
  .\RTE\_STM_Multiefekt_Drugie_Podejscie
  C:\Keil_v5\ARM\PACK\ARM\CMSIS\5.6.0\CMSIS\Core\Include
  C:\Keil_v5\ARM\PACK\Keil\STM32F7xx_DFP\2.11.0\Drivers\CMSIS\Device\ST\STM32F7xx\Include

<h2>Collection of Component Files used:</h2>

   * Component: ARM::CMSIS:CORE:5.3.0
Build Time Elapsed:  00:01:52
</pre>
</body>
</html>
