Component: ARM Compiler 5.05 update 1 (build 106) Tool: armlink [4d0efa]

==============================================================================

Section Cross References

    startup_stm32f746xx.o(RESET) refers to startup_stm32f746xx.o(STACK) for __initial_sp
    startup_stm32f746xx.o(RESET) refers to startup_stm32f746xx.o(.text) for Reset_Handler
    startup_stm32f746xx.o(RESET) refers to stm32f7xx_it.o(i.NMI_Handler) for NMI_Handler
    startup_stm32f746xx.o(RESET) refers to stm32f7xx_it.o(i.HardFault_Handler) for HardFault_Handler
    startup_stm32f746xx.o(RESET) refers to stm32f7xx_it.o(i.MemManage_Handler) for MemManage_Handler
    startup_stm32f746xx.o(RESET) refers to stm32f7xx_it.o(i.BusFault_Handler) for BusFault_Handler
    startup_stm32f746xx.o(RESET) refers to stm32f7xx_it.o(i.UsageFault_Handler) for UsageFault_Handler
    startup_stm32f746xx.o(RESET) refers to stm32f7xx_it.o(i.SVC_Handler) for SVC_Handler
    startup_stm32f746xx.o(RESET) refers to stm32f7xx_it.o(i.DebugMon_Handler) for DebugMon_Handler
    startup_stm32f746xx.o(RESET) refers to stm32f7xx_it.o(i.PendSV_Handler) for PendSV_Handler
    startup_stm32f746xx.o(RESET) refers to stm32f7xx_it.o(i.SysTick_Handler) for SysTick_Handler
    startup_stm32f746xx.o(RESET) refers to stm32f7xx_it.o(i.EXTI0_IRQHandler) for EXTI0_IRQHandler
    startup_stm32f746xx.o(RESET) refers to stm32f7xx_it.o(i.EXTI2_IRQHandler) for EXTI2_IRQHandler
    startup_stm32f746xx.o(RESET) refers to stm32f7xx_it.o(i.TIM1_UP_TIM10_IRQHandler) for TIM1_UP_TIM10_IRQHandler
    startup_stm32f746xx.o(RESET) refers to stm32f7xx_it.o(i.EXTI15_10_IRQHandler) for EXTI15_10_IRQHandler
    startup_stm32f746xx.o(RESET) refers to stm32f7xx_it.o(i.DMA2_Stream0_IRQHandler) for DMA2_Stream0_IRQHandler
    startup_stm32f746xx.o(RESET) refers to stm32f7xx_it.o(i.DMA2_Stream4_IRQHandler) for DMA2_Stream4_IRQHandler
    startup_stm32f746xx.o(RESET) refers to stm32f7xx_it.o(i.DMA2_Stream7_IRQHandler) for DMA2_Stream7_IRQHandler
    startup_stm32f746xx.o(RESET) refers to stm32f7xx_it.o(i.LTDC_IRQHandler) for LTDC_IRQHandler
    startup_stm32f746xx.o(.text) refers to system_stm32f7xx.o(i.SystemInit) for SystemInit
    startup_stm32f746xx.o(.text) refers to entry.o(.ARM.Collect$$$$00000000) for __main
    volume.o(i.Display_Current_Volume) refers to stm32746g_discovery_lcd.o(i.BSP_LCD_SetTextColor) for BSP_LCD_SetTextColor
    volume.o(i.Display_Current_Volume) refers to stm32746g_discovery_lcd.o(i.BSP_LCD_SetBackColor) for BSP_LCD_SetBackColor
    volume.o(i.Display_Current_Volume) refers to stm32746g_discovery_lcd.o(i.BSP_LCD_SetFont) for BSP_LCD_SetFont
    volume.o(i.Display_Current_Volume) refers to printfa.o(i.__0sprintf) for __2sprintf
    volume.o(i.Display_Current_Volume) refers to stm32746g_discovery_lcd.o(i.BSP_LCD_DisplayStringAt) for BSP_LCD_DisplayStringAt
    volume.o(i.Display_Current_Volume) refers to stm32746g_discovery_lcd.o(.data) for Font24
    volume.o(i.Display_Current_Volume) refers to volume.o(.data) for .data
    volume.o(i.Display_Volume_Window) refers to stm32746g_discovery_lcd.o(i.BSP_LCD_Clear) for BSP_LCD_Clear
    volume.o(i.Display_Volume_Window) refers to stm32746g_discovery_lcd.o(i.BSP_LCD_SetTextColor) for BSP_LCD_SetTextColor
    volume.o(i.Display_Volume_Window) refers to stm32746g_discovery_lcd.o(i.BSP_LCD_FillRect) for BSP_LCD_FillRect
    volume.o(i.Display_Volume_Window) refers to stm32746g_discovery_lcd.o(i.BSP_LCD_GetYSize) for BSP_LCD_GetYSize
    volume.o(i.Display_Volume_Window) refers to stm32746g_discovery_lcd.o(i.BSP_LCD_SetBackColor) for BSP_LCD_SetBackColor
    volume.o(i.Display_Volume_Window) refers to stm32746g_discovery_lcd.o(i.BSP_LCD_SetFont) for BSP_LCD_SetFont
    volume.o(i.Display_Volume_Window) refers to stm32746g_discovery_lcd.o(i.BSP_LCD_DisplayStringAt) for BSP_LCD_DisplayStringAt
    volume.o(i.Display_Volume_Window) refers to volume.o(i.Display_Current_Volume) for Display_Current_Volume
    volume.o(i.Display_Volume_Window) refers to stm32746g_discovery_lcd.o(.data) for Font24
    volume.o(i.Display_Volume_Window) refers to stm32746g_discovery_lcd.o(.data) for Font12
    volume.o(i.Display_Volume_Window) refers to stm32746g_discovery_lcd.o(.data) for Font16
    volume.o(i.Display_Volume_Window) refers to volume.o(.data) for .data
    volume.o(i.VolumeWindow_Touch_Detection) refers to volume.o(i.Display_Current_Volume) for Display_Current_Volume
    volume.o(i.VolumeWindow_Touch_Detection) refers to main.o(i.Display_MainWindow) for Display_MainWindow
    volume.o(i.VolumeWindow_Touch_Detection) refers to stm32746g_discovery_lcd.o(i.BSP_LCD_GetYSize) for BSP_LCD_GetYSize
    volume.o(i.VolumeWindow_Touch_Detection) refers to stm32746g_discovery_audio.o(i.BSP_AUDIO_OUT_SetVolume) for BSP_AUDIO_OUT_SetVolume
    volume.o(i.VolumeWindow_Touch_Detection) refers to stm32746g_discovery_lcd.o(i.BSP_LCD_SetBackColor) for BSP_LCD_SetBackColor
[...]
    _clock_init                               - Undefined Weak Reference
    _microlib_exit                            - Undefined Weak Reference
    __Vectors_Size                           0x000001c8   Number         0  startup_stm32f746xx.o ABSOLUTE
    __Vectors                                0x08000000   Data           4  startup_stm32f746xx.o(RESET)
    __Vectors_End                            0x080001c8   Data           0  startup_stm32f746xx.o(RESET)
    __main                                   0x080001c9   Thumb Code     0  entry.o(.ARM.Collect$$$$00000000)
    _main_stk                                0x080001c9   Thumb Code     0  entry2.o(.ARM.Collect$$$$00000001)
    _main_scatterload                        0x080001cd   Thumb Code     0  entry5.o(.ARM.Collect$$$$00000004)
    __main_after_scatterload                 0x080001d1   Thumb Code     0  entry5.o(.ARM.Collect$$$$00000004)
    _main_clock                              0x080001d1   Thumb Code     0  entry7b.o(.ARM.Collect$$$$00000008)
    _main_cpp_init                           0x080001d1   Thumb Code     0  entry8b.o(.ARM.Collect$$$$0000000A)
    _main_init                               0x080001d1   Thumb Code     0  entry9a.o(.ARM.Collect$$$$0000000B)
    __rt_final_cpp                           0x080001d9   Thumb Code     0  entry10a.o(.ARM.Collect$$$$0000000D)
    __rt_final_exit                          0x080001d9   Thumb Code     0  entry11a.o(.ARM.Collect$$$$0000000F)
    Reset_Handler                            0x080001dd   Thumb Code     8  startup_stm32f746xx.o(.text)
    ADC_IRQHandler                           0x080001f7   Thumb Code     0  startup_stm32f746xx.o(.text)
    CAN1_RX0_IRQHandler                      0x080001f7   Thumb Code     0  startup_stm32f746xx.o(.text)
    CAN1_RX1_IRQHandler                      0x080001f7   Thumb Code     0  startup_stm32f746xx.o(.text)
    CAN1_SCE_IRQHandler                      0x080001f7   Thumb Code     0  startup_stm32f746xx.o(.text)
    CAN1_TX_IRQHandler                       0x080001f7   Thumb Code     0  startup_stm32f746xx.o(.text)
    CAN2_RX0_IRQHandler                      0x080001f7   Thumb Code     0  startup_stm32f746xx.o(.text)
    CAN2_RX1_IRQHandler                      0x080001f7   Thumb Code     0  startup_stm32f746xx.o(.text)
    CAN2_SCE_IRQHandler                      0x080001f7   Thumb Code     0  startup_stm32f746xx.o(.text)
    CAN2_TX_IRQHandler                       0x080001f7   Thumb Code     0  startup_stm32f746xx.o(.text)
    CEC_IRQHandler                           0x080001f7   Thumb Code     0  startup_stm32f746xx.o(.text)
    DCMI_IRQHandler                          0x080001f7   Thumb Code     0  startup_stm32f746xx.o(.text)
    DMA1_Stream0_IRQHandler                  0x080001f7   Thumb Code     0  startup_stm32f746xx.o(.text)
    DMA1_Stream1_IRQHandler                  0x080001f7   Thumb Code     0  startup_stm32f746xx.o(.text)
    DMA1_Stream2_IRQHandler                  0x080001f7   Thumb Code     0  startup_stm32f746xx.o(.text)
    DMA1_Stream3_IRQHandler                  0x080001f7   Thumb Code     0  startup_stm32f746xx.o(.text)
    DMA1_Stream4_IRQHandler                  0x080001f7   Thumb Code     0  startup_stm32f746xx.o(.text)
    DMA1_Stream5_IRQHandler                  0x080001f7   Thumb Code     0  startup_stm32f746xx.o(.text)
    DMA1_Stream6_IRQHandler                  0x080001f7   Thumb Code     0  startup_stm32f746xx.o(.text)
    DMA1_Stream7_IRQHandler                  0x080001f7   Thumb Code     0  startup_stm32f746xx.o(.text)
    DMA2D_IRQHandler                         0x080001f7   Thumb Code     0  startup_stm32f746xx.o(.text)
    DMA2_Stream1_IRQHandler                  0x080001f7   Thumb Code     0  startup_stm32f746xx.o(.text)
    DMA2_Stream2_IRQHandler                  0x080001f7   Thumb Code     0  startup_stm32f746xx.o(.text)
    DMA2_Stream3_IRQHandler                  0x080001f7   Thumb Code     0  startup_stm32f746xx.o(.text)
    DMA2_Stream5_IRQHandler                  0x080001f7   Thumb Code     0  startup_stm32f746xx.o(.text)
    DMA2_Stream6_IRQHandler                  0x080001f7   Thumb Code     0  startup_stm32f746xx.o(.text)
    ETH_IRQHandler                           0x080001f7   Thumb Code     0  startup_stm32f746xx.o(.text)
    ETH_WKUP_IRQHandler                      0x080001f7   Thumb Code     0  startup_stm32f746xx.o(.text)
    EXTI1_IRQHandler                         0x080001f7   Thumb Code     0  startup_stm32f746xx.o(.text)
    EXTI3_IRQHandler                         0x080001f7   Thumb Code     0  startup_stm32f746xx.o(.text)
    EXTI4_IRQHandler                         0x080001f7   Thumb Code     0  startup_stm32f746xx.o(.text)
    EXTI9_5_IRQHandler                       0x080001f7   Thumb Code     0  startup_stm32f746xx.o(.text)
    FLASH_IRQHandler                         0x080001f7   Thumb Code     0  startup_stm32f746xx.o(.text)
    FMC_IRQHandler                           0x080001f7   Thumb Code     0  startup_stm32f746xx.o(.text)
    FPU_IRQHandler                           0x080001f7   Thumb Code     0  startup_stm32f746xx.o(.text)
    I2C1_ER_IRQHandler                       0x080001f7   Thumb Code     0  startup_stm32f746xx.o(.text)
    I2C1_EV_IRQHandler                       0x080001f7   Thumb Code     0  startup_stm32f746xx.o(.text)
    I2C2_ER_IRQHandler                       0x080001f7   Thumb Code     0  startup_stm32f746xx.o(.text)
    I2C2_EV_IRQHandler                       0x080001f7   Thumb Code     0  startup_stm32f746xx.o(.text)
    I2C3_ER_IRQHandler                       0x080001f7   Thumb Code     0  startup_stm32f746xx.o(.text)
    I2C3_EV_IRQHandler                       0x080001f7   Thumb Code     0  startup_stm32f746xx.o(.text)
    I2C4_ER_IRQHandler                       0x080001f7   Thumb Code     0  startup_stm32f746xx.o(.text)
    I2C4_EV_IRQHandler                       0x080001f7   Thumb Code     0  startup_stm32f746xx.o(.text)
    LPTIM1_IRQHandler                        0x080001f7   Thumb Code     0  startup_stm32f746xx.o(.text)
    LTDC_ER_IRQHandler                       0x080001f7   Thumb Code     0  startup_stm32f746xx.o(.text)
    OTG_FS_IRQHandler                        0x080001f7   Thumb Code     0  startup_stm32f746xx.o(.text)
    OTG_FS_WKUP_IRQHandler                   0x080001f7   Thumb Code     0  startup_stm32f746xx.o(.text)
    OTG_HS_EP1_IN_IRQHandler                 0x080001f7   Thumb Code     0  startup_stm32f746xx.o(.text)
    OTG_HS_EP1_OUT_IRQHandler                0x080001f7   Thumb Code     0  startup_stm32f746xx.o(.text)
    OTG_HS_IRQHandler                        0x080001f7   Thumb Code     0  startup_stm32f746xx.o(.text)
    OTG_HS_WKUP_IRQHandler                   0x080001f7   Thumb Code     0  startup_stm32f746xx.o(.text)
    PVD_IRQHandler                           0x080001f7   Thumb Code     0  startup_stm32f746xx.o(.text)
    QUADSPI_IRQHandler                       0x080001f7   Thumb Code     0  startup_stm32f746xx.o(.text)
    RCC_IRQHandler                           0x080001f7   Thumb Code     0  startup_stm32f746xx.o(.text)
    RNG_IRQHandler                           0x080001f7   Thumb Code     0  startup_stm32f746xx.o(.text)
    RTC_Alarm_IRQHandler                     0x080001f7   Thumb Code     0  startup_stm32f746xx.o(.text)
    RTC_WKUP_IRQHandler                      0x080001f7   Thumb Code     0  startup_stm32f746xx.o(.text)
    SAI1_IRQHandler                          0x080001f7   Thumb Code     0  startup_stm32f746xx.o(.text)
    SAI2_IRQHandler                          0x080001f7   Thumb Code     0  startup_stm32f746xx.o(.text)
    SDMMC1_IRQHandler                        0x080001f7   Thumb Code     0  startup_stm32f746xx.o(.text)
    SPDIF_RX_IRQHandler                      0x080001f7   Thumb Code     0  startup_stm32f746xx.o(.text)
    SPI1_IRQHandler                          0x080001f7   Thumb Code     0  startup_stm32f746xx.o(.text)
    SPI2_IRQHandler                          0x080001f7   Thumb Code     0  startup_stm32f746xx.o(.text)
    SPI3_IRQHandler                          0x080001f7   Thumb Code     0  startup_stm32f746xx.o(.text)
    SPI4_IRQHandler                          0x080001f7   Thumb Code     0  startup_stm32f746xx.o(.text)
    SPI5_IRQHandler                          0x080001f7   Thumb Code     0  startup_stm32f746xx.o(.text)
    SPI6_IRQHandler                          0x080001f7   Thumb Code     0  startup_stm32f746xx.o(.text)
    TAMP_STAMP_IRQHandler                    0x080001f7   Thumb Code     0  startup_stm32f746xx.o(.text)
    TIM1_BRK_TIM9_IRQHandler                 0x080001f7   Thumb Code     0  startup_stm32f746xx.o(.text)
    TIM1_CC_IRQHandler                       0x080001f7   Thumb Code     0  startup_stm32f746xx.o(.text)
    TIM1_TRG_COM_TIM11_IRQHandler            0x080001f7   Thumb Code     0  startup_stm32f746xx.o(.text)
    TIM2_IRQHandler                          0x080001f7   Thumb Code     0  startup_stm32f746xx.o(.text)
    TIM3_IRQHandler                          0x080001f7   Thumb Code     0  startup_stm32f746xx.o(.text)
    TIM4_IRQHandler                          0x080001f7   Thumb Code     0  startup_stm32f746xx.o(.text)
    TIM5_IRQHandler                          0x080001f7   Thumb Code     0  startup_stm32f746xx.o(.text)
    TIM6_DAC_IRQHandler                      0x080001f7   Thumb Code     0  startup_stm32f746xx.o(.text)
    TIM7_IRQHandler                          0x080001f7   Thumb Code     0  startup_stm32f746xx.o(.text)
    TIM8_BRK_TIM12_IRQHandler                0x080001f7   Thumb Code     0  startup_stm32f746xx.o(.text)
    TIM8_CC_IRQHandler                       0x080001f7   Thumb Code     0  startup_stm32f746xx.o(.text)
    TIM8_TRG_COM_TIM14_IRQHandler            0x080001f7   Thumb Code     0  startup_stm32f746xx.o(.text)
    TIM8_UP_TIM13_IRQHandler                 0x080001f7   Thumb Code     0  startup_stm32f746xx.o(.text)
    UART4_IRQHandler                         0x080001f7   Thumb Code     0  startup_stm32f746xx.o(.text)
    UART5_IRQHandler                         0x080001f7   Thumb Code     0  startup_stm32f746xx.o(.text)
    UART7_IRQHandler                         0x080001f7   Thumb Code     0  startup_stm32f746xx.o(.text)
    UART8_IRQHandler                         0x080001f7   Thumb Code     0  startup_stm32f746xx.o(.text)
    USART1_IRQHandler                        0x080001f7   Thumb Code     0  startup_stm32f746xx.o(.text)
    USART2_IRQHandler                        0x080001f7   Thumb Code     0  startup_stm32f746xx.o(.text)
    USART3_IRQHandler                        0x080001f7   Thumb Code     0  startup_stm32f746xx.o(.text)
    USART6_IRQHandler                        0x080001f7   Thumb Code     0  startup_stm32f746xx.o(.text)
    WWDG_IRQHandler                          0x080001f7   Thumb Code     0  startup_stm32f746xx.o(.text)
    __aeabi_uldivmod                         0x08000201   Thumb Code    98  uldiv.o(.text)
    __aeabi_memcpy                           0x08000263   Thumb Code    36  memcpya.o(.text)
    __aeabi_memcpy4                          0x08000263   Thumb Code     0  memcpya.o(.text)
    __aeabi_memcpy8                          0x08000263   Thumb Code     0  memcpya.o(.text)
    __aeabi_memset                           0x08000287   Thumb Code    14  memseta.o(.text)
    __aeabi_memset4                          0x08000287   Thumb Code     0  memseta.o(.text)
    __aeabi_memset8                          0x08000287   Thumb Code     0  memseta.o(.text)
    __aeabi_memclr                           0x08000295   Thumb Code     4  memseta.o(.text)
    __aeabi_memclr4                          0x08000295   Thumb Code     0  memseta.o(.text)
    __aeabi_memclr8                          0x08000295   Thumb Code     0  memseta.o(.text)
    _memset$wrapper                          0x08000299   Thumb Code    18  memseta.o(.text)
    __aeabi_dadd                             0x080002ab   Thumb Code   322  dadd.o(.text)
    __aeabi_dsub                             0x080003ed   Thumb Code     6  dadd.o(.text)
    __aeabi_drsub                            0x080003f3   Thumb Code     6  dadd.o(.text)
    __aeabi_dmul                             0x080003f9   Thumb Code   228  dmul.o(.text)
    __aeabi_d2uiz                            0x080004dd   Thumb Code    50  dfixui.o(.text)
    __aeabi_cdcmpeq                          0x08000511   Thumb Code     0  cdcmple.o(.text)
    __aeabi_cdcmple                          0x08000511   Thumb Code    48  cdcmple.o(.text)
    __aeabi_cdrcmple                         0x08000541   Thumb Code    48  cdrcmple.o(.text)
    __aeabi_uidiv                            0x08000571   Thumb Code     0  uidiv.o(.text)
    __aeabi_uidivmod                         0x08000571   Thumb Code    44  uidiv.o(.text)
    __aeabi_llsl                             0x0800059d   Thumb Code    30  llshl.o(.text)
    _ll_shift_l                              0x0800059d   Thumb Code     0  llshl.o(.text)
    __aeabi_llsr                             0x080005bb   Thumb Code    32  llushr.o(.text)
    _ll_ushift_r                             0x080005bb   Thumb Code     0  llushr.o(.text)
    __aeabi_lasr                             0x080005db   Thumb Code    36  llsshr.o(.text)
    _ll_sshift_r                             0x080005db   Thumb Code     0  llsshr.o(.text)
    __I$use$fp                               0x080005ff   Thumb Code     0  iusefp.o(.text)
    _double_round                            0x080005ff   Thumb Code    30  depilogue.o(.text)
    _double_epilogue                         0x0800061d   Thumb Code   156  depilogue.o(.text)
    __aeabi_ddiv                             0x080006b9   Thumb Code   222  ddiv.o(.text)
    __aeabi_d2ulz                            0x08000797   Thumb Code    48  dfixul.o(.text)
    __scatterload                            0x080007c9   Thumb Code    28  init.o(.text)
    __scatterload_rt2                        0x080007c9   Thumb Code     0  init.o(.text)
    __decompress                             0x080007ed   Thumb Code     0  __dczerorl2.o(.text)
    __decompress1                            0x080007ed   Thumb Code    86  __dczerorl2.o(.text)
    AUDIO_IO_DeInit                          0x08000843   Thumb Code     2  stm32746g_discovery.o(i.AUDIO_IO_DeInit)
    AUDIO_IO_Delay                           0x08000845   Thumb Code     4  stm32746g_discovery.o(i.AUDIO_IO_Delay)
    AUDIO_IO_Init                            0x08000849   Thumb Code     6  stm32746g_discovery.o(i.AUDIO_IO_Init)
    AUDIO_IO_Read                            0x08000855   Thumb Code    46  stm32746g_discovery.o(i.AUDIO_IO_Read)
    AUDIO_IO_Write                           0x08000889   Thumb Code    46  stm32746g_discovery.o(i.AUDIO_IO_Write)
    BSP_AUDIO_IN_Error_CallBack              0x080008bd   Thumb Code    46  main.o(i.BSP_AUDIO_IN_Error_CallBack)
    BSP_AUDIO_IN_HalfTransfer_CallBack       0x08000909   Thumb Code     8  main.o(i.BSP_AUDIO_IN_HalfTransfer_CallBack)
    BSP_AUDIO_IN_MspInit                     0x08000915   Thumb Code   232  stm32746g_discovery_audio.o(i.BSP_AUDIO_IN_MspInit)
    BSP_AUDIO_IN_OUT_Init                    0x08000a15   Thumb Code   144  stm32746g_discovery_audio.o(i.BSP_AUDIO_IN_OUT_Init)
    BSP_AUDIO_IN_Record                      0x08000ab5   Thumb Code    16  stm32746g_discovery_audio.o(i.BSP_AUDIO_IN_Record)
    BSP_AUDIO_IN_TransferComplete_CallBack   0x08000ac9   Thumb Code     8  main.o(i.BSP_AUDIO_IN_TransferComplete_CallBack)
    BSP_AUDIO_OUT_ClockConfig                0x08000ad5   Thumb Code    82  stm32746g_discovery_audio.o(i.BSP_AUDIO_OUT_ClockConfig)
    BSP_AUDIO_OUT_Error_CallBack             0x08000b27   Thumb Code     2  stm32746g_discovery_audio.o(i.BSP_AUDIO_OUT_Error_CallBack)
    BSP_AUDIO_OUT_HalfTransfer_CallBack      0x08000b29   Thumb Code     2  stm32746g_discovery_audio.o(i.BSP_AUDIO_OUT_HalfTransfer_CallBack)
    BSP_AUDIO_OUT_MspInit                    0x08000b2d   Thumb Code   290  stm32746g_discovery_audio.o(i.BSP_AUDIO_OUT_MspInit)
    BSP_AUDIO_OUT_Play                       0x08000c65   Thumb Code    54  stm32746g_discovery_audio.o(i.BSP_AUDIO_OUT_Play)
    BSP_AUDIO_OUT_SetAudioFrameSlot          0x08000ca5   Thumb Code    34  stm32746g_discovery_audio.o(i.BSP_AUDIO_OUT_SetAudioFrameSlot)
    BSP_AUDIO_OUT_SetMute                    0x08000ccd   Thumb Code    22  stm32746g_discovery_audio.o(i.BSP_AUDIO_OUT_SetMute)
    BSP_AUDIO_OUT_SetVolume                  0x08000ce9   Thumb Code    22  stm32746g_discovery_audio.o(i.BSP_AUDIO_OUT_SetVolume)
    BSP_AUDIO_OUT_TransferComplete_CallBack  0x08000d05   Thumb Code     2  stm32746g_discovery_audio.o(i.BSP_AUDIO_OUT_TransferComplete_CallBack)
    BSP_LCD_Clear                            0x08000d09   Thumb Code    48  stm32746g_discovery_lcd.o(i.BSP_LCD_Clear)
    BSP_LCD_ClockConfig                      0x08000d41   Thumb Code    26  stm32746g_discovery_lcd.o(i.BSP_LCD_ClockConfig)
    BSP_LCD_DisplayChar                      0x08000d61   Thumb Code    44  stm32746g_discovery_lcd.o(i.BSP_LCD_DisplayChar)
    BSP_LCD_DisplayOn                        0x08000d95   Thumb Code    38  stm32746g_discovery_lcd.o(i.BSP_LCD_DisplayOn)
    BSP_LCD_DisplayStringAt                  0x08000dc9   Thumb Code   192  stm32746g_discovery_lcd.o(i.BSP_LCD_DisplayStringAt)
    BSP_LCD_DrawPixel                        0x08000e91   Thumb Code    90  stm32746g_discovery_lcd.o(i.BSP_LCD_DrawPixel)
    BSP_LCD_FillRect                         0x08000ef5   Thumb Code   148  stm32746g_discovery_lcd.o(i.BSP_LCD_FillRect)
    BSP_LCD_GetFont                          0x08000f91   Thumb Code    18  stm32746g_discovery_lcd.o(i.BSP_LCD_GetFont)
    BSP_LCD_GetXSize                         0x08000fad   Thumb Code    22  stm32746g_discovery_lcd.o(i.BSP_LCD_GetXSize)
    BSP_LCD_GetYSize                         0x08000fcd   Thumb Code    22  stm32746g_discovery_lcd.o(i.BSP_LCD_GetYSize)
    BSP_LCD_Init                             0x08000fed   Thumb Code   142  stm32746g_discovery_lcd.o(i.BSP_LCD_Init)
    BSP_LCD_LayerDefaultInit                 0x08001091   Thumb Code   112  stm32746g_discovery_lcd.o(i.BSP_LCD_LayerDefaultInit)
    BSP_LCD_MspInit                          0x08001109   Thumb Code   286  stm32746g_discovery_lcd.o(i.BSP_LCD_MspInit)
    BSP_LCD_SelectLayer                      0x08001241   Thumb Code     6  stm32746g_discovery_lcd.o(i.BSP_LCD_SelectLayer)
    BSP_LCD_SetBackColor                     0x0800124d   Thumb Code    18  stm32746g_discovery_lcd.o(i.BSP_LCD_SetBackColor)
    BSP_LCD_SetFont                          0x08001269   Thumb Code    18  stm32746g_discovery_lcd.o(i.BSP_LCD_SetFont)
    BSP_LCD_SetTextColor                     0x08001285   Thumb Code    16  stm32746g_discovery_lcd.o(i.BSP_LCD_SetTextColor)
    BSP_LED_Init                             0x0800129d   Thumb Code    68  stm32746g_discovery.o(i.BSP_LED_Init)
    BSP_PB_GetState                          0x080012ed   Thumb Code    16  stm32746g_discovery.o(i.BSP_PB_GetState)
    BSP_PB_Init                              0x08001305   Thumb Code   128  stm32746g_discovery.o(i.BSP_PB_Init)
    BSP_SDRAM_Init                           0x08001399   Thumb Code   108  stm32746g_discovery_sdram.o(i.BSP_SDRAM_Init)
    BSP_SDRAM_Initialization_sequence        0x08001411   Thumb Code   128  stm32746g_discovery_sdram.o(i.BSP_SDRAM_Initialization_sequence)
    BSP_SDRAM_MspInit                        0x08001495   Thumb Code   322  stm32746g_discovery_sdram.o(i.BSP_SDRAM_MspInit)
    BSP_TS_GetState                          0x080015fd   Thumb Code   360  stm32746g_discovery_ts.o(i.BSP_TS_GetState)
    BSP_TS_Get_GestureId                     0x0800176d   Thumb Code    88  stm32746g_discovery_ts.o(i.BSP_TS_Get_GestureId)
    BSP_TS_Init                              0x080017c9   Thumb Code    50  stm32746g_discovery_ts.o(i.BSP_TS_Init)
    BusFault_Handler                         0x08001805   Thumb Code     2  stm32f7xx_it.o(i.BusFault_Handler)
    ChorusWindow_Touch_Detection             0x08001811   Thumb Code   572  chorus.o(i.ChorusWindow_Touch_Detection)
    Current_Window_Select                    0x08001a79   Thumb Code    66  main.o(i.Current_Window_Select)
    DMA2_Stream0_IRQHandler                  0x08001b55   Thumb Code     8  stm32f7xx_it.o(i.DMA2_Stream0_IRQHandler)
    DMA2_Stream4_IRQHandler                  0x08001b61   Thumb Code     8  stm32f7xx_it.o(i.DMA2_Stream4_IRQHandler)
    DMA2_Stream7_IRQHandler                  0x08001b6d   Thumb Code     8  stm32f7xx_it.o(i.DMA2_Stream7_IRQHandler)
    DebugMon_Handler                         0x08001c1d   Thumb Code     2  stm32f7xx_it.o(i.DebugMon_Handler)
    DelayWindow_Touch_Detection              0x08001c21   Thumb Code   310  delay.o(i.DelayWindow_Touch_Detection)
    Display_Chorus_Window                    0x08001d7d   Thumb Code   594  chorus.o(i.Display_Chorus_Window)
    Display_Current_Parametres_Chorus        0x08002065   Thumb Code   200  chorus.o(i.Display_Current_Parametres_Chorus)
    Display_Current_Parametres_Delay         0x08002145   Thumb Code    98  delay.o(i.Display_Current_Parametres_Delay)
    Display_Current_Parametres_Flanger       0x080021c1   Thumb Code   132  flanger.o(i.Display_Current_Parametres_Flanger)
    Display_Current_Parametres_Overdrive     0x0800225d   Thumb Code    58  overdrive.o(i.Display_Current_Parametres_Overdrive)
    Display_Current_Parametres_PitchShifter  0x080022ad   Thumb Code   112  pitch_shifter.o(i.Display_Current_Parametres_PitchShifter)
    Display_Current_Parametres_Reverb        0x08002339   Thumb Code   176  reverb.o(i.Display_Current_Parametres_Reverb)
    Display_Current_Parametres_Tremolo       0x08002401   Thumb Code    98  tremolo.o(i.Display_Current_Parametres_Tremolo)
    Display_Current_Volume                   0x0800247d   Thumb Code    52  volume.o(i.Display_Current_Volume)
    Display_Delay_Window                     0x080024c1   Thumb Code   408  delay.o(i.Display_Delay_Window)
    Display_Flanger_Window                   0x080026c5   Thumb Code   474  flanger.o(i.Display_Flanger_Window)
    Display_MainWindow                       0x08002919   Thumb Code   180  main.o(i.Display_MainWindow)
    Display_On_Off_Info_Chorus               0x080029d9   Thumb Code   154  chorus.o(i.Display_On_Off_Info_Chorus)
    Display_On_Off_Info_Delay                0x08002aa1   Thumb Code   154  delay.o(i.Display_On_Off_Info_Delay)
    Display_On_Off_Info_Flanger              0x08002b69   Thumb Code   154  flanger.o(i.Display_On_Off_Info_Flanger)
    Display_On_Off_Info_Overdrive            0x08002c31   Thumb Code   154  overdrive.o(i.Display_On_Off_Info_Overdrive)
    Display_On_Off_Info_PitchShifter         0x08002cf9   Thumb Code   154  pitch_shifter.o(i.Display_On_Off_Info_PitchShifter)
    Display_On_Off_Info_Reverb               0x08002dc1   Thumb Code   154  reverb.o(i.Display_On_Off_Info_Reverb)
    Display_On_Off_Info_Tremolo              0x08002e89   Thumb Code   154  tremolo.o(i.Display_On_Off_Info_Tremolo)
    Display_Overdrive_Window                 0x08002f51   Thumb Code   290  overdrive.o(i.Display_Overdrive_Window)
    Display_PitchShifter_Window              0x080030cd   Thumb Code   418  pitch_shifter.o(i.Display_PitchShifter_Window)
    Display_Reverb_Window                    0x080032e1   Thumb Code   480  reverb.o(i.Display_Reverb_Window)
    Display_Tremolo_Window                   0x08003549   Thumb Code   418  tremolo.o(i.Display_Tremolo_Window)
    Display_Volume_Window                    0x08003761   Thumb Code   246  volume.o(i.Display_Volume_Window)
    EXTI0_IRQHandler                         0x080039cd   Thumb Code     8  stm32f7xx_it.o(i.EXTI0_IRQHandler)
    EXTI15_10_IRQHandler                     0x080039d5   Thumb Code    22  stm32f7xx_it.o(i.EXTI15_10_IRQHandler)
    EXTI2_IRQHandler                         0x080039f1   Thumb Code     6  stm32f7xx_it.o(i.EXTI2_IRQHandler)
    FMC_SDRAM_Init                           0x080039f7   Thumb Code    94  stm32f7xx_ll_fmc.o(i.FMC_SDRAM_Init)
    FMC_SDRAM_ProgramRefreshRate             0x08003a55   Thumb Code    12  stm32f7xx_ll_fmc.o(i.FMC_SDRAM_ProgramRefreshRate)
    FMC_SDRAM_SendCommand                    0x08003a61   Thumb Code    32  stm32f7xx_ll_fmc.o(i.FMC_SDRAM_SendCommand)
    FMC_SDRAM_Timing_Init                    0x08003a81   Thumb Code   134  stm32f7xx_ll_fmc.o(i.FMC_SDRAM_Timing_Init)
    FlangerWindow_Touch_Detection            0x08003b0d   Thumb Code   392  flanger.o(i.FlangerWindow_Touch_Detection)
    HAL_CRCEx_Polynomial_Set                 0x08003cb9   Thumb Code    78  stm32f7xx_hal_crc_ex.o(i.HAL_CRCEx_Polynomial_Set)
    HAL_CRC_Init                             0x08003d09   Thumb Code   114  stm32f7xx_hal_crc.o(i.HAL_CRC_Init)
    HAL_CRC_MspInit                          0x08003d81   Thumb Code    30  stm32f7xx_hal_msp.o(i.HAL_CRC_MspInit)
    HAL_DMA2D_ConfigLayer                    0x08003da9   Thumb Code   156  stm32f7xx_hal_dma2d.o(i.HAL_DMA2D_ConfigLayer)
    HAL_DMA2D_Init                           0x08003e49   Thumb Code    90  stm32f7xx_hal_dma2d.o(i.HAL_DMA2D_Init)
    HAL_DMA2D_MspInit                        0x08003ea5   Thumb Code    30  stm32f7xx_hal_msp.o(i.HAL_DMA2D_MspInit)
    HAL_DMA2D_PollForTransfer                0x08003ecd   Thumb Code   270  stm32f7xx_hal_dma2d.o(i.HAL_DMA2D_PollForTransfer)
    HAL_DMA2D_Start                          0x08003fdb   Thumb Code    52  stm32f7xx_hal_dma2d.o(i.HAL_DMA2D_Start)
    HAL_DMA_DeInit                           0x0800400f   Thumb Code    98  stm32f7xx_hal_dma.o(i.HAL_DMA_DeInit)
    HAL_DMA_IRQHandler                       0x08004071   Thumb Code   412  stm32f7xx_hal_dma.o(i.HAL_DMA_IRQHandler)
    HAL_DMA_Init                             0x08004211   Thumb Code   222  stm32f7xx_hal_dma.o(i.HAL_DMA_Init)
    HAL_DMA_Start_IT                         0x080042f5   Thumb Code   122  stm32f7xx_hal_dma.o(i.HAL_DMA_Start_IT)
    HAL_Delay                                0x08004371   Thumb Code    32  stm32f7xx_hal.o(i.HAL_Delay)
    HAL_GPIO_EXTI_Callback                   0x08004395   Thumb Code     2  stm32f7xx_hal_gpio.o(i.HAL_GPIO_EXTI_Callback)
    HAL_GPIO_EXTI_IRQHandler                 0x08004399   Thumb Code    18  stm32f7xx_hal_gpio.o(i.HAL_GPIO_EXTI_IRQHandler)
    HAL_GPIO_Init                            0x080043b1   Thumb Code   418  stm32f7xx_hal_gpio.o(i.HAL_GPIO_Init)
    HAL_GPIO_ReadPin                         0x08004589   Thumb Code    10  stm32f7xx_hal_gpio.o(i.HAL_GPIO_ReadPin)
    HAL_GPIO_WritePin                        0x08004593   Thumb Code    10  stm32f7xx_hal_gpio.o(i.HAL_GPIO_WritePin)
    HAL_GetTick                              0x0800459d   Thumb Code     6  stm32f7xx_hal.o(i.HAL_GetTick)
    HAL_I2C_DeInit                           0x080045a9   Thumb Code    52  stm32f7xx_hal_i2c.o(i.HAL_I2C_DeInit)
    HAL_I2C_GetState                         0x080045dd   Thumb Code     6  stm32f7xx_hal_i2c.o(i.HAL_I2C_GetState)
    HAL_I2C_Init                             0x080045e5   Thumb Code   180  stm32f7xx_hal_i2c.o(i.HAL_I2C_Init)
    HAL_I2C_Mem_Read                         0x0800469d   Thumb Code   346  stm32f7xx_hal_i2c.o(i.HAL_I2C_Mem_Read)
    HAL_I2C_Mem_Write                        0x08004801   Thumb Code   340  stm32f7xx_hal_i2c.o(i.HAL_I2C_Mem_Write)
    HAL_I2C_MspDeInit                        0x08004959   Thumb Code     2  stm32f7xx_hal_i2c.o(i.HAL_I2C_MspDeInit)
    HAL_I2C_MspInit                          0x0800495b   Thumb Code     2  stm32f7xx_hal_i2c.o(i.HAL_I2C_MspInit)
    HAL_IncTick                              0x0800495d   Thumb Code    12  stm32f7xx_hal.o(i.HAL_IncTick)
    HAL_Init                                 0x0800496d   Thumb Code    22  stm32f7xx_hal.o(i.HAL_Init)
    HAL_InitTick                             0x08004985   Thumb Code    54  stm32f7xx_hal.o(i.HAL_InitTick)
    HAL_LTDC_ConfigLayer                     0x080049c5   Thumb Code    82  stm32f7xx_hal_ltdc.o(i.HAL_LTDC_ConfigLayer)
    HAL_LTDC_ErrorCallback                   0x08004a17   Thumb Code     2  stm32f7xx_hal_ltdc.o(i.HAL_LTDC_ErrorCallback)
    HAL_LTDC_GetState                        0x08004a19   Thumb Code     6  stm32f7xx_hal_ltdc.o(i.HAL_LTDC_GetState)
    HAL_LTDC_IRQHandler                      0x08004a1f   Thumb Code   200  stm32f7xx_hal_ltdc.o(i.HAL_LTDC_IRQHandler)
    HAL_LTDC_Init                            0x08004ae9   Thumb Code   242  stm32f7xx_hal_ltdc.o(i.HAL_LTDC_Init)
    HAL_LTDC_LineEventCallback               0x08004be1   Thumb Code     2  stm32f7xx_hal_ltdc.o(i.HAL_LTDC_LineEventCallback)
    HAL_LTDC_MspInit                         0x08004be3   Thumb Code     2  stm32f7xx_hal_ltdc.o(i.HAL_LTDC_MspInit)
    HAL_LTDC_ReloadEventCallback             0x08004be5   Thumb Code     2  stm32f7xx_hal_ltdc.o(i.HAL_LTDC_ReloadEventCallback)
    HAL_MspInit                              0x08004be9   Thumb Code   110  stm32f7xx_hal_msp.o(i.HAL_MspInit)
    HAL_NVIC_EnableIRQ                       0x08004c5d   Thumb Code    26  stm32f7xx_hal_cortex.o(i.HAL_NVIC_EnableIRQ)
    HAL_NVIC_SetPriority                     0x08004c79   Thumb Code    60  stm32f7xx_hal_cortex.o(i.HAL_NVIC_SetPriority)
    HAL_NVIC_SetPriorityGrouping             0x08004cb9   Thumb Code    28  stm32f7xx_hal_cortex.o(i.HAL_NVIC_SetPriorityGrouping)
    HAL_PWREx_EnableOverDrive                0x08004cdd   Thumb Code   100  stm32f7xx_hal_pwr_ex.o(i.HAL_PWREx_EnableOverDrive)
    HAL_RCCEx_GetPeriphCLKConfig             0x08004d49   Thumb Code   298  stm32f7xx_hal_rcc_ex.o(i.HAL_RCCEx_GetPeriphCLKConfig)
    HAL_RCCEx_GetPeriphCLKFreq               0x08004e7d   Thumb Code   268  stm32f7xx_hal_rcc_ex.o(i.HAL_RCCEx_GetPeriphCLKFreq)
    HAL_RCCEx_PeriphCLKConfig                0x08004f9d   Thumb Code  1276  stm32f7xx_hal_rcc_ex.o(i.HAL_RCCEx_PeriphCLKConfig)
    HAL_RCC_ClockConfig                      0x08005499   Thumb Code   282  stm32f7xx_hal_rcc.o(i.HAL_RCC_ClockConfig)
    HAL_RCC_GetSysClockFreq                  0x080055c5   Thumb Code    88  stm32f7xx_hal_rcc.o(i.HAL_RCC_GetSysClockFreq)
    HAL_RCC_OscConfig                        0x08005629   Thumb Code   810  stm32f7xx_hal_rcc.o(i.HAL_RCC_OscConfig)
    HAL_SAI_DeInit                           0x08005961   Thumb Code    66  stm32f7xx_hal_sai.o(i.HAL_SAI_DeInit)
    HAL_SAI_ErrorCallback                    0x080059a5   Thumb Code    46  stm32746g_discovery_audio.o(i.HAL_SAI_ErrorCallback)
    HAL_SAI_GetState                         0x080059d9   Thumb Code     6  stm32f7xx_hal_sai.o(i.HAL_SAI_GetState)
    HAL_SAI_Init                             0x080059e1   Thumb Code   470  stm32f7xx_hal_sai.o(i.HAL_SAI_Init)
    HAL_SAI_MspDeInit                        0x08005bc9   Thumb Code     2  stm32f7xx_hal_sai.o(i.HAL_SAI_MspDeInit)
    HAL_SAI_MspInit                          0x08005bcb   Thumb Code     2  stm32f7xx_hal_sai.o(i.HAL_SAI_MspInit)
    HAL_SAI_Receive_DMA                      0x08005bcd   Thumb Code   158  stm32f7xx_hal_sai.o(i.HAL_SAI_Receive_DMA)
    HAL_SAI_RxCpltCallback                   0x08005c79   Thumb Code     8  stm32746g_discovery_audio.o(i.HAL_SAI_RxCpltCallback)
    HAL_SAI_RxHalfCpltCallback               0x08005c81   Thumb Code     8  stm32746g_discovery_audio.o(i.HAL_SAI_RxHalfCpltCallback)
    HAL_SAI_Transmit_DMA                     0x08005c89   Thumb Code   158  stm32f7xx_hal_sai.o(i.HAL_SAI_Transmit_DMA)
    HAL_SAI_TxCpltCallback                   0x08005d35   Thumb Code     8  stm32746g_discovery_audio.o(i.HAL_SAI_TxCpltCallback)
    HAL_SAI_TxHalfCpltCallback               0x08005d3d   Thumb Code     8  stm32746g_discovery_audio.o(i.HAL_SAI_TxHalfCpltCallback)
    HAL_SDRAM_Init                           0x08005d45   Thumb Code    66  stm32f7xx_hal_sdram.o(i.HAL_SDRAM_Init)
    HAL_SDRAM_MspInit                        0x08005d87   Thumb Code     2  stm32f7xx_hal_sdram.o(i.HAL_SDRAM_MspInit)
    HAL_SDRAM_ProgramRefreshRate             0x08005d89   Thumb Code    34  stm32f7xx_hal_sdram.o(i.HAL_SDRAM_ProgramRefreshRate)
    HAL_SDRAM_SendCommand                    0x08005dad   Thumb Code    48  stm32f7xx_hal_sdram.o(i.HAL_SDRAM_SendCommand)
    HAL_SYSTICK_Config                       0x08005ddd   Thumb Code    38  stm32f7xx_hal_cortex.o(i.HAL_SYSTICK_Config)
    HAL_TIMEx_Break2Callback                 0x08005e03   Thumb Code     2  stm32f7xx_hal_tim_ex.o(i.HAL_TIMEx_Break2Callback)
    HAL_TIMEx_BreakCallback                  0x08005e05   Thumb Code     2  stm32f7xx_hal_tim_ex.o(i.HAL_TIMEx_BreakCallback)
    HAL_TIMEx_CommutCallback                 0x08005e07   Thumb Code     2  stm32f7xx_hal_tim_ex.o(i.HAL_TIMEx_CommutCallback)
    HAL_TIM_Base_Init                        0x08005e09   Thumb Code    54  stm32f7xx_hal_tim.o(i.HAL_TIM_Base_Init)
    HAL_TIM_Base_MspInit                     0x08005e41   Thumb Code    50  stm32f7xx_hal_msp.o(i.HAL_TIM_Base_MspInit)
    HAL_TIM_Base_Start_IT                    0x08005e7d   Thumb Code    40  stm32f7xx_hal_tim.o(i.HAL_TIM_Base_Start_IT)
    HAL_TIM_IC_CaptureCallback               0x08005ea9   Thumb Code     2  stm32f7xx_hal_tim.o(i.HAL_TIM_IC_CaptureCallback)
    HAL_TIM_IRQHandler                       0x08005eab   Thumb Code   386  stm32f7xx_hal_tim.o(i.HAL_TIM_IRQHandler)
    HAL_TIM_OC_DelayElapsedCallback          0x0800602d   Thumb Code     2  stm32f7xx_hal_tim.o(i.HAL_TIM_OC_DelayElapsedCallback)
    HAL_TIM_PWM_PulseFinishedCallback        0x0800602f   Thumb Code     2  stm32f7xx_hal_tim.o(i.HAL_TIM_PWM_PulseFinishedCallback)
    HAL_TIM_PeriodElapsedCallback            0x08006031   Thumb Code    62  main.o(i.HAL_TIM_PeriodElapsedCallback)
    HAL_TIM_TriggerCallback                  0x0800607d   Thumb Code     2  stm32f7xx_hal_tim.o(i.HAL_TIM_TriggerCallback)
    HardFault_Handler                        0x0800607f   Thumb Code     2  stm32f7xx_it.o(i.HardFault_Handler)
    LCD_Multieffect_Init                     0x080064f5   Thumb Code    46  main.o(i.LCD_Multieffect_Init)
    LTDC_IRQHandler                          0x080065a5   Thumb Code     6  stm32f7xx_it.o(i.LTDC_IRQHandler)
    MainWindow_Touch_Detection               0x08006781   Thumb Code   386  main.o(i.MainWindow_Touch_Detection)
    MemManage_Handler                        0x08006909   Thumb Code     2  stm32f7xx_it.o(i.MemManage_Handler)
    Multieffect                              0x0800690d   Thumb Code   268  main.o(i.Multieffect)
    NMI_Handler                              0x08006a6d   Thumb Code     2  stm32f7xx_it.o(i.NMI_Handler)
    Overdrive                                0x08006a71   Thumb Code    64  overdrive.o(i.Overdrive)
    OverdriveWindow_Touch_Detection          0x08006abd   Thumb Code   182  overdrive.o(i.OverdriveWindow_Touch_Detection)
    PendSV_Handler                           0x08006b89   Thumb Code     2  stm32f7xx_it.o(i.PendSV_Handler)
    PitchShifterWindow_Touch_Detection       0x08006b8d   Thumb Code   534  pitch_shifter.o(i.PitchShifterWindow_Touch_Detection)
    ReverbWindow_Touch_Detection             0x08006df1   Thumb Code   302  reverb.o(i.ReverbWindow_Touch_Detection)
    SVC_Handler                              0x08007191   Thumb Code     2  stm32f7xx_it.o(i.SVC_Handler)
    SysTick_Handler                          0x08007193   Thumb Code     4  stm32f7xx_it.o(i.SysTick_Handler)
    SystemClock_Config                       0x08007199   Thumb Code   128  main.o(i.SystemClock_Config)
    SystemInit                               0x08007221   Thumb Code    68  system_stm32f7xx.o(i.SystemInit)
    TIM1_UP_TIM10_IRQHandler                 0x08007275   Thumb Code     6  stm32f7xx_it.o(i.TIM1_UP_TIM10_IRQHandler)
    TIM_Base_SetConfig                       0x08007281   Thumb Code   158  stm32f7xx_hal_tim.o(i.TIM_Base_SetConfig)
    TS_IO_Delay                              0x0800734d   Thumb Code     4  stm32746g_discovery.o(i.TS_IO_Delay)
    TS_IO_Init                               0x08007351   Thumb Code     6  stm32746g_discovery.o(i.TS_IO_Init)
    TS_IO_Read                               0x0800735d   Thumb Code    34  stm32746g_discovery.o(i.TS_IO_Read)
    TS_IO_Write                              0x08007385   Thumb Code    26  stm32746g_discovery.o(i.TS_IO_Write)
    TremoloWindow_Touch_Detection            0x080073a5   Thumb Code   328  tremolo.o(i.TremoloWindow_Touch_Detection)
    UsageFault_Handler                       0x08007515   Thumb Code     2  stm32f7xx_it.o(i.UsageFault_Handler)
    VolumeWindow_Touch_Detection             0x08007519   Thumb Code   200  volume.o(i.VolumeWindow_Touch_Detection)
    __0sprintf                               0x080075fd   Thumb Code    34  printfa.o(i.__0sprintf)
    __1sprintf                               0x080075fd   Thumb Code     0  printfa.o(i.__0sprintf)
    __2sprintf                               0x080075fd   Thumb Code     0  printfa.o(i.__0sprintf)
    __c89sprintf                             0x080075fd   Thumb Code     0  printfa.o(i.__0sprintf)
    sprintf                                  0x080075fd   Thumb Code     0  printfa.o(i.__0sprintf)
    __scatterload_copy                       0x08007647   Thumb Code    14  handlers.o(i.__scatterload_copy)
    __scatterload_null                       0x08007655   Thumb Code     2  handlers.o(i.__scatterload_null)
    __scatterload_zeroinit                   0x08007657   Thumb Code    14  handlers.o(i.__scatterload_zeroinit)
    ft5336_Init                              0x08007f19   Thumb Code    16  ft5336.o(i.ft5336_Init)
    ft5336_ReadID                            0x08007f29   Thumb Code    58  ft5336.o(i.ft5336_ReadID)
    ft5336_Reset                             0x08007f63   Thumb Code     2  ft5336.o(i.ft5336_Reset)
    ft5336_TS_ClearIT                        0x08007f65   Thumb Code     2  ft5336.o(i.ft5336_TS_ClearIT)
    ft5336_TS_DetectTouch                    0x08007f69   Thumb Code    60  ft5336.o(i.ft5336_TS_DetectTouch)
    ft5336_TS_DisableIT                      0x08007fa9   Thumb Code    10  ft5336.o(i.ft5336_TS_DisableIT)
    ft5336_TS_EnableIT                       0x08007fb3   Thumb Code    10  ft5336.o(i.ft5336_TS_EnableIT)
    ft5336_TS_GetGestureID                   0x08007fbd   Thumb Code    30  ft5336.o(i.ft5336_TS_GetGestureID)
    ft5336_TS_GetTouchInfo                   0x08007fdd   Thumb Code   200  ft5336.o(i.ft5336_TS_GetTouchInfo)
    ft5336_TS_GetXY                          0x080080a9   Thumb Code   282  ft5336.o(i.ft5336_TS_GetXY)
    ft5336_TS_ITStatus                       0x080081c9   Thumb Code     4  ft5336.o(i.ft5336_TS_ITStatus)
    ft5336_TS_Start                          0x080081cd   Thumb Code     4  ft5336.o(i.ft5336_TS_Start)
    main                                     0x080081d1   Thumb Code   324  main.o(i.main)
    wm8994_DeInit                            0x08008335   Thumb Code     4  wm8994.o(i.wm8994_DeInit)
    wm8994_Init                              0x08008339   Thumb Code  1530  wm8994.o(i.wm8994_Init)
    wm8994_Pause                             0x08008939   Thumb Code    26  wm8994.o(i.wm8994_Pause)
    wm8994_Play                              0x08008953   Thumb Code     6  wm8994.o(i.wm8994_Play)
    wm8994_ReadID                            0x08008959   Thumb Code    20  wm8994.o(i.wm8994_ReadID)
    wm8994_Reset                             0x0800896d   Thumb Code    22  wm8994.o(i.wm8994_Reset)
    wm8994_Resume                            0x08008989   Thumb Code     6  wm8994.o(i.wm8994_Resume)
    wm8994_SetFrequency                      0x0800898f   Thumb Code   130  wm8994.o(i.wm8994_SetFrequency)
    wm8994_SetMute                           0x08008a11   Thumb Code    82  wm8994.o(i.wm8994_SetMute)
    wm8994_SetOutputMode                     0x08008a69   Thumb Code   188  wm8994.o(i.wm8994_SetOutputMode)
    wm8994_SetVolume                         0x08008b25   Thumb Code   176  wm8994.o(i.wm8994_SetVolume)
    wm8994_Stop                              0x08008bd9   Thumb Code   120  wm8994.o(i.wm8994_Stop)
    AHBPrescTable                            0x08008c5c   Data          16  system_stm32f7xx.o(.constdata)
    COM_TX_PIN                               0x08008c6c   Data           2  stm32746g_discovery.o(.constdata)
    COM_RX_PIN                               0x08008c6e   Data           2  stm32746g_discovery.o(.constdata)
    COM_TX_AF                                0x08008c70   Data           2  stm32746g_discovery.o(.constdata)
    COM_RX_AF                                0x08008c72   Data           2  stm32746g_discovery.o(.constdata)
    GPIO_PIN                                 0x08008c74   Data           4  stm32746g_discovery.o(.constdata)
    BUTTON_PIN                               0x08008c78   Data           6  stm32746g_discovery.o(.constdata)
    BUTTON_IRQn                              0x08008c7e   Data           6  stm32746g_discovery.o(.constdata)
    Font24_Table                             0x08008c84   Data        6840  stm32746g_discovery_lcd.o(.constdata)
    Font16_Table                             0x0800a73c   Data        3040  stm32746g_discovery_lcd.o(.constdata)
    Font12_Table                             0x0800b31c   Data        1140  stm32746g_discovery_lcd.o(.constdata)
    Region$$Table$$Base                      0x0800b790   Number         0  anon$$obj.o(Region$$Table)
    Region$$Table$$Limit                     0x0800b7b0   Number         0  anon$$obj.o(Region$$Table)
    current_volume                           0x20000000   Data           1  volume.o(.data)
    current_volume_temp                      0x20000001   Data           1  volume.o(.data)
    current_volume_str                       0x20000002   Data           3  volume.o(.data)
    delay_chorus                             0x20000008   Data           1  chorus.o(.data)
    version_chorus                           0x20000009   Data           1  chorus.o(.data)
    is_active_chorus                         0x2000000a   Data           1  chorus.o(.data)
    delay_str_chorus                         0x2000000b   Data           3  chorus.o(.data)
    rate1_str_chorus                         0x2000000e   Data           3  chorus.o(.data)
    rate2_str_chorus                         0x20000011   Data           3  chorus.o(.data)
    depth1_str_chorus                        0x20000014   Data           3  chorus.o(.data)
    depth2_str_chorus                        0x20000017   Data           3  chorus.o(.data)
    rate1_chorus                             0x20000020   Data           8  chorus.o(.data)
    rate2_chorus                             0x20000028   Data           8  chorus.o(.data)
    depth1_chorus                            0x20000030   Data           8  chorus.o(.data)
    depth2_chorus                            0x20000038   Data           8  chorus.o(.data)
    version_delay                            0x20000040   Data           1  delay.o(.data)
    is_active_delay                          0x20000041   Data           1  delay.o(.data)
    delay_delay                              0x20000042   Data           2  delay.o(.data)
    delay_str_delay                          0x20000044   Data           3  delay.o(.data)
    gain_str_delay                           0x20000047   Data           3  delay.o(.data)
    gain_delay                               0x20000050   Data           8  delay.o(.data)
    delay_flanger                            0x20000058   Data           1  flanger.o(.data)
    version_flanger                          0x20000059   Data           1  flanger.o(.data)
    is_active_flanger                        0x2000005a   Data           1  flanger.o(.data)
    delay_str_flanger                        0x2000005b   Data           3  flanger.o(.data)
    rate_str_flanger                         0x2000005e   Data           3  flanger.o(.data)
    gain_str_flanger                         0x20000061   Data           3  flanger.o(.data)
    rate_flanger                             0x20000068   Data           8  flanger.o(.data)
    gain_flanger                             0x20000070   Data           8  flanger.o(.data)
    is_active_overdrive                      0x20000078   Data           1  overdrive.o(.data)
    clip_value_str_overdrive                 0x20000079   Data           3  overdrive.o(.data)
    clip_value_overdrive                     0x20000080   Data           8  overdrive.o(.data)
    mode_pitchshifter                        0x20000088   Data           1  pitch_shifter.o(.data)
    is_active_pitchshifter                   0x20000089   Data           1  pitch_shifter.o(.data)
    pitch_str_pitchshifter                   0x2000008a   Data           3  pitch_shifter.o(.data)
    gain_str_pitchshifter                    0x2000008d   Data           3  pitch_shifter.o(.data)
    pitch_pitchshifter                       0x20000090   Data           8  pitch_shifter.o(.data)
    gain_pitchshifter                        0x20000098   Data           8  pitch_shifter.o(.data)
    room_size_reverb                         0x200000a0   Data           1  reverb.o(.data)
    pre_delay1_reverb                        0x200000a1   Data           1  reverb.o(.data)
    pre_delay2_reverb                        0x200000a2   Data           1  reverb.o(.data)
    is_active_reverb                         0x200000a3   Data           1  reverb.o(.data)
    room_size_str_reverb                     0x200000a4   Data           3  reverb.o(.data)
    depth_str_reverb                         0x200000a7   Data           3  reverb.o(.data)
    pre_delay1_str_reverb                    0x200000aa   Data           3  reverb.o(.data)
    pre_delay2_str_reverb                    0x200000ad   Data           3  reverb.o(.data)
    depth_reverb                             0x200000b0   Data           8  reverb.o(.data)
    rate_tremolo                             0x200000b8   Data           1  tremolo.o(.data)
    shape_tremolo                            0x200000b9   Data           1  tremolo.o(.data)
    is_active_tremolo                        0x200000ba   Data           1  tremolo.o(.data)
    rate_str_tremolo                         0x200000bb   Data           3  tremolo.o(.data)
    depth_str_tremolo                        0x200000be   Data           3  tremolo.o(.data)
    depth_tremolo                            0x200000c8   Data           8  tremolo.o(.data)
    is_button_active                         0x200000d0   Data           1  main.o(.data)
    current_window                           0x200000d1   Data           1  main.o(.data)
    x                                        0x200000d2   Data           2  main.o(.data)
    y                                        0x200000d4   Data           2  main.o(.data)
    sample                                   0x200000d6   Data           2  main.o(.data)
    audio_rec_buffer_state                   0x200000d8   Data           4  main.o(.data)
    button_names                             0x200000dc   Data         112  main.o(.data)
    uwTickFreq                               0x2000014c   Data           1  stm32f7xx_hal.o(.data)
    uwTickPrio                               0x20000150   Data           4  stm32f7xx_hal.o(.data)
    uwTick                                   0x20000154   Data           4  stm32f7xx_hal.o(.data)
    SystemCoreClock                          0x20000158   Data           4  system_stm32f7xx.o(.data)
    COM_USART                                0x2000015c   Data           4  stm32746g_discovery.o(.data)
    COM_TX_PORT                              0x20000160   Data           4  stm32746g_discovery.o(.data)
    COM_RX_PORT                              0x20000164   Data           4  stm32746g_discovery.o(.data)
    BUTTON_PORT                              0x20000168   Data          12  stm32746g_discovery.o(.data)
    Font24                                   0x20000178   Data           8  stm32746g_discovery_lcd.o(.data)
    Font16                                   0x20000180   Data           8  stm32746g_discovery_lcd.o(.data)
    Font12                                   0x20000188   Data           8  stm32746g_discovery_lcd.o(.data)
    AudioInVolume                            0x200001a0   Data           2  stm32746g_discovery_audio.o(.data)
    audio_drv                                0x200001a4   Data           4  stm32746g_discovery_audio.o(.data)
    ft5336_ts_drv                            0x200001a8   Data          40  ft5336.o(.data)
    wm8994_drv                               0x200001d8   Data          48  wm8994.o(.data)
    hcrc                                     0x20000214   Data          36  main.o(.bss)
    hdma2d                                   0x20000238   Data          64  main.o(.bss)
    htim10                                   0x20000278   Data          64  main.o(.bss)
    ts                                       0x200002b8   Data          44  main.o(.bss)
    data_processed                           0x200002e4   Data        1024  main.o(.bss)
    hLtdcHandler                             0x20000800   Data         168  stm32746g_discovery_lcd.o(.bss)
    sdramHandle                              0x200009c0   Data          52  stm32746g_discovery_sdram.o(.bss)
    haudio_out_sai                           0x20000a48   Data         132  stm32746g_discovery_audio.o(.bss)
    haudio_in_sai                            0x20000acc   Data         132  stm32746g_discovery_audio.o(.bss)
    __initial_sp                             0x20001070   Data           0  startup_stm32f746xx.o(STACK)



==============================================================================

Memory Map of the image

  Image Entry point : 0x080001c9

  Load Region LR_IROM1 (Base: 0x08000000, Size: 0x0000b9c4, Max: 0x00100000, ABSOLUTE, COMPRESSED[0x0000b8a8])

    Execution Region ER_IROM1 (Exec base: 0x08000000, Load base: 0x08000000, Size: 0x0000b7b0, Max: 0x00100000, ABSOLUTE)

    Exec Addr    Load Addr    Size         Type   Attr      Idx    E Section Name        Object

    0x08000000   0x08000000   0x000001c8   Data   RO            3    RESET               startup_stm32f746xx.o
    0x080001c8   0x080001c8   0x00000000   Code   RO         6463  * .ARM.Collect$$$$00000000  mc_w.l(entry.o)
    0x080001c8   0x080001c8   0x00000004   Code   RO         6745    .ARM.Collect$$$$00000001  mc_w.l(entry2.o)
    0x080001cc   0x080001cc   0x00000004   Code   RO         6748    .ARM.Collect$$$$00000004  mc_w.l(entry5.o)
    0x080001d0   0x080001d0   0x00000000   Code   RO         6750    .ARM.Collect$$$$00000008  mc_w.l(entry7b.o)
    0x080001d0   0x080001d0   0x00000000   Code   RO         6752    .ARM.Collect$$$$0000000A  mc_w.l(entry8b.o)
    0x080001d0   0x080001d0   0x00000008   Code   RO         6753    .ARM.Collect$$$$0000000B  mc_w.l(entry9a.o)
    0x080001d8   0x080001d8   0x00000000   Code   RO         6755    .ARM.Collect$$$$0000000D  mc_w.l(entry10a.o)
    0x080001d8   0x080001d8   0x00000000   Code   RO         6757    .ARM.Collect$$$$0000000F  mc_w.l(entry11a.o)
    0x080001d8   0x080001d8   0x00000004   Code   RO         6746    .ARM.Collect$$$$00002712  mc_w.l(entry2.o)
    0x080001dc   0x080001dc   0x00000024   Code   RO            4    .text               startup_stm32f746xx.o
    0x08000200   0x08000200   0x00000062   Code   RO         6466    .text               mc_w.l(uldiv.o)
    0x08000262   0x08000262   0x00000024   Code   RO         6468    .text               mc_w.l(memcpya.o)
    0x08000286   0x08000286   0x00000024   Code   RO         6470    .text               mc_w.l(memseta.o)
    0x080002aa   0x080002aa   0x0000014e   Code   RO         6735    .text               mf_w.l(dadd.o)
    0x080003f8   0x080003f8   0x000000e4   Code   RO         6737    .text               mf_w.l(dmul.o)
    0x080004dc   0x080004dc   0x00000032   Code   RO         6739    .text               mf_w.l(dfixui.o)
    0x0800050e   0x0800050e   0x00000002   PAD
    0x08000510   0x08000510   0x00000030   Code   RO         6741    .text               mf_w.l(cdcmple.o)
    0x08000540   0x08000540   0x00000030   Code   RO         6743    .text               mf_w.l(cdrcmple.o)
    0x08000570   0x08000570   0x0000002c   Code   RO         6762    .text               mc_w.l(uidiv.o)
    0x0800059c   0x0800059c   0x0000001e   Code   RO         6764    .text               mc_w.l(llshl.o)
    0x080005ba   0x080005ba   0x00000020   Code   RO         6766    .text               mc_w.l(llushr.o)
    0x080005da   0x080005da   0x00000024   Code   RO         6768    .text               mc_w.l(llsshr.o)
    0x080005fe   0x080005fe   0x00000000   Code   RO         6770    .text               mc_w.l(iusefp.o)
    0x080005fe   0x080005fe   0x000000ba   Code   RO         6771    .text               mf_w.l(depilogue.o)
    0x080006b8   0x080006b8   0x000000de   Code   RO         6773    .text               mf_w.l(ddiv.o)
    0x08000796   0x08000796   0x00000030   Code   RO         6775    .text               mf_w.l(dfixul.o)
    0x080007c6   0x080007c6   0x00000002   PAD
    0x080007c8   0x080007c8   0x00000024   Code   RO         6777    .text               mc_w.l(init.o)
    0x080007ec   0x080007ec   0x00000056   Code   RO         6789    .text               mc_w.l(__dczerorl2.o)
    0x08000842   0x08000842   0x00000002   Code   RO         5247    i.AUDIO_IO_DeInit   stm32746g_discovery.o
    0x08000844   0x08000844   0x00000004   Code   RO         5248    i.AUDIO_IO_Delay    stm32746g_discovery.o
    0x08000848   0x08000848   0x0000000c   Code   RO         5249    i.AUDIO_IO_Init     stm32746g_discovery.o
    0x08000854   0x08000854   0x00000034   Code   RO         5250    i.AUDIO_IO_Read     stm32746g_discovery.o
    0x08000888   0x08000888   0x00000034   Code   RO         5251    i.AUDIO_IO_Write    stm32746g_discovery.o
    0x080008bc   0x080008bc   0x0000004c   Code   RO          618    i.BSP_AUDIO_IN_Error_CallBack  main.o
    0x08000908   0x08000908   0x0000000c   Code   RO          619    i.BSP_AUDIO_IN_HalfTransfer_CallBack  main.o
    0x08000914   0x08000914   0x00000100   Code   RO         6000    i.BSP_AUDIO_IN_MspInit  stm32746g_discovery_audio.o
    0x08000a14   0x08000a14   0x000000a0   Code   RO         6001    i.BSP_AUDIO_IN_OUT_Init  stm32746g_discovery_audio.o
    0x08000ab4   0x08000ab4   0x00000014   Code   RO         6003    i.BSP_AUDIO_IN_Record  stm32746g_discovery_audio.o
    0x08000ac8   0x08000ac8   0x0000000c   Code   RO          620    i.BSP_AUDIO_IN_TransferComplete_CallBack  main.o
    0x08000ad4   0x08000ad4   0x00000052   Code   RO         6009    i.BSP_AUDIO_OUT_ClockConfig  stm32746g_discovery_audio.o
    0x08000b26   0x08000b26   0x00000002   Code   RO         6011    i.BSP_AUDIO_OUT_Error_CallBack  stm32746g_discovery_audio.o
    0x08000b28   0x08000b28   0x00000002   Code   RO         6012    i.BSP_AUDIO_OUT_HalfTransfer_CallBack  stm32746g_discovery_audio.o
    0x08000b2a   0x08000b2a   0x00000002   PAD
    0x08000b2c   0x08000b2c   0x00000138   Code   RO         6015    i.BSP_AUDIO_OUT_MspInit  stm32746g_discovery_audio.o
    0x08000c64   0x08000c64   0x00000040   Code   RO         6017    i.BSP_AUDIO_OUT_Play  stm32746g_discovery_audio.o
    0x08000ca4   0x08000ca4   0x00000028   Code   RO         6019    i.BSP_AUDIO_OUT_SetAudioFrameSlot  stm32746g_discovery_audio.o
    0x08000ccc   0x08000ccc   0x0000001c   Code   RO         6021    i.BSP_AUDIO_OUT_SetMute  stm32746g_discovery_audio.o
    0x08000ce8   0x08000ce8   0x0000001c   Code   RO         6023    i.BSP_AUDIO_OUT_SetVolume  stm32746g_discovery_audio.o
    0x08000d04   0x08000d04   0x00000002   Code   RO         6025    i.BSP_AUDIO_OUT_TransferComplete_CallBack  stm32746g_discovery_audio.o
    0x08000d06   0x08000d06   0x00000002   PAD
    0x08000d08   0x08000d08   0x00000038   Code   RO         5463    i.BSP_LCD_Clear     stm32746g_discovery_lcd.o
    0x08000d40   0x08000d40   0x00000020   Code   RO         5465    i.BSP_LCD_ClockConfig  stm32746g_discovery_lcd.o
    0x08000d60   0x08000d60   0x00000034   Code   RO         5467    i.BSP_LCD_DisplayChar  stm32746g_discovery_lcd.o
    0x08000d94   0x08000d94   0x00000034   Code   RO         5469    i.BSP_LCD_DisplayOn  stm32746g_discovery_lcd.o
    0x08000dc8   0x08000dc8   0x000000c8   Code   RO         5470    i.BSP_LCD_DisplayStringAt  stm32746g_discovery_lcd.o
    0x08000e90   0x08000e90   0x00000064   Code   RO         5477    i.BSP_LCD_DrawPixel  stm32746g_discovery_lcd.o
    0x08000ef4   0x08000ef4   0x0000009c   Code   RO         5484    i.BSP_LCD_FillRect  stm32746g_discovery_lcd.o
    0x08000f90   0x08000f90   0x0000001c   Code   RO         5486    i.BSP_LCD_GetFont   stm32746g_discovery_lcd.o
    0x08000fac   0x08000fac   0x00000020   Code   RO         5488    i.BSP_LCD_GetXSize  stm32746g_discovery_lcd.o
    0x08000fcc   0x08000fcc   0x00000020   Code   RO         5489    i.BSP_LCD_GetYSize  stm32746g_discovery_lcd.o
    0x08000fec   0x08000fec   0x000000a4   Code   RO         5490    i.BSP_LCD_Init      stm32746g_discovery_lcd.o
    0x08001090   0x08001090   0x00000078   Code   RO         5491    i.BSP_LCD_LayerDefaultInit  stm32746g_discovery_lcd.o
    0x08001108   0x08001108   0x00000138   Code   RO         5494    i.BSP_LCD_MspInit   stm32746g_discovery_lcd.o
    0x08001240   0x08001240   0x0000000c   Code   RO         5499    i.BSP_LCD_SelectLayer  stm32746g_discovery_lcd.o
    0x0800124c   0x0800124c   0x0000001c   Code   RO         5500    i.BSP_LCD_SetBackColor  stm32746g_discovery_lcd.o
    0x08001268   0x08001268   0x0000001c   Code   RO         5503    i.BSP_LCD_SetFont   stm32746g_discovery_lcd.o
    0x08001284   0x08001284   0x00000018   Code   RO         5510    i.BSP_LCD_SetTextColor  stm32746g_discovery_lcd.o
    0x0800129c   0x0800129c   0x00000050   Code   RO         5256    i.BSP_LED_Init      stm32746g_discovery.o
    0x080012ec   0x080012ec   0x00000018   Code   RO         5261    i.BSP_PB_GetState   stm32746g_discovery.o
    0x08001304   0x08001304   0x00000094   Code   RO         5262    i.BSP_PB_Init       stm32746g_discovery.o
    0x08001398   0x08001398   0x00000078   Code   RO         5844    i.BSP_SDRAM_Init    stm32746g_discovery_sdram.o
    0x08001410   0x08001410   0x00000084   Code   RO         5845    i.BSP_SDRAM_Initialization_sequence  stm32746g_discovery_sdram.o
    0x08001494   0x08001494   0x00000168   Code   RO         5847    i.BSP_SDRAM_MspInit  stm32746g_discovery_sdram.o
    0x080015fc   0x080015fc   0x00000170   Code   RO         5926    i.BSP_TS_GetState   stm32746g_discovery_ts.o
    0x0800176c   0x0800176c   0x0000005c   Code   RO         5927    i.BSP_TS_Get_GestureId  stm32746g_discovery_ts.o
    0x080017c8   0x080017c8   0x0000003c   Code   RO         5931    i.BSP_TS_Init       stm32746g_discovery_ts.o
    0x08001804   0x08001804   0x00000002   Code   RO          731    i.BusFault_Handler  stm32f7xx_it.o
    0x08001806   0x08001806   0x0000000a   Code   RO         6349    i.CODEC_IO_Write    wm8994.o
    0x08001810   0x08001810   0x00000268   Code   RO          231    i.ChorusWindow_Touch_Detection  chorus.o
    0x08001a78   0x08001a78   0x00000048   Code   RO          621    i.Current_Window_Select  main.o
    0x08001ac0   0x08001ac0   0x00000092   Code   RO         2532    i.DMA2D_SetConfig   stm32f7xx_hal_dma2d.o
    0x08001b52   0x08001b52   0x00000002   PAD
    0x08001b54   0x08001b54   0x0000000c   Code   RO          732    i.DMA2_Stream0_IRQHandler  stm32f7xx_it.o
    0x08001b60   0x08001b60   0x0000000c   Code   RO          733    i.DMA2_Stream4_IRQHandler  stm32f7xx_it.o
    0x08001b6c   0x08001b6c   0x0000000c   Code   RO          734    i.DMA2_Stream7_IRQHandler  stm32f7xx_it.o
    0x08001b78   0x08001b78   0x00000028   Code   RO         4089    i.DMA_CalcBaseAndBitshift  stm32f7xx_hal_dma.o
    0x08001ba0   0x08001ba0   0x00000054   Code   RO         4090    i.DMA_CheckFifoParam  stm32f7xx_hal_dma.o
    0x08001bf4   0x08001bf4   0x00000028   Code   RO         4091    i.DMA_SetConfig     stm32f7xx_hal_dma.o
    0x08001c1c   0x08001c1c   0x00000002   Code   RO          735    i.DebugMon_Handler  stm32f7xx_it.o
    0x08001c1e   0x08001c1e   0x00000002   PAD
    0x08001c20   0x08001c20   0x0000015c   Code   RO          286    i.DelayWindow_Touch_Detection  delay.o
    0x08001d7c   0x08001d7c   0x000002e8   Code   RO          232    i.Display_Chorus_Window  chorus.o
    0x08002064   0x08002064   0x000000e0   Code   RO          233    i.Display_Current_Parametres_Chorus  chorus.o
    0x08002144   0x08002144   0x0000007c   Code   RO          287    i.Display_Current_Parametres_Delay  delay.o
    0x080021c0   0x080021c0   0x0000009c   Code   RO          340    i.Display_Current_Parametres_Flanger  flanger.o
    0x0800225c   0x0800225c   0x00000050   Code   RO          395    i.Display_Current_Parametres_Overdrive  overdrive.o
    0x080022ac   0x080022ac   0x0000008c   Code   RO          453    i.Display_Current_Parametres_PitchShifter  pitch_shifter.o
    0x08002338   0x08002338   0x000000c8   Code   RO          508    i.Display_Current_Parametres_Reverb  reverb.o
    0x08002400   0x08002400   0x0000007c   Code   RO          563    i.Display_Current_Parametres_Tremolo  tremolo.o
    0x0800247c   0x0800247c   0x00000044   Code   RO           13    i.Display_Current_Volume  volume.o
    0x080024c0   0x080024c0   0x00000204   Code   RO          288    i.Display_Delay_Window  delay.o
    0x080026c4   0x080026c4   0x00000254   Code   RO          341    i.Display_Flanger_Window  flanger.o
    0x08002918   0x08002918   0x000000c0   Code   RO          622    i.Display_MainWindow  main.o
    0x080029d8   0x080029d8   0x000000c8   Code   RO          234    i.Display_On_Off_Info_Chorus  chorus.o
    0x08002aa0   0x08002aa0   0x000000c8   Code   RO          289    i.Display_On_Off_Info_Delay  delay.o
    0x08002b68   0x08002b68   0x000000c8   Code   RO          342    i.Display_On_Off_Info_Flanger  flanger.o
    0x08002c30   0x08002c30   0x000000c8   Code   RO          396    i.Display_On_Off_Info_Overdrive  overdrive.o
    0x08002cf8   0x08002cf8   0x000000c8   Code   RO          454    i.Display_On_Off_Info_PitchShifter  pitch_shifter.o
    0x08002dc0   0x08002dc0   0x000000c8   Code   RO          509    i.Display_On_Off_Info_Reverb  reverb.o
    0x08002e88   0x08002e88   0x000000c8   Code   RO          564    i.Display_On_Off_Info_Tremolo  tremolo.o
    0x08002f50   0x08002f50   0x0000017c   Code   RO          397    i.Display_Overdrive_Window  overdrive.o
    0x080030cc   0x080030cc   0x00000214   Code   RO          455    i.Display_PitchShifter_Window  pitch_shifter.o
    0x080032e0   0x080032e0   0x00000268   Code   RO          510    i.Display_Reverb_Window  reverb.o
    0x08003548   0x08003548   0x00000218   Code   RO          565    i.Display_Tremolo_Window  tremolo.o
    0x08003760   0x08003760   0x000001bc   Code   RO           14    i.Display_Volume_Window  volume.o
    0x0800391c   0x0800391c   0x000000b0   Code   RO         5515    i.DrawChar          stm32746g_discovery_lcd.o
    0x080039cc   0x080039cc   0x00000008   Code   RO          736    i.EXTI0_IRQHandler  stm32f7xx_it.o
    0x080039d4   0x080039d4   0x0000001c   Code   RO          737    i.EXTI15_10_IRQHandler  stm32f7xx_it.o
    0x080039f0   0x080039f0   0x00000006   Code   RO          738    i.EXTI2_IRQHandler  stm32f7xx_it.o
    0x080039f6   0x080039f6   0x0000005e   Code   RO         1717    i.FMC_SDRAM_Init    stm32f7xx_ll_fmc.o
    0x08003a54   0x08003a54   0x0000000c   Code   RO         1718    i.FMC_SDRAM_ProgramRefreshRate  stm32f7xx_ll_fmc.o
    0x08003a60   0x08003a60   0x00000020   Code   RO         1719    i.FMC_SDRAM_SendCommand  stm32f7xx_ll_fmc.o
    0x08003a80   0x08003a80   0x0000008c   Code   RO         1721    i.FMC_SDRAM_Timing_Init  stm32f7xx_ll_fmc.o
    0x08003b0c   0x08003b0c   0x000001ac   Code   RO          344    i.FlangerWindow_Touch_Detection  flanger.o
    0x08003cb8   0x08003cb8   0x0000004e   Code   RO         2498    i.HAL_CRCEx_Polynomial_Set  stm32f7xx_hal_crc_ex.o
    0x08003d06   0x08003d06   0x00000002   PAD
    0x08003d08   0x08003d08   0x00000078   Code   RO         2432    i.HAL_CRC_Init      stm32f7xx_hal_crc.o
    0x08003d80   0x08003d80   0x00000028   Code   RO          856    i.HAL_CRC_MspInit   stm32f7xx_hal_msp.o
    0x08003da8   0x08003da8   0x000000a0   Code   RO         2544    i.HAL_DMA2D_ConfigLayer  stm32f7xx_hal_dma2d.o
    0x08003e48   0x08003e48   0x0000005a   Code   RO         2552    i.HAL_DMA2D_Init    stm32f7xx_hal_dma2d.o
    0x08003ea2   0x08003ea2   0x00000002   PAD
    0x08003ea4   0x08003ea4   0x00000028   Code   RO          858    i.HAL_DMA2D_MspInit  stm32f7xx_hal_msp.o
    0x08003ecc   0x08003ecc   0x0000010e   Code   RO         2556    i.HAL_DMA2D_PollForTransfer  stm32f7xx_hal_dma2d.o
    0x08003fda   0x08003fda   0x00000034   Code   RO         2559    i.HAL_DMA2D_Start   stm32f7xx_hal_dma2d.o
    0x0800400e   0x0800400e   0x00000062   Code   RO         4094    i.HAL_DMA_DeInit    stm32f7xx_hal_dma.o
    0x08004070   0x08004070   0x000001a0   Code   RO         4097    i.HAL_DMA_IRQHandler  stm32f7xx_hal_dma.o
    0x08004210   0x08004210   0x000000e4   Code   RO         4098    i.HAL_DMA_Init      stm32f7xx_hal_dma.o
    0x080042f4   0x080042f4   0x0000007a   Code   RO         4102    i.HAL_DMA_Start_IT  stm32f7xx_hal_dma.o
    0x0800436e   0x0800436e   0x00000002   PAD
    0x08004370   0x08004370   0x00000024   Code   RO         4459    i.HAL_Delay         stm32f7xx_hal.o
    0x08004394   0x08004394   0x00000002   Code   RO         4024    i.HAL_GPIO_EXTI_Callback  stm32f7xx_hal_gpio.o
    0x08004396   0x08004396   0x00000002   PAD
    0x08004398   0x08004398   0x00000018   Code   RO         4025    i.HAL_GPIO_EXTI_IRQHandler  stm32f7xx_hal_gpio.o
    0x080043b0   0x080043b0   0x000001d8   Code   RO         4026    i.HAL_GPIO_Init     stm32f7xx_hal_gpio.o
    0x08004588   0x08004588   0x0000000a   Code   RO         4028    i.HAL_GPIO_ReadPin  stm32f7xx_hal_gpio.o
    0x08004592   0x08004592   0x0000000a   Code   RO         4030    i.HAL_GPIO_WritePin  stm32f7xx_hal_gpio.o
    0x0800459c   0x0800459c   0x0000000c   Code   RO         4467    i.HAL_GetTick       stm32f7xx_hal.o
    0x080045a8   0x080045a8   0x00000034   Code   RO         4652    i.HAL_I2C_DeInit    stm32f7xx_hal_i2c.o
    0x080045dc   0x080045dc   0x00000006   Code   RO         4660    i.HAL_I2C_GetState  stm32f7xx_hal_i2c.o
    0x080045e2   0x080045e2   0x00000002   PAD
    0x080045e4   0x080045e4   0x000000b8   Code   RO         4661    i.HAL_I2C_Init      stm32f7xx_hal_i2c.o
    0x0800469c   0x0800469c   0x00000164   Code   RO         4679    i.HAL_I2C_Mem_Read  stm32f7xx_hal_i2c.o
    0x08004800   0x08004800   0x00000158   Code   RO         4682    i.HAL_I2C_Mem_Write  stm32f7xx_hal_i2c.o
    0x08004958   0x08004958   0x00000002   Code   RO         4685    i.HAL_I2C_MspDeInit  stm32f7xx_hal_i2c.o
    0x0800495a   0x0800495a   0x00000002   Code   RO         4686    i.HAL_I2C_MspInit   stm32f7xx_hal_i2c.o
    0x0800495c   0x0800495c   0x00000010   Code   RO         4473    i.HAL_IncTick       stm32f7xx_hal.o
    0x0800496c   0x0800496c   0x00000016   Code   RO         4474    i.HAL_Init          stm32f7xx_hal.o
    0x08004982   0x08004982   0x00000002   PAD
    0x08004984   0x08004984   0x00000040   Code   RO         4475    i.HAL_InitTick      stm32f7xx_hal.o
    0x080049c4   0x080049c4   0x00000052   Code   RO          918    i.HAL_LTDC_ConfigLayer  stm32f7xx_hal_ltdc.o
    0x08004a16   0x08004a16   0x00000002   Code   RO          931    i.HAL_LTDC_ErrorCallback  stm32f7xx_hal_ltdc.o
    0x08004a18   0x08004a18   0x00000006   Code   RO          933    i.HAL_LTDC_GetState  stm32f7xx_hal_ltdc.o
    0x08004a1e   0x08004a1e   0x000000c8   Code   RO          934    i.HAL_LTDC_IRQHandler  stm32f7xx_hal_ltdc.o
    0x08004ae6   0x08004ae6   0x00000002   PAD
    0x08004ae8   0x08004ae8   0x000000f8   Code   RO          935    i.HAL_LTDC_Init     stm32f7xx_hal_ltdc.o
    0x08004be0   0x08004be0   0x00000002   Code   RO          936    i.HAL_LTDC_LineEventCallback  stm32f7xx_hal_ltdc.o
    0x08004be2   0x08004be2   0x00000002   Code   RO          938    i.HAL_LTDC_MspInit  stm32f7xx_hal_ltdc.o
    0x08004be4   0x08004be4   0x00000002   Code   RO          941    i.HAL_LTDC_ReloadEventCallback  stm32f7xx_hal_ltdc.o
    0x08004be6   0x08004be6   0x00000002   PAD
    0x08004be8   0x08004be8   0x00000074   Code   RO          859    i.HAL_MspInit       stm32f7xx_hal_msp.o
    0x08004c5c   0x08004c5c   0x0000001a   Code   RO         2296    i.HAL_NVIC_EnableIRQ  stm32f7xx_hal_cortex.o
    0x08004c76   0x08004c76   0x00000002   PAD
    0x08004c78   0x08004c78   0x00000040   Code   RO         2302    i.HAL_NVIC_SetPriority  stm32f7xx_hal_cortex.o
    0x08004cb8   0x08004cb8   0x00000024   Code   RO         2303    i.HAL_NVIC_SetPriorityGrouping  stm32f7xx_hal_cortex.o
    0x08004cdc   0x08004cdc   0x0000006c   Code   RO         4366    i.HAL_PWREx_EnableOverDrive  stm32f7xx_hal_pwr_ex.o
    0x08004d48   0x08004d48   0x00000134   Code   RO         3785    i.HAL_RCCEx_GetPeriphCLKConfig  stm32f7xx_hal_rcc_ex.o
    0x08004e7c   0x08004e7c   0x00000120   Code   RO         3786    i.HAL_RCCEx_GetPeriphCLKFreq  stm32f7xx_hal_rcc_ex.o
    0x08004f9c   0x08004f9c   0x000004fc   Code   RO         3787    i.HAL_RCCEx_PeriphCLKConfig  stm32f7xx_hal_rcc_ex.o
    0x08005498   0x08005498   0x0000012c   Code   RO         3680    i.HAL_RCC_ClockConfig  stm32f7xx_hal_rcc.o
    0x080055c4   0x080055c4   0x00000064   Code   RO         3689    i.HAL_RCC_GetSysClockFreq  stm32f7xx_hal_rcc.o
    0x08005628   0x08005628   0x00000338   Code   RO         3692    i.HAL_RCC_OscConfig  stm32f7xx_hal_rcc.o
    0x08005960   0x08005960   0x00000042   Code   RO         1856    i.HAL_SAI_DeInit    stm32f7xx_hal_sai.o
    0x080059a2   0x080059a2   0x00000002   PAD
    0x080059a4   0x080059a4   0x00000034   Code   RO         6026    i.HAL_SAI_ErrorCallback  stm32746g_discovery_audio.o
    0x080059d8   0x080059d8   0x00000006   Code   RO         1863    i.HAL_SAI_GetState  stm32f7xx_hal_sai.o
    0x080059de   0x080059de   0x00000002   PAD
    0x080059e0   0x080059e0   0x000001e8   Code   RO         1865    i.HAL_SAI_Init      stm32f7xx_hal_sai.o
    0x08005bc8   0x08005bc8   0x00000002   Code   RO         1867    i.HAL_SAI_MspDeInit  stm32f7xx_hal_sai.o
    0x08005bca   0x08005bca   0x00000002   Code   RO         1868    i.HAL_SAI_MspInit   stm32f7xx_hal_sai.o
    0x08005bcc   0x08005bcc   0x000000ac   Code   RO         1870    i.HAL_SAI_Receive_DMA  stm32f7xx_hal_sai.o
    0x08005c78   0x08005c78   0x00000008   Code   RO         6027    i.HAL_SAI_RxCpltCallback  stm32746g_discovery_audio.o
    0x08005c80   0x08005c80   0x00000008   Code   RO         6028    i.HAL_SAI_RxHalfCpltCallback  stm32746g_discovery_audio.o
    0x08005c88   0x08005c88   0x000000ac   Code   RO         1875    i.HAL_SAI_Transmit_DMA  stm32f7xx_hal_sai.o
    0x08005d34   0x08005d34   0x00000008   Code   RO         6029    i.HAL_SAI_TxCpltCallback  stm32746g_discovery_audio.o
    0x08005d3c   0x08005d3c   0x00000008   Code   RO         6030    i.HAL_SAI_TxHalfCpltCallback  stm32746g_discovery_audio.o
    0x08005d44   0x08005d44   0x00000042   Code   RO         1196    i.HAL_SDRAM_Init    stm32f7xx_hal_sdram.o
    0x08005d86   0x08005d86   0x00000002   Code   RO         1198    i.HAL_SDRAM_MspInit  stm32f7xx_hal_sdram.o
    0x08005d88   0x08005d88   0x00000022   Code   RO         1199    i.HAL_SDRAM_ProgramRefreshRate  stm32f7xx_hal_sdram.o
    0x08005daa   0x08005daa   0x00000002   PAD
    0x08005dac   0x08005dac   0x00000030   Code   RO         1205    i.HAL_SDRAM_SendCommand  stm32f7xx_hal_sdram.o
    0x08005ddc   0x08005ddc   0x00000026   Code   RO         2307    i.HAL_SYSTICK_Config  stm32f7xx_hal_cortex.o
    0x08005e02   0x08005e02   0x00000002   Code   RO         3416    i.HAL_TIMEx_Break2Callback  stm32f7xx_hal_tim_ex.o
    0x08005e04   0x08005e04   0x00000002   Code   RO         3417    i.HAL_TIMEx_BreakCallback  stm32f7xx_hal_tim_ex.o
    0x08005e06   0x08005e06   0x00000002   Code   RO         3418    i.HAL_TIMEx_CommutCallback  stm32f7xx_hal_tim_ex.o
    0x08005e08   0x08005e08   0x00000036   Code   RO         2731    i.HAL_TIM_Base_Init  stm32f7xx_hal_tim.o
    0x08005e3e   0x08005e3e   0x00000002   PAD
    0x08005e40   0x08005e40   0x0000003c   Code   RO          861    i.HAL_TIM_Base_MspInit  stm32f7xx_hal_msp.o
    0x08005e7c   0x08005e7c   0x0000002c   Code   RO         2736    i.HAL_TIM_Base_Start_IT  stm32f7xx_hal_tim.o
    0x08005ea8   0x08005ea8   0x00000002   Code   RO         2760    i.HAL_TIM_IC_CaptureCallback  stm32f7xx_hal_tim.o
    0x08005eaa   0x08005eaa   0x00000182   Code   RO         2774    i.HAL_TIM_IRQHandler  stm32f7xx_hal_tim.o
    0x0800602c   0x0800602c   0x00000002   Code   RO         2777    i.HAL_TIM_OC_DelayElapsedCallback  stm32f7xx_hal_tim.o
    0x0800602e   0x0800602e   0x00000002   Code   RO         2804    i.HAL_TIM_PWM_PulseFinishedCallback  stm32f7xx_hal_tim.o
    0x08006030   0x08006030   0x0000004c   Code   RO          624    i.HAL_TIM_PeriodElapsedCallback  main.o
    0x0800607c   0x0800607c   0x00000002   Code   RO         2817    i.HAL_TIM_TriggerCallback  stm32f7xx_hal_tim.o
    0x0800607e   0x0800607e   0x00000002   Code   RO          739    i.HardFault_Handler  stm32f7xx_it.o
    0x08006080   0x08006080   0x00000022   Code   RO         4708    i.I2C_Flush_TXDR    stm32f7xx_hal_i2c.o
    0x080060a2   0x080060a2   0x00000002   PAD
    0x080060a4   0x080060a4   0x00000088   Code   RO         4716    i.I2C_IsAcknowledgeFailed  stm32f7xx_hal_i2c.o
    0x0800612c   0x0800612c   0x00000064   Code   RO         4719    i.I2C_RequestMemoryRead  stm32f7xx_hal_i2c.o
    0x08006190   0x08006190   0x00000064   Code   RO         4720    i.I2C_RequestMemoryWrite  stm32f7xx_hal_i2c.o
    0x080061f4   0x080061f4   0x0000002c   Code   RO         4723    i.I2C_TransferConfig  stm32f7xx_hal_i2c.o
    0x08006220   0x08006220   0x0000005a   Code   RO         4724    i.I2C_WaitOnFlagUntilTimeout  stm32f7xx_hal_i2c.o
    0x0800627a   0x0800627a   0x0000004e   Code   RO         4726    i.I2C_WaitOnSTOPFlagUntilTimeout  stm32f7xx_hal_i2c.o
    0x080062c8   0x080062c8   0x00000052   Code   RO         4727    i.I2C_WaitOnTXISFlagUntilTimeout  stm32f7xx_hal_i2c.o
    0x0800631a   0x0800631a   0x00000012   Code   RO         5271    i.I2Cx_Error        stm32746g_discovery.o
    0x0800632c   0x0800632c   0x00000050   Code   RO         5272    i.I2Cx_Init         stm32746g_discovery.o
    0x0800637c   0x0800637c   0x00000124   Code   RO         5273    i.I2Cx_MspInit      stm32746g_discovery.o
    0x080064a0   0x080064a0   0x0000002a   Code   RO         5274    i.I2Cx_ReadMultiple  stm32746g_discovery.o
    0x080064ca   0x080064ca   0x0000002a   Code   RO         5275    i.I2Cx_WriteMultiple  stm32746g_discovery.o
    0x080064f4   0x080064f4   0x0000002e   Code   RO          625    i.LCD_Multieffect_Init  main.o
    0x08006522   0x08006522   0x00000002   PAD
    0x08006524   0x08006524   0x00000080   Code   RO         5518    i.LL_FillBuffer     stm32746g_discovery_lcd.o
    0x080065a4   0x080065a4   0x0000000c   Code   RO          740    i.LTDC_IRQHandler   stm32f7xx_it.o
    0x080065b0   0x080065b0   0x000001d0   Code   RO          954    i.LTDC_SetConfig    stm32f7xx_hal_ltdc.o
    0x08006780   0x08006780   0x00000188   Code   RO          626    i.MainWindow_Touch_Detection  main.o
    0x08006908   0x08006908   0x00000002   Code   RO          741    i.MemManage_Handler  stm32f7xx_it.o
    0x0800690a   0x0800690a   0x00000002   PAD
    0x0800690c   0x0800690c   0x00000160   Code   RO          627    i.Multieffect       main.o
    0x08006a6c   0x08006a6c   0x00000002   Code   RO          742    i.NMI_Handler       stm32f7xx_it.o
    0x08006a6e   0x08006a6e   0x00000002   PAD
    0x08006a70   0x08006a70   0x0000004c   Code   RO          398    i.Overdrive         overdrive.o
    0x08006abc   0x08006abc   0x000000cc   Code   RO          399    i.OverdriveWindow_Touch_Detection  overdrive.o
    0x08006b88   0x08006b88   0x00000002   Code   RO          743    i.PendSV_Handler    stm32f7xx_it.o
    0x08006b8a   0x08006b8a   0x00000002   PAD
    0x08006b8c   0x08006b8c   0x00000264   Code   RO          457    i.PitchShifterWindow_Touch_Detection  pitch_shifter.o
    0x08006df0   0x08006df0   0x0000014c   Code   RO          512    i.ReverbWindow_Touch_Detection  reverb.o
    0x08006f3c   0x08006f3c   0x00000044   Code   RO         1880    i.SAI_DMAError      stm32f7xx_hal_sai.o
    0x08006f80   0x08006f80   0x0000003a   Code   RO         1881    i.SAI_DMARxCplt     stm32f7xx_hal_sai.o
    0x08006fba   0x08006fba   0x0000000a   Code   RO         1882    i.SAI_DMARxHalfCplt  stm32f7xx_hal_sai.o
    0x08006fc4   0x08006fc4   0x0000003c   Code   RO         1883    i.SAI_DMATxCplt     stm32f7xx_hal_sai.o
    0x08007000   0x08007000   0x0000000a   Code   RO         1884    i.SAI_DMATxHalfCplt  stm32f7xx_hal_sai.o
    0x0800700a   0x0800700a   0x00000002   PAD
    0x0800700c   0x0800700c   0x00000040   Code   RO         1885    i.SAI_Disable       stm32f7xx_hal_sai.o
    0x0800704c   0x0800704c   0x00000032   Code   RO         1889    i.SAI_InterruptFlag  stm32f7xx_hal_sai.o
    0x0800707e   0x0800707e   0x00000002   PAD
    0x08007080   0x08007080   0x0000001c   Code   RO         6031    i.SAIx_In_DeInit    stm32746g_discovery_audio.o
    0x0800709c   0x0800709c   0x000000d8   Code   RO         6032    i.SAIx_In_Init      stm32746g_discovery_audio.o
    0x08007174   0x08007174   0x0000001c   Code   RO         6033    i.SAIx_Out_DeInit   stm32746g_discovery_audio.o
    0x08007190   0x08007190   0x00000002   Code   RO          744    i.SVC_Handler       stm32f7xx_it.o
    0x08007192   0x08007192   0x00000004   Code   RO          745    i.SysTick_Handler   stm32f7xx_it.o
    0x08007196   0x08007196   0x00000002   PAD
    0x08007198   0x08007198   0x00000088   Code   RO          629    i.SystemClock_Config  main.o
    0x08007220   0x08007220   0x00000054   Code   RO         5210    i.SystemInit        system_stm32f7xx.o
    0x08007274   0x08007274   0x0000000c   Code   RO          746    i.TIM1_UP_TIM10_IRQHandler  stm32f7xx_it.o
    0x08007280   0x08007280   0x000000cc   Code   RO         2819    i.TIM_Base_SetConfig  stm32f7xx_hal_tim.o
    0x0800734c   0x0800734c   0x00000004   Code   RO         5276    i.TS_IO_Delay       stm32746g_discovery.o
    0x08007350   0x08007350   0x0000000c   Code   RO         5277    i.TS_IO_Init        stm32746g_discovery.o
    0x0800735c   0x0800735c   0x00000028   Code   RO         5278    i.TS_IO_Read        stm32746g_discovery.o
    0x08007384   0x08007384   0x00000020   Code   RO         5279    i.TS_IO_Write       stm32746g_discovery.o
    0x080073a4   0x080073a4   0x00000170   Code   RO          567    i.TremoloWindow_Touch_Detection  tremolo.o
    0x08007514   0x08007514   0x00000002   Code   RO          747    i.UsageFault_Handler  stm32f7xx_it.o
    0x08007516   0x08007516   0x00000002   PAD
    0x08007518   0x08007518   0x000000e4   Code   RO           15    i.VolumeWindow_Touch_Detection  volume.o
    0x080075fc   0x080075fc   0x00000028   Code   RO         6709    i.__0sprintf        mc_w.l(printfa.o)
    0x08007624   0x08007624   0x00000022   Code   RO         2309    i.__NVIC_SetPriority  stm32f7xx_hal_cortex.o
    0x08007646   0x08007646   0x0000000e   Code   RO         6783    i.__scatterload_copy  mc_w.l(handlers.o)
    0x08007654   0x08007654   0x00000002   Code   RO         6784    i.__scatterload_null  mc_w.l(handlers.o)
    0x08007656   0x08007656   0x0000000e   Code   RO         6785    i.__scatterload_zeroinit  mc_w.l(handlers.o)
    0x08007664   0x08007664   0x00000164   Code   RO         6714    i._fp_digits        mc_w.l(printfa.o)
    0x080077c8   0x080077c8   0x000006dc   Code   RO         6715    i._printf_core      mc_w.l(printfa.o)
    0x08007ea4   0x08007ea4   0x00000024   Code   RO         6716    i._printf_post_padding  mc_w.l(printfa.o)
    0x08007ec8   0x08007ec8   0x0000002e   Code   RO         6717    i._printf_pre_padding  mc_w.l(printfa.o)
    0x08007ef6   0x08007ef6   0x0000000a   Code   RO         6719    i._sputc            mc_w.l(printfa.o)
    0x08007f00   0x08007f00   0x00000018   Code   RO         6259    i.ft5336_I2C_InitializeIfRequired  ft5336.o
    0x08007f18   0x08007f18   0x00000010   Code   RO         6260    i.ft5336_Init       ft5336.o
    0x08007f28   0x08007f28   0x0000003a   Code   RO         6261    i.ft5336_ReadID     ft5336.o
    0x08007f62   0x08007f62   0x00000002   Code   RO         6262    i.ft5336_Reset      ft5336.o
    0x08007f64   0x08007f64   0x00000002   Code   RO         6263    i.ft5336_TS_ClearIT  ft5336.o
    0x08007f66   0x08007f66   0x00000002   PAD
    0x08007f68   0x08007f68   0x00000040   Code   RO         6264    i.ft5336_TS_DetectTouch  ft5336.o
    0x08007fa8   0x08007fa8   0x0000000a   Code   RO         6265    i.ft5336_TS_DisableIT  ft5336.o
    0x08007fb2   0x08007fb2   0x0000000a   Code   RO         6266    i.ft5336_TS_EnableIT  ft5336.o
    0x08007fbc   0x08007fbc   0x0000001e   Code   RO         6267    i.ft5336_TS_GetGestureID  ft5336.o
    0x08007fda   0x08007fda   0x00000002   PAD
    0x08007fdc   0x08007fdc   0x000000cc   Code   RO         6268    i.ft5336_TS_GetTouchInfo  ft5336.o
    0x080080a8   0x080080a8   0x00000120   Code   RO         6269    i.ft5336_TS_GetXY   ft5336.o
    0x080081c8   0x080081c8   0x00000004   Code   RO         6270    i.ft5336_TS_ITStatus  ft5336.o
    0x080081cc   0x080081cc   0x00000004   Code   RO         6271    i.ft5336_TS_Start   ft5336.o
    0x080081d0   0x080081d0   0x00000164   Code   RO          630    i.main              main.o
    0x08008334   0x08008334   0x00000004   Code   RO         6350    i.wm8994_DeInit     wm8994.o
    0x08008338   0x08008338   0x00000600   Code   RO         6351    i.wm8994_Init       wm8994.o
    0x08008938   0x08008938   0x0000001a   Code   RO         6353    i.wm8994_Pause      wm8994.o
    0x08008952   0x08008952   0x00000006   Code   RO         6354    i.wm8994_Play       wm8994.o
    0x08008958   0x08008958   0x00000014   Code   RO         6355    i.wm8994_ReadID     wm8994.o
    0x0800896c   0x0800896c   0x0000001c   Code   RO         6356    i.wm8994_Reset      wm8994.o
    0x08008988   0x08008988   0x00000006   Code   RO         6357    i.wm8994_Resume     wm8994.o
    0x0800898e   0x0800898e   0x00000082   Code   RO         6358    i.wm8994_SetFrequency  wm8994.o
    0x08008a10   0x08008a10   0x00000058   Code   RO         6359    i.wm8994_SetMute    wm8994.o
    0x08008a68   0x08008a68   0x000000bc   Code   RO         6360    i.wm8994_SetOutputMode  wm8994.o
    0x08008b24   0x08008b24   0x000000b4   Code   RO         6361    i.wm8994_SetVolume  wm8994.o
    0x08008bd8   0x08008bd8   0x0000007c   Code   RO         6362    i.wm8994_Stop       wm8994.o
    0x08008c54   0x08008c54   0x00000008   Data   RO         4104    .constdata          stm32f7xx_hal_dma.o
    0x08008c5c   0x08008c5c   0x00000010   Data   RO         5211    .constdata          system_stm32f7xx.o
    0x08008c6c   0x08008c6c   0x00000018   Data   RO         5281    .constdata          stm32746g_discovery.o
    0x08008c84   0x08008c84   0x00001ab8   Data   RO         5520    .constdata          stm32746g_discovery_lcd.o
    0x0800a73c   0x0800a73c   0x00000be0   Data   RO         5522    .constdata          stm32746g_discovery_lcd.o
    0x0800b31c   0x0800b31c   0x00000474   Data   RO         5523    .constdata          stm32746g_discovery_lcd.o
    0x0800b790   0x0800b790   0x00000020   Data   RO         6781    Region$$Table       anon$$obj.o


    Execution Region RW_IRAM1 (Exec base: 0x20000000, Load base: 0x0800b7b0, Size: 0x00001070, Max: 0x00050000, ABSOLUTE, COMPRESSED[0x000000f8])

    Exec Addr    Load Addr    Size         Type   Attr      Idx    E Section Name        Object

    0x20000000   COMPRESSED   0x00000005   Data   RW           16    .data               volume.o
    0x20000005   COMPRESSED   0x00000003   PAD
    0x20000008   COMPRESSED   0x00000038   Data   RW          235    .data               chorus.o
    0x20000040   COMPRESSED   0x00000018   Data   RW          290    .data               delay.o
    0x20000058   COMPRESSED   0x00000020   Data   RW          345    .data               flanger.o
    0x20000078   COMPRESSED   0x00000010   Data   RW          400    .data               overdrive.o
    0x20000088   COMPRESSED   0x00000018   Data   RW          458    .data               pitch_shifter.o
    0x200000a0   COMPRESSED   0x00000018   Data   RW          513    .data               reverb.o
    0x200000b8   COMPRESSED   0x00000018   Data   RW          568    .data               tremolo.o
    0x200000d0   COMPRESSED   0x0000007c   Data   RW          633    .data               main.o
    0x2000014c   COMPRESSED   0x0000000c   Data   RW         4481    .data               stm32f7xx_hal.o
    0x20000158   COMPRESSED   0x00000004   Data   RW         5213    .data               system_stm32f7xx.o
    0x2000015c   COMPRESSED   0x00000018   Data   RW         5282    .data               stm32746g_discovery.o
    0x20000174   COMPRESSED   0x0000000c   Data   RW         5525    .data               stm32746g_discovery_lcd.o
    0x20000180   COMPRESSED   0x00000008   Data   RW         5527    .data               stm32746g_discovery_lcd.o
    0x20000188   COMPRESSED   0x00000008   Data   RW         5528    .data               stm32746g_discovery_lcd.o
    0x20000190   COMPRESSED   0x00000002   Data   RW         5854    .data               stm32746g_discovery_sdram.o
    0x20000192   COMPRESSED   0x00000002   PAD
    0x20000194   COMPRESSED   0x0000000c   Data   RW         5934    .data               stm32746g_discovery_ts.o
    0x200001a0   COMPRESSED   0x00000008   Data   RW         6037    .data               stm32746g_discovery_audio.o
    0x200001a8   COMPRESSED   0x00000028   Data   RW         6272    .data               ft5336.o
    0x200001d0   COMPRESSED   0x00000005   Data   RW         6273    .data               ft5336.o
    0x200001d5   COMPRESSED   0x00000003   PAD
    0x200001d8   COMPRESSED   0x00000030   Data   RW         6363    .data               wm8994.o
    0x20000208   COMPRESSED   0x0000000c   Data   RW         6364    .data               wm8994.o
    0x20000214        -       0x000004d0   Zero   RW          631    .bss                main.o
    0x200006e4        -       0x00000098   Zero   RW         5280    .bss                stm32746g_discovery.o
    0x2000077c        -       0x00000184   Zero   RW         5519    .bss                stm32746g_discovery_lcd.o
    0x20000900        -       0x00000120   Zero   RW         5853    .bss                stm32746g_discovery_sdram.o
    0x20000a20        -       0x00000028   Zero   RW         5933    .bss                stm32746g_discovery_ts.o
    0x20000a48        -       0x00000228   Zero   RW         6035    .bss                stm32746g_discovery_audio.o
    0x20000c70        -       0x00000400   Zero   RW            1    STACK               startup_stm32f746xx.o


==============================================================================

Image component sizes


      Code (inc. data)   RO Data    RW Data    ZI Data      Debug   Object Name

      1784        264          0         56          0       4631   chorus.o
      1188        218          0         24          0       3953   delay.o
      1380        228          0         32          0       4215   flanger.o
       716         38          0         45          0      15087   ft5336.o
      1722        210          0        124       1232      44596   main.o
       940        192          0         16          0       4411   overdrive.o
      1484        266          0         24          0       4388   pitch_shifter.o
      1348        236          0         24          0       4298   reverb.o
        36          8        456          0       1024        892   startup_stm32f746xx.o
       936        118         24         24        152      13043   stm32746g_discovery.o
      1352        126          0          8        552      15636   stm32746g_discovery_audio.o
      1732        202      11020         28        388      19484   stm32746g_discovery_lcd.o
       612         54          0          2        288       4568   stm32746g_discovery_sdram.o
       520         22          0         12         40       3487   stm32746g_discovery_ts.o
       150         24          0         12          0       9401   stm32f7xx_hal.o
       198         12          0          0          0      38931   stm32f7xx_hal_cortex.o
       120          6          0          0          0       1219   stm32f7xx_hal_crc.o
        78          0          0          0          0       1263   stm32f7xx_hal_crc_ex.o
      1028         16          8          0          0       6372   stm32f7xx_hal_dma.o
       718          4          0          0          0       4931   stm32f7xx_hal_dma2d.o
       518         60          0          0          0       4439   stm32f7xx_hal_gpio.o
      1610         38          0          0          0      13456   stm32f7xx_hal_i2c.o
      1008          6          0          0          0       6929   stm32f7xx_hal_ltdc.o
       256         36          0          0          0       2859   stm32f7xx_hal_msp.o
       108          8          0          0          0       1376   stm32f7xx_hal_pwr_ex.o
      1224         44          0          0          0       3930   stm32f7xx_hal_rcc.o
      1872         46          0          0          0       4212   stm32f7xx_hal_rcc_ex.o
      1228         50          0          0          0      10430   stm32f7xx_hal_sai.o
       150          0          0          0          0       3316   stm32f7xx_hal_sdram.o
       696         50          0          0          0       7089   stm32f7xx_hal_tim.o
         6          0          0          0          0       2376   stm32f7xx_hal_tim_ex.o
       122         30          0          0          0       8758   stm32f7xx_it.o
       278          6          0          0          0       3448   stm32f7xx_ll_fmc.o
        84         16         16          4          0       1391   system_stm32f7xx.o
      1228        230          0         24          0       4023   tremolo.o
       740        242          0          5          0     870043   volume.o
      2346         26          0         60          0      10422   wm8994.o

    ----------------------------------------------------------------------
     31572       3132      11556        532       3676    1163303   Object Totals
         0          0         32          0          0          0   (incl. Generated)
        56          0          0          8          0          0   (incl. Padding)

    ----------------------------------------------------------------------

      Code (inc. data)   RO Data    RW Data    ZI Data      Debug   Library Member Name

        86          0          0          0          0          0   __dczerorl2.o
         0          0          0          0          0          0   entry.o
         0          0          0          0          0          0   entry10a.o
         0          0          0          0          0          0   entry11a.o
         8          4          0          0          0          0   entry2.o
         4          0          0          0          0          0   entry5.o
         0          0          0          0          0          0   entry7b.o
         0          0          0          0          0          0   entry8b.o
         8          4          0          0          0          0   entry9a.o
        30          0          0          0          0          0   handlers.o
        36          8          0          0          0         68   init.o
         0          0          0          0          0          0   iusefp.o
        30          0          0          0          0         68   llshl.o
        36          0          0          0          0         68   llsshr.o
        32          0          0          0          0         68   llushr.o
        36          0          0          0          0         68   memcpya.o
        36          0          0          0          0        108   memseta.o
      2244         86          0          0          0        512   printfa.o
        44          0          0          0          0         80   uidiv.o
        98          0          0          0          0         92   uldiv.o
        48          0          0          0          0         68   cdcmple.o
        48          0          0          0          0         68   cdrcmple.o
       334          0          0          0          0        148   dadd.o
       222          0          0          0          0        100   ddiv.o
       186          0          0          0          0        176   depilogue.o
        50          0          0          0          0         76   dfixui.o
        48          0          0          0          0         68   dfixul.o
       228          0          0          0          0         96   dmul.o

    ----------------------------------------------------------------------
      3896        102          0          0          0       1932   Library Totals
         4          0          0          0          0          0   (incl. Padding)

    ----------------------------------------------------------------------

      Code (inc. data)   RO Data    RW Data    ZI Data      Debug   Library Name

      2728        102          0          0          0       1132   mc_w.l
      1164          0          0          0          0        800   mf_w.l

    ----------------------------------------------------------------------
      3896        102          0          0          0       1932   Library Totals

    ----------------------------------------------------------------------

==============================================================================


      Code (inc. data)   RO Data    RW Data    ZI Data      Debug   

     35468       3234      11556        532       3676    1140679   Grand Totals
     35468       3234      11556        248       3676    1140679   ELF Image Totals (compressed)
     35468       3234      11556        248          0          0   ROM Totals

==============================================================================

    Total RO  Size (Code + RO Data)                47024 (  45.92kB)
    Total RW  Size (RW Data + ZI Data)              4208 (   4.11kB)
    Total ROM Size (Code + RO Data + RW Data)      47272 (  46.16kB)

==============================================================================

